Archive member included to satisfy reference by file (symbol)

/home/melody/work/Doiting_BL/bl_iot_sdk/customer_app/sdk_app_uart_echo/build_out/bl602/libbl602.a(start.o)
                              (bl602_start)
/home/melody/work/Doiting_BL/bl_iot_sdk/customer_app/sdk_app_uart_echo/build_out/hal_drv/libhal_drv.a(hal_boot2.o)
                              /home/melody/work/Doiting_BL/bl_iot_sdk/customer_app/sdk_app_uart_echo/build_out/bl602/libbl602.a(start.o) (hal_boot2_get_flash_addr)
/home/melody/work/Doiting_BL/bl_iot_sdk/customer_app/sdk_app_uart_echo/build_out/hal_drv/libhal_drv.a(bl_boot2.o)
                              /home/melody/work/Doiting_BL/bl_iot_sdk/customer_app/sdk_app_uart_echo/build_out/hal_drv/libhal_drv.a(hal_boot2.o) (PtTable_Update_Entry)
/home/melody/work/Doiting_BL/bl_iot_sdk/customer_app/sdk_app_uart_echo/build_out/hal_drv/libhal_drv.a(bl_flash.o)
                              /home/melody/work/Doiting_BL/bl_iot_sdk/customer_app/sdk_app_uart_echo/build_out/hal_drv/libhal_drv.a(bl_boot2.o) (bl_flash_erase)
/home/melody/work/Doiting_BL/bl_iot_sdk/customer_app/sdk_app_uart_echo/build_out/sdk_app_uart_echo/libsdk_app_uart_echo.a(main.o)
                              /home/melody/work/Doiting_BL/bl_iot_sdk/customer_app/sdk_app_uart_echo/build_out/bl602/libbl602.a(start.o) (bfl_main)
/home/melody/work/Doiting_BL/bl_iot_sdk/customer_app/sdk_app_uart_echo/build_out/sdk_app_uart_echo/libsdk_app_uart_echo.a(demo.o)
                              /home/melody/work/Doiting_BL/bl_iot_sdk/customer_app/sdk_app_uart_echo/build_out/sdk_app_uart_echo/libsdk_app_uart_echo.a(main.o) (ci_loop_proc)
/home/melody/work/Doiting_BL/bl_iot_sdk/customer_app/sdk_app_uart_echo/build_out/utils/libutils.a(utils_log.o)
                              /home/melody/work/Doiting_BL/bl_iot_sdk/customer_app/sdk_app_uart_echo/build_out/sdk_app_uart_echo/libsdk_app_uart_echo.a(main.o) (bl_printk)
/home/melody/work/Doiting_BL/bl_iot_sdk/customer_app/sdk_app_uart_echo/build_out/vfs/libvfs.a(vfs.o)
                              /home/melody/work/Doiting_BL/bl_iot_sdk/customer_app/sdk_app_uart_echo/build_out/sdk_app_uart_echo/libsdk_app_uart_echo.a(main.o) (vfs_init)
/home/melody/work/Doiting_BL/bl_iot_sdk/customer_app/sdk_app_uart_echo/build_out/vfs/libvfs.a(vfs_file.o)
                              /home/melody/work/Doiting_BL/bl_iot_sdk/customer_app/sdk_app_uart_echo/build_out/vfs/libvfs.a(vfs.o) (new_file)
/home/melody/work/Doiting_BL/bl_iot_sdk/customer_app/sdk_app_uart_echo/build_out/vfs/libvfs.a(vfs_inode.o)
                              /home/melody/work/Doiting_BL/bl_iot_sdk/customer_app/sdk_app_uart_echo/build_out/vfs/libvfs.a(vfs.o) (inode_init)
/home/melody/work/Doiting_BL/bl_iot_sdk/customer_app/sdk_app_uart_echo/build_out/yloop/libyloop.a(yloop.o)
                              /home/melody/work/Doiting_BL/bl_iot_sdk/customer_app/sdk_app_uart_echo/build_out/sdk_app_uart_echo/libsdk_app_uart_echo.a(main.o) (aos_loop_init)
/home/melody/work/Doiting_BL/bl_iot_sdk/customer_app/sdk_app_uart_echo/build_out/yloop/libyloop.a(select.o)
                              /home/melody/work/Doiting_BL/bl_iot_sdk/customer_app/sdk_app_uart_echo/build_out/yloop/libyloop.a(yloop.o) (aos_poll)
/home/melody/work/Doiting_BL/bl_iot_sdk/customer_app/sdk_app_uart_echo/build_out/yloop/libyloop.a(aos_freertos.o)
                              /home/melody/work/Doiting_BL/bl_iot_sdk/customer_app/sdk_app_uart_echo/build_out/sdk_app_uart_echo/libsdk_app_uart_echo.a(demo.o) (aos_task_new)
/home/melody/work/Doiting_BL/bl_iot_sdk/customer_app/sdk_app_uart_echo/build_out/yloop/libyloop.a(device.o)
                              /home/melody/work/Doiting_BL/bl_iot_sdk/customer_app/sdk_app_uart_echo/build_out/sdk_app_uart_echo/libsdk_app_uart_echo.a(main.o) (vfs_device_init)
/home/melody/work/Doiting_BL/bl_iot_sdk/customer_app/sdk_app_uart_echo/build_out/yloop/libyloop.a(local_event.o)
                              /home/melody/work/Doiting_BL/bl_iot_sdk/customer_app/sdk_app_uart_echo/build_out/yloop/libyloop.a(yloop.o) (aos_event_service_init)
/home/melody/work/Doiting_BL/bl_iot_sdk/customer_app/sdk_app_uart_echo/build_out/bl602/libbl602.a(debug.o)
                              /home/melody/work/Doiting_BL/bl_iot_sdk/customer_app/sdk_app_uart_echo/build_out/utils/libutils.a(utils_log.o) (vprint)
/home/melody/work/Doiting_BL/bl_iot_sdk/customer_app/sdk_app_uart_echo/build_out/bl602_std/libbl602_std.a(softcrc.o)
                              /home/melody/work/Doiting_BL/bl_iot_sdk/customer_app/sdk_app_uart_echo/build_out/hal_drv/libhal_drv.a(bl_boot2.o) (BFLB_Soft_CRC32)
/home/melody/work/Doiting_BL/bl_iot_sdk/customer_app/sdk_app_uart_echo/build_out/blfdt/libblfdt.a(fdt_ro.o)
                              /home/melody/work/Doiting_BL/bl_iot_sdk/customer_app/sdk_app_uart_echo/build_out/sdk_app_uart_echo/libsdk_app_uart_echo.a(main.o) (fdt_subnode_offset)
[...]
Memory Configuration

Name             Origin             Length             Attributes
rom              0x0000000021015000 0x000000000000b000 axrl !w
flash            0x0000000023000000 0x0000000000400000 axrl !w
ram_tcm          0x000000004200c000 0x0000000000036000 axw
ram_wifi         0x0000000042042000 0x000000000000a000 axw
*default*        0x0000000000000000 0xffffffffffffffff

Linker script and memory map

START GROUP
LOAD /home/melody/work/Doiting_BL/bl_iot_sdk/customer_app/sdk_app_uart_echo/build_out/bl602/libbl602.a
LOAD /home/melody/work/Doiting_BL/bl_iot_sdk/customer_app/sdk_app_uart_echo/build_out/bl602_std/libbl602_std.a
LOAD /home/melody/work/Doiting_BL/bl_iot_sdk/customer_app/sdk_app_uart_echo/build_out/blfdt/libblfdt.a
LOAD /home/melody/work/Doiting_BL/bl_iot_sdk/customer_app/sdk_app_uart_echo/build_out/blmtd/libblmtd.a
LOAD /home/melody/work/Doiting_BL/bl_iot_sdk/customer_app/sdk_app_uart_echo/build_out/blog/libblog.a
LOAD /home/melody/work/Doiting_BL/bl_iot_sdk/customer_app/sdk_app_uart_echo/build_out/blog_testc/libblog_testc.a
LOAD /home/melody/work/Doiting_BL/bl_iot_sdk/customer_app/sdk_app_uart_echo/build_out/bloop/libbloop.a
LOAD /home/melody/work/Doiting_BL/bl_iot_sdk/customer_app/sdk_app_uart_echo/build_out/bltime/libbltime.a
LOAD /home/melody/work/Doiting_BL/bl_iot_sdk/customer_app/sdk_app_uart_echo/build_out/cli/libcli.a
LOAD /home/melody/work/Doiting_BL/bl_iot_sdk/customer_app/sdk_app_uart_echo/build_out/easyflash4/libeasyflash4.a
LOAD /home/melody/work/Doiting_BL/bl_iot_sdk/customer_app/sdk_app_uart_echo/build_out/freertos_riscv_ram/libfreertos_riscv_ram.a
LOAD /home/melody/work/Doiting_BL/bl_iot_sdk/customer_app/sdk_app_uart_echo/build_out/hal_drv/libhal_drv.a
LOAD /home/melody/work/Doiting_BL/bl_iot_sdk/customer_app/sdk_app_uart_echo/build_out/looprt/liblooprt.a
LOAD /home/melody/work/Doiting_BL/bl_iot_sdk/customer_app/sdk_app_uart_echo/build_out/loopset/libloopset.a
LOAD /home/melody/work/Doiting_BL/bl_iot_sdk/customer_app/sdk_app_uart_echo/build_out/romfs/libromfs.a
LOAD /home/melody/work/Doiting_BL/bl_iot_sdk/customer_app/sdk_app_uart_echo/build_out/sdk_app_uart_echo/libsdk_app_uart_echo.a
LOAD /home/melody/work/Doiting_BL/bl_iot_sdk/customer_app/sdk_app_uart_echo/build_out/utils/libutils.a
LOAD /home/melody/work/Doiting_BL/bl_iot_sdk/customer_app/sdk_app_uart_echo/build_out/vfs/libvfs.a
LOAD /home/melody/work/Doiting_BL/bl_iot_sdk/customer_app/sdk_app_uart_echo/build_out/yloop/libyloop.a
END GROUP
LOAD /home/melody/work/Doiting_BL/bl_iot_sdk/toolchain/riscv/Linux/bin/../lib/gcc/riscv64-unknown-elf/8.3.0/../../../../riscv64-unknown-elf/lib/rv32imf/ilp32f/libm.a
LOAD /home/melody/work/Doiting_BL/bl_iot_sdk/toolchain/riscv/Linux/bin/../lib/gcc/riscv64-unknown-elf/8.3.0/rv32imf/ilp32f/libgcc.a
START GROUP
LOAD /home/melody/work/Doiting_BL/bl_iot_sdk/toolchain/riscv/Linux/bin/../lib/gcc/riscv64-unknown-elf/8.3.0/../../../../riscv64-unknown-elf/lib/rv32imf/ilp32f/libc.a
LOAD /home/melody/work/Doiting_BL/bl_iot_sdk/toolchain/riscv/Linux/bin/../lib/gcc/riscv64-unknown-elf/8.3.0/../../../../riscv64-unknown-elf/lib/rv32imf/ilp32f/libgloss.a
END GROUP
LOAD /home/melody/work/Doiting_BL/bl_iot_sdk/toolchain/riscv/Linux/bin/../lib/gcc/riscv64-unknown-elf/8.3.0/rv32imf/ilp32f/libgcc.a
                0x0000000000000000                __EM_SIZE = DEFINED (ble_controller_init)?0x2000:0x0
                0x0000000000000800                __stack_size = DEFINED (__stack_size)?__stack_size:0x800
                0x0000000042049c00                BOOT2_PT_ADDR = 0x42049c00
                0x0000000042049c18                BOOT2_FLASHCFG_ADDR = 0x42049c18

.init           0x0000000023000000      0x242
 *(SORT_NONE(.init))
 .init          0x0000000023000000       0xf4 /home/melody/work/Doiting_BL/bl_iot_sdk/customer_app/sdk_app_uart_echo/build_out/bl602/libbl602.a(start.o)
                0x0000000023000000                bl602_start
 *fill*         0x00000000230000f4        0xc 
 .init          0x0000000023000100      0x142 /home/melody/work/Doiting_BL/bl_iot_sdk/customer_app/sdk_app_uart_echo/build_out/bl602_std/libbl602_std.a(interrupt.o)
                0x0000000023000100                __Vectors

.text           0x0000000023000300     0xe714
 *(.text.unlikely .text.unlikely.*)
 *(.text.startup .text.startup.*)
 *(.text .text.*)
 .text.hal_boot2_get_flash_addr
                0x0000000023000300       0x18 /home/melody/work/Doiting_BL/bl_iot_sdk/customer_app/sdk_app_uart_echo/build_out/hal_drv/libhal_drv.a(hal_boot2.o)
                0x0000000023000300                hal_boot2_get_flash_addr
 .text.hal_boot2_partition_bus_addr
                0x0000000023000318      0x170 /home/melody/work/Doiting_BL/bl_iot_sdk/customer_app/sdk_app_uart_echo/build_out/hal_drv/libhal_drv.a(hal_boot2.o)
                0x0000000023000318                hal_boot2_partition_bus_addr
 .text.hal_boot2_partition_bus_addr_active
                0x0000000023000488       0x3a /home/melody/work/Doiting_BL/bl_iot_sdk/customer_app/sdk_app_uart_echo/build_out/hal_drv/libhal_drv.a(hal_boot2.o)
                0x0000000023000488                hal_boot2_partition_bus_addr_active
 .text.hal_boot2_partition_addr
                0x00000000230004c2       0xb8 /home/melody/work/Doiting_BL/bl_iot_sdk/customer_app/sdk_app_uart_echo/build_out/hal_drv/libhal_drv.a(hal_boot2.o)
                0x00000000230004c2                hal_boot2_partition_addr
 .text.hal_boot2_partition_addr_active
                0x000000002300057a       0x3a /home/melody/work/Doiting_BL/bl_iot_sdk/customer_app/sdk_app_uart_echo/build_out/hal_drv/libhal_drv.a(hal_boot2.o)
                0x000000002300057a                hal_boot2_partition_addr_active
 .text.hal_boot2_init
                0x00000000230005b4       0x1a /home/melody/work/Doiting_BL/bl_iot_sdk/customer_app/sdk_app_uart_echo/build_out/hal_drv/libhal_drv.a(hal_boot2.o)
                0x00000000230005b4                hal_boot2_init
 .text.bl_flash_config_update
                0x00000000230005ce        0x4 /home/melody/work/Doiting_BL/bl_iot_sdk/customer_app/sdk_app_uart_echo/build_out/hal_drv/libhal_drv.a(bl_flash.o)
                0x00000000230005ce                bl_flash_config_update
 .text.aos_loop_proc
                0x00000000230005d2       0xde /home/melody/work/Doiting_BL/bl_iot_sdk/customer_app/sdk_app_uart_echo/build_out/sdk_app_uart_echo/libsdk_app_uart_echo.a(main.o)
 .text.vApplicationStackOverflowHook
                0x00000000230006b0       0x12 /home/melody/work/Doiting_BL/bl_iot_sdk/customer_app/sdk_app_uart_echo/build_out/sdk_app_uart_echo/libsdk_app_uart_echo.a(main.o)
                0x00000000230006b0                vApplicationStackOverflowHook
 .text.vApplicationMallocFailedHook
                0x00000000230006c2       0x18 /home/melody/work/Doiting_BL/bl_iot_sdk/customer_app/sdk_app_uart_echo/build_out/sdk_app_uart_echo/libsdk_app_uart_echo.a(main.o)
                0x00000000230006c2                vApplicationMallocFailedHook
 .text.vApplicationIdleHook
                0x00000000230006da        0x6 /home/melody/work/Doiting_BL/bl_iot_sdk/customer_app/sdk_app_uart_echo/build_out/sdk_app_uart_echo/libsdk_app_uart_echo.a(main.o)
                0x00000000230006da                vApplicationIdleHook
 .text.vApplicationGetIdleTaskMemory
                0x00000000230006e0       0x1c /home/melody/work/Doiting_BL/bl_iot_sdk/customer_app/sdk_app_uart_echo/build_out/sdk_app_uart_echo/libsdk_app_uart_echo.a(main.o)
                0x00000000230006e0                vApplicationGetIdleTaskMemory
 .text.vApplicationGetTimerTaskMemory
                0x00000000230006fc       0x1c /home/melody/work/Doiting_BL/bl_iot_sdk/customer_app/sdk_app_uart_echo/build_out/sdk_app_uart_echo/libsdk_app_uart_echo.a(main.o)
                0x00000000230006fc                vApplicationGetTimerTaskMemory
 .text.vAssertCalled
                0x0000000023000718       0x18 /home/melody/work/Doiting_BL/bl_iot_sdk/customer_app/sdk_app_uart_echo/build_out/sdk_app_uart_echo/libsdk_app_uart_echo.a(main.o)
                0x0000000023000718                vAssertCalled
 .text.bfl_main
                0x0000000023000730      0x166 /home/melody/work/Doiting_BL/bl_iot_sdk/customer_app/sdk_app_uart_echo/build_out/sdk_app_uart_echo/libsdk_app_uart_echo.a(main.o)
                0x0000000023000730                bfl_main
 .text.log_step
                0x0000000023000896       0x10 /home/melody/work/Doiting_BL/bl_iot_sdk/customer_app/sdk_app_uart_echo/build_out/sdk_app_uart_echo/libsdk_app_uart_echo.a(demo.o)
                0x0000000023000896                log_step
 .text.uart_echo_task
                0x00000000230008a6       0xf2 /home/melody/work/Doiting_BL/bl_iot_sdk/customer_app/sdk_app_uart_echo/build_out/sdk_app_uart_echo/libsdk_app_uart_echo.a(demo.o)
 .text.ci_loop_proc
                0x0000000023000998       0x22 /home/melody/work/Doiting_BL/bl_iot_sdk/customer_app/sdk_app_uart_echo/build_out/sdk_app_uart_echo/libsdk_app_uart_echo.a(demo.o)
                0x0000000023000998                ci_loop_proc
 .text.bl_printk
                0x00000000230009ba       0x2a /home/melody/work/Doiting_BL/bl_iot_sdk/customer_app/sdk_app_uart_echo/build_out/utils/libutils.a(utils_log.o)
                0x00000000230009ba                bl_printk
 .text.vfs_init
                0x00000000230009e4       0x4a /home/melody/work/Doiting_BL/bl_iot_sdk/customer_app/sdk_app_uart_echo/build_out/vfs/libvfs.a(vfs.o)
                0x00000000230009e4                vfs_init
 .text.aos_open
                0x0000000023000a2e       0xc6 /home/melody/work/Doiting_BL/bl_iot_sdk/customer_app/sdk_app_uart_echo/build_out/vfs/libvfs.a(vfs.o)
                0x0000000023000a2e                aos_open
 .text.aos_close
                0x0000000023000af4       0x58 /home/melody/work/Doiting_BL/bl_iot_sdk/customer_app/sdk_app_uart_echo/build_out/vfs/libvfs.a(vfs.o)
                0x0000000023000af4                aos_close
 .text.aos_read
                0x0000000023000b4c       0x2e /home/melody/work/Doiting_BL/bl_iot_sdk/customer_app/sdk_app_uart_echo/build_out/vfs/libvfs.a(vfs.o)
                0x0000000023000b4c                aos_read
 .text.aos_write
                0x0000000023000b7a       0x2e /home/melody/work/Doiting_BL/bl_iot_sdk/customer_app/sdk_app_uart_echo/build_out/vfs/libvfs.a(vfs.o)
                0x0000000023000b7a                aos_write
 .text.aos_ioctl
                0x0000000023000ba8       0x48 /home/melody/work/Doiting_BL/bl_iot_sdk/customer_app/sdk_app_uart_echo/build_out/vfs/libvfs.a(vfs.o)
                0x0000000023000ba8                aos_ioctl
 .text.aos_stat
                0x0000000023000bf0       0xba /home/melody/work/Doiting_BL/bl_iot_sdk/customer_app/sdk_app_uart_echo/build_out/vfs/libvfs.a(vfs.o)
                0x0000000023000bf0                aos_stat
 .text.aos_opendir
                0x0000000023000caa       0xb0 /home/melody/work/Doiting_BL/bl_iot_sdk/customer_app/sdk_app_uart_echo/build_out/vfs/libvfs.a(vfs.o)
                0x0000000023000caa                aos_opendir
 .text.aos_closedir
                0x0000000023000d5a       0x70 /home/melody/work/Doiting_BL/bl_iot_sdk/customer_app/sdk_app_uart_echo/build_out/vfs/libvfs.a(vfs.o)
                0x0000000023000d5a                aos_closedir
 .text.aos_readdir
                0x0000000023000dca       0x3a /home/melody/work/Doiting_BL/bl_iot_sdk/customer_app/sdk_app_uart_echo/build_out/vfs/libvfs.a(vfs.o)
                0x0000000023000dca                aos_readdir
 .text.new_file
                0x0000000023000e04       0x46 /home/melody/work/Doiting_BL/bl_iot_sdk/customer_app/sdk_app_uart_echo/build_out/vfs/libvfs.a(vfs_file.o)
                0x0000000023000e04                new_file
 .text.del_file
                0x0000000023000e4a       0x18 /home/melody/work/Doiting_BL/bl_iot_sdk/customer_app/sdk_app_uart_echo/build_out/vfs/libvfs.a(vfs_file.o)
                0x0000000023000e4a                del_file
 .text.get_fd   0x0000000023000e62       0x1c /home/melody/work/Doiting_BL/bl_iot_sdk/customer_app/sdk_app_uart_echo/build_out/vfs/libvfs.a(vfs_file.o)
                0x0000000023000e62                get_fd
 .text.get_file
                0x0000000023000e7e       0x26 /home/melody/work/Doiting_BL/bl_iot_sdk/customer_app/sdk_app_uart_echo/build_out/vfs/libvfs.a(vfs_file.o)
                0x0000000023000e7e                get_file
 .text.inode_init
                0x0000000023000ea4       0x1e /home/melody/work/Doiting_BL/bl_iot_sdk/customer_app/sdk_app_uart_echo/build_out/vfs/libvfs.a(vfs_inode.o)
                0x0000000023000ea4                inode_init
 .text.inode_alloc
                0x0000000023000ec2       0x1e /home/melody/work/Doiting_BL/bl_iot_sdk/customer_app/sdk_app_uart_echo/build_out/vfs/libvfs.a(vfs_inode.o)
                0x0000000023000ec2                inode_alloc
 .text.inode_open
                0x0000000023000ee0       0x86 /home/melody/work/Doiting_BL/bl_iot_sdk/customer_app/sdk_app_uart_echo/build_out/vfs/libvfs.a(vfs_inode.o)
                0x0000000023000ee0                inode_open
 .text.inode_forearch_name
                0x0000000023000f66       0x46 /home/melody/work/Doiting_BL/bl_iot_sdk/customer_app/sdk_app_uart_echo/build_out/vfs/libvfs.a(vfs_inode.o)
                0x0000000023000f66                inode_forearch_name
 .text.inode_ref
                0x0000000023000fac        0xc /home/melody/work/Doiting_BL/bl_iot_sdk/customer_app/sdk_app_uart_echo/build_out/vfs/libvfs.a(vfs_inode.o)
                0x0000000023000fac                inode_ref
 .text.inode_unref
                0x0000000023000fb8        0xe /home/melody/work/Doiting_BL/bl_iot_sdk/customer_app/sdk_app_uart_echo/build_out/vfs/libvfs.a(vfs_inode.o)
                0x0000000023000fb8                inode_unref
 .text.inode_reserve
                0x0000000023000fc6       0x8a /home/melody/work/Doiting_BL/bl_iot_sdk/customer_app/sdk_app_uart_echo/build_out/vfs/libvfs.a(vfs_inode.o)
                0x0000000023000fc6                inode_reserve
 .text.get_context
                0x0000000023001050       0x30 /home/melody/work/Doiting_BL/bl_iot_sdk/customer_app/sdk_app_uart_echo/build_out/yloop/libyloop.a(yloop.o)
 .text.aos_loop_set_eventfd
                0x0000000023001080       0x14 /home/melody/work/Doiting_BL/bl_iot_sdk/customer_app/sdk_app_uart_echo/build_out/yloop/libyloop.a(yloop.o)
                0x0000000023001080                aos_loop_set_eventfd
 .text.aos_loop_init
                0x0000000023001094       0x7c /home/melody/work/Doiting_BL/bl_iot_sdk/customer_app/sdk_app_uart_echo/build_out/yloop/libyloop.a(yloop.o)
                0x0000000023001094                aos_loop_init
 .text.aos_poll_read_fd
                0x0000000023001110       0xe4 /home/melody/work/Doiting_BL/bl_iot_sdk/customer_app/sdk_app_uart_echo/build_out/yloop/libyloop.a(yloop.o)
                0x0000000023001110                aos_poll_read_fd
 .text.aos_loop_run
                0x00000000230011f4      0x118 /home/melody/work/Doiting_BL/bl_iot_sdk/customer_app/sdk_app_uart_echo/build_out/yloop/libyloop.a(yloop.o)
                0x00000000230011f4                aos_loop_run
 .text.vfs_poll_notify
                0x000000002300130c        0x4 /home/melody/work/Doiting_BL/bl_iot_sdk/customer_app/sdk_app_uart_echo/build_out/yloop/libyloop.a(select.o)
 .text.aos_poll
                0x0000000023001310      0x132 /home/melody/work/Doiting_BL/bl_iot_sdk/customer_app/sdk_app_uart_echo/build_out/yloop/libyloop.a(select.o)
                0x0000000023001310                aos_poll
 .text.aos_fcntl
                0x0000000023001442       0x14 /home/melody/work/Doiting_BL/bl_iot_sdk/customer_app/sdk_app_uart_echo/build_out/yloop/libyloop.a(select.o)
                0x0000000023001442                aos_fcntl
 .text.dfl_entry
                0x0000000023001456       0x22 /home/melody/work/Doiting_BL/bl_iot_sdk/customer_app/sdk_app_uart_echo/build_out/yloop/libyloop.a(aos_freertos.o)
 .text.aos_task_new
                0x0000000023001478       0xba /home/melody/work/Doiting_BL/bl_iot_sdk/customer_app/sdk_app_uart_echo/build_out/yloop/libyloop.a(aos_freertos.o)
                0x0000000023001478                aos_task_new
 .text.aos_task_exit
                0x0000000023001532        0x6 /home/melody/work/Doiting_BL/bl_iot_sdk/customer_app/sdk_app_uart_echo/build_out/yloop/libyloop.a(aos_freertos.o)
                0x0000000023001532                aos_task_exit
 .text.aos_task_key_create
                0x0000000023001538       0x64 /home/melody/work/Doiting_BL/bl_iot_sdk/customer_app/sdk_app_uart_echo/build_out/yloop/libyloop.a(aos_freertos.o)
                0x0000000023001538                aos_task_key_create
 .text.aos_task_setspecific
                0x000000002300159c       0x40 /home/melody/work/Doiting_BL/bl_iot_sdk/customer_app/sdk_app_uart_echo/build_out/yloop/libyloop.a(aos_freertos.o)
                0x000000002300159c                aos_task_setspecific
 .text.aos_task_getspecific
                0x00000000230015dc       0x3a /home/melody/work/Doiting_BL/bl_iot_sdk/customer_app/sdk_app_uart_echo/build_out/yloop/libyloop.a(aos_freertos.o)
                0x00000000230015dc                aos_task_getspecific
 .text.aos_mutex_new
                0x0000000023001616       0x20 /home/melody/work/Doiting_BL/bl_iot_sdk/customer_app/sdk_app_uart_echo/build_out/yloop/libyloop.a(aos_freertos.o)
                0x0000000023001616                aos_mutex_new
 .text.aos_mutex_free
                0x0000000023001636        0x6 /home/melody/work/Doiting_BL/bl_iot_sdk/customer_app/sdk_app_uart_echo/build_out/yloop/libyloop.a(aos_freertos.o)
                0x0000000023001636                aos_mutex_free
 .text.aos_mutex_lock
                0x000000002300163c       0x18 /home/melody/work/Doiting_BL/bl_iot_sdk/customer_app/sdk_app_uart_echo/build_out/yloop/libyloop.a(aos_freertos.o)
                0x000000002300163c                aos_mutex_lock
 .text.aos_mutex_unlock
                0x0000000023001654       0x1e /home/melody/work/Doiting_BL/bl_iot_sdk/customer_app/sdk_app_uart_echo/build_out/yloop/libyloop.a(aos_freertos.o)
                0x0000000023001654                aos_mutex_unlock
 .text.aos_sem_new
                0x0000000023001672       0x1c /home/melody/work/Doiting_BL/bl_iot_sdk/customer_app/sdk_app_uart_echo/build_out/yloop/libyloop.a(aos_freertos.o)
                0x0000000023001672                aos_sem_new
 .text.aos_sem_free
                0x000000002300168e        0xa /home/melody/work/Doiting_BL/bl_iot_sdk/customer_app/sdk_app_uart_echo/build_out/yloop/libyloop.a(aos_freertos.o)
                0x000000002300168e                aos_sem_free
 .text.aos_sem_wait
                0x0000000023001698       0x20 /home/melody/work/Doiting_BL/bl_iot_sdk/customer_app/sdk_app_uart_echo/build_out/yloop/libyloop.a(aos_freertos.o)
                0x0000000023001698                aos_sem_wait
 .text.aos_sem_signal
                0x00000000230016b8       0x34 /home/melody/work/Doiting_BL/bl_iot_sdk/customer_app/sdk_app_uart_echo/build_out/yloop/libyloop.a(aos_freertos.o)
                0x00000000230016b8                aos_sem_signal
 .text.aos_malloc
                0x00000000230016ec        0x4 /home/melody/work/Doiting_BL/bl_iot_sdk/customer_app/sdk_app_uart_echo/build_out/yloop/libyloop.a(aos_freertos.o)
                0x00000000230016ec                aos_malloc
 .text.aos_free
                0x00000000230016f0        0x4 /home/melody/work/Doiting_BL/bl_iot_sdk/customer_app/sdk_app_uart_echo/build_out/yloop/libyloop.a(aos_freertos.o)
                0x00000000230016f0                aos_free
 .text.aos_now_ms
                0x00000000230016f4       0x3a /home/melody/work/Doiting_BL/bl_iot_sdk/customer_app/sdk_app_uart_echo/build_out/yloop/libyloop.a(aos_freertos.o)
                0x00000000230016f4                aos_now_ms
 .text.event_poll
                0x000000002300172e       0x56 /home/melody/work/Doiting_BL/bl_iot_sdk/customer_app/sdk_app_uart_echo/build_out/yloop/libyloop.a(device.o)
 .text.event_open
                0x0000000023001784       0x3e /home/melody/work/Doiting_BL/bl_iot_sdk/customer_app/sdk_app_uart_echo/build_out/yloop/libyloop.a(device.o)
 .text._event_write.isra.0
                0x00000000230017c2       0xac /home/melody/work/Doiting_BL/bl_iot_sdk/customer_app/sdk_app_uart_echo/build_out/yloop/libyloop.a(device.o)
 .text.event_ioctl
                0x000000002300186e       0x24 /home/melody/work/Doiting_BL/bl_iot_sdk/customer_app/sdk_app_uart_echo/build_out/yloop/libyloop.a(device.o)
 .text.event_write
                0x0000000023001892        0x6 /home/melody/work/Doiting_BL/bl_iot_sdk/customer_app/sdk_app_uart_echo/build_out/yloop/libyloop.a(device.o)
 .text.event_close
                0x0000000023001898       0x4a /home/melody/work/Doiting_BL/bl_iot_sdk/customer_app/sdk_app_uart_echo/build_out/yloop/libyloop.a(device.o)
 .text.event_read
                0x00000000230018e2       0x80 /home/melody/work/Doiting_BL/bl_iot_sdk/customer_app/sdk_app_uart_echo/build_out/yloop/libyloop.a(device.o)
 .text.vfs_device_init
                0x0000000023001962       0x3e /home/melody/work/Doiting_BL/bl_iot_sdk/customer_app/sdk_app_uart_echo/build_out/yloop/libyloop.a(device.o)
                0x0000000023001962                vfs_device_init
 .text.event_read_cb
                0x00000000230019a0       0x5a /home/melody/work/Doiting_BL/bl_iot_sdk/customer_app/sdk_app_uart_echo/build_out/yloop/libyloop.a(local_event.o)
 .text.aos_event_service_init
                0x00000000230019fa       0x42 /home/melody/work/Doiting_BL/bl_iot_sdk/customer_app/sdk_app_uart_echo/build_out/yloop/libyloop.a(local_event.o)
                0x00000000230019fa                aos_event_service_init
 .text.format_int
                0x0000000023001a3c      0x25a /home/melody/work/Doiting_BL/bl_iot_sdk/customer_app/sdk_app_uart_echo/build_out/bl602/libbl602.a(debug.o)
 .text.cvt      0x0000000023001c96      0x23a /home/melody/work/Doiting_BL/bl_iot_sdk/customer_app/sdk_app_uart_echo/build_out/bl602/libbl602.a(debug.o)
 .text.ecvtbuf  0x0000000023001ed0        0x4 /home/melody/work/Doiting_BL/bl_iot_sdk/customer_app/sdk_app_uart_echo/build_out/bl602/libbl602.a(debug.o)
                0x0000000023001ed0                ecvtbuf
 .text.fcvtbuf  0x0000000023001ed4        0x4 /home/melody/work/Doiting_BL/bl_iot_sdk/customer_app/sdk_app_uart_echo/build_out/bl602/libbl602.a(debug.o)
                0x0000000023001ed4                fcvtbuf
 .text.flt      0x0000000023001ed8      0x436 /home/melody/work/Doiting_BL/bl_iot_sdk/customer_app/sdk_app_uart_echo/build_out/bl602/libbl602.a(debug.o)
 .text.vsnprintf
                0x000000002300230e      0x4d2 /home/melody/work/Doiting_BL/bl_iot_sdk/customer_app/sdk_app_uart_echo/build_out/bl602/libbl602.a(debug.o)
                0x000000002300230e                vsnprintf
 .text.vsprintf
                0x00000000230027e0        0xc /home/melody/work/Doiting_BL/bl_iot_sdk/customer_app/sdk_app_uart_echo/build_out/bl602/libbl602.a(debug.o)
                0x00000000230027e0                vsprintf
 .text.vprint   0x00000000230027ec       0x40 /home/melody/work/Doiting_BL/bl_iot_sdk/customer_app/sdk_app_uart_echo/build_out/bl602/libbl602.a(debug.o)
                0x00000000230027ec                vprint
 .text.bl_putchar
                0x000000002300282c       0x16 /home/melody/work/Doiting_BL/bl_iot_sdk/customer_app/sdk_app_uart_echo/build_out/bl602/libbl602.a(debug.o)
                0x000000002300282c                bl_putchar
 .text.puts     0x0000000023002842       0x38 /home/melody/work/Doiting_BL/bl_iot_sdk/customer_app/sdk_app_uart_echo/build_out/bl602/libbl602.a(debug.o)
                0x0000000023002842                puts
 .text.printf   0x000000002300287a       0x2a /home/melody/work/Doiting_BL/bl_iot_sdk/customer_app/sdk_app_uart_echo/build_out/bl602/libbl602.a(debug.o)
                0x000000002300287a                printf
 .text.sprintf  0x00000000230028a4       0x22 /home/melody/work/Doiting_BL/bl_iot_sdk/customer_app/sdk_app_uart_echo/build_out/bl602/libbl602.a(debug.o)
                0x00000000230028a4                sprintf
 .text.snprintf
                0x00000000230028c6       0x1c /home/melody/work/Doiting_BL/bl_iot_sdk/customer_app/sdk_app_uart_echo/build_out/bl602/libbl602.a(debug.o)
                0x00000000230028c6                snprintf
 .text.fdt32_ld
                0x00000000230028e2       0x1e /home/melody/work/Doiting_BL/bl_iot_sdk/customer_app/sdk_app_uart_echo/build_out/blfdt/libblfdt.a(fdt_ro.o)
 .text.nextprop_.part.0
                0x0000000023002900       0x4a /home/melody/work/Doiting_BL/bl_iot_sdk/customer_app/sdk_app_uart_echo/build_out/blfdt/libblfdt.a(fdt_ro.o)
 .text.fdt_get_property_by_offset_
                0x000000002300294a       0x3e /home/melody/work/Doiting_BL/bl_iot_sdk/customer_app/sdk_app_uart_echo/build_out/blfdt/libblfdt.a(fdt_ro.o)
 .text.fdt_get_string
                0x0000000023002988       0xc8 /home/melody/work/Doiting_BL/bl_iot_sdk/customer_app/sdk_app_uart_echo/build_out/blfdt/libblfdt.a(fdt_ro.o)
                0x0000000023002988                fdt_get_string
 .text.fdt_get_name
                0x0000000023002a50       0x72 /home/melody/work/Doiting_BL/bl_iot_sdk/customer_app/sdk_app_uart_echo/build_out/blfdt/libblfdt.a(fdt_ro.o)
                0x0000000023002a50                fdt_get_name
 .text.fdt_subnode_offset_namelen
                0x0000000023002ac2       0x9a /home/melody/work/Doiting_BL/bl_iot_sdk/customer_app/sdk_app_uart_echo/build_out/blfdt/libblfdt.a(fdt_ro.o)
                0x0000000023002ac2                fdt_subnode_offset_namelen
 .text.fdt_subnode_offset
                0x0000000023002b5c       0x22 /home/melody/work/Doiting_BL/bl_iot_sdk/customer_app/sdk_app_uart_echo/build_out/blfdt/libblfdt.a(fdt_ro.o)
                0x0000000023002b5c                fdt_subnode_offset
 .text.fdt_first_property_offset
                0x0000000023002b7e       0x24 /home/melody/work/Doiting_BL/bl_iot_sdk/customer_app/sdk_app_uart_echo/build_out/blfdt/libblfdt.a(fdt_ro.o)
                0x0000000023002b7e                fdt_first_property_offset
 .text.fdt_next_property_offset
                0x0000000023002ba2       0x24 /home/melody/work/Doiting_BL/bl_iot_sdk/customer_app/sdk_app_uart_echo/build_out/blfdt/libblfdt.a(fdt_ro.o)
                0x0000000023002ba2                fdt_next_property_offset
 .text.fdt_get_property_namelen_
                0x0000000023002bc6       0x8a /home/melody/work/Doiting_BL/bl_iot_sdk/customer_app/sdk_app_uart_echo/build_out/blfdt/libblfdt.a(fdt_ro.o)
 .text.fdt_getprop_namelen
                0x0000000023002c50       0x48 /home/melody/work/Doiting_BL/bl_iot_sdk/customer_app/sdk_app_uart_echo/build_out/blfdt/libblfdt.a(fdt_ro.o)
                0x0000000023002c50                fdt_getprop_namelen
 .text.fdt_getprop
                0x0000000023002c98       0x26 /home/melody/work/Doiting_BL/bl_iot_sdk/customer_app/sdk_app_uart_echo/build_out/blfdt/libblfdt.a(fdt_ro.o)
                0x0000000023002c98                fdt_getprop
 .text.fdt_stringlist_count
                0x0000000023002cbe       0x48 /home/melody/work/Doiting_BL/bl_iot_sdk/customer_app/sdk_app_uart_echo/build_out/blfdt/libblfdt.a(fdt_ro.o)
                0x0000000023002cbe                fdt_stringlist_count
 .text.fdt_stringlist_get
                0x0000000023002d06       0x6e /home/melody/work/Doiting_BL/bl_iot_sdk/customer_app/sdk_app_uart_echo/build_out/blfdt/libblfdt.a(fdt_ro.o)
                0x0000000023002d06                fdt_stringlist_get
 .text.fdt32_ld
                0x0000000023002d74       0x1e /home/melody/work/Doiting_BL/bl_iot_sdk/customer_app/sdk_app_uart_echo/build_out/blfdt/libblfdt.a(fdt.o)
 .text.fdt_ro_probe_
                0x0000000023002d92       0x5a /home/melody/work/Doiting_BL/bl_iot_sdk/customer_app/sdk_app_uart_echo/build_out/blfdt/libblfdt.a(fdt.o)
                0x0000000023002d92                fdt_ro_probe_
 .text.fdt_offset_ptr
                0x0000000023002dec       0x6e /home/melody/work/Doiting_BL/bl_iot_sdk/customer_app/sdk_app_uart_echo/build_out/blfdt/libblfdt.a(fdt.o)
                0x0000000023002dec                fdt_offset_ptr
 .text.fdt_next_tag
                0x0000000023002e5a      0x104 /home/melody/work/Doiting_BL/bl_iot_sdk/customer_app/sdk_app_uart_echo/build_out/blfdt/libblfdt.a(fdt.o)
                0x0000000023002e5a                fdt_next_tag
 .text.fdt_check_node_offset_
                0x0000000023002f5e       0x26 /home/melody/work/Doiting_BL/bl_iot_sdk/customer_app/sdk_app_uart_echo/build_out/blfdt/libblfdt.a(fdt.o)
                0x0000000023002f5e                fdt_check_node_offset_
 .text.fdt_check_prop_offset_
                0x0000000023002f84       0x26 /home/melody/work/Doiting_BL/bl_iot_sdk/customer_app/sdk_app_uart_echo/build_out/blfdt/libblfdt.a(fdt.o)
                0x0000000023002f84                fdt_check_prop_offset_
 .text.fdt_next_node
                0x0000000023002faa       0x80 /home/melody/work/Doiting_BL/bl_iot_sdk/customer_app/sdk_app_uart_echo/build_out/blfdt/libblfdt.a(fdt.o)
                0x0000000023002faa                fdt_next_node
 .text.cmd_blog_info_dump
                0x000000002300302a      0x16c /home/melody/work/Doiting_BL/bl_iot_sdk/customer_app/sdk_app_uart_echo/build_out/blog/libblog.a(blog.o)
                0x000000002300302a                cmd_blog_info_dump
 .text.cmd_blog_set_level
                0x0000000023003196      0x1ba /home/melody/work/Doiting_BL/bl_iot_sdk/customer_app/sdk_app_uart_echo/build_out/blog/libblog.a(blog.o)
                0x0000000023003196                cmd_blog_set_level
 .text.blog_init
                0x0000000023003350       0x7c /home/melody/work/Doiting_BL/bl_iot_sdk/customer_app/sdk_app_uart_echo/build_out/blog/libblog.a(blog.o)
                0x0000000023003350                blog_init
 .text.cmd_sys_time_now
                0x00000000230033cc       0x36 /home/melody/work/Doiting_BL/bl_iot_sdk/customer_app/sdk_app_uart_echo/build_out/bltime/libbltime.a(bl_sys_time_cli.o)
 .text.bl_sys_time_cli_init
                0x0000000023003402        0x4 /home/melody/work/Doiting_BL/bl_iot_sdk/customer_app/sdk_app_uart_echo/build_out/bltime/libbltime.a(bl_sys_time_cli.o)
                0x0000000023003402                bl_sys_time_cli_init
 .text.bl_sys_time_get
                0x0000000023003406       0x50 /home/melody/work/Doiting_BL/bl_iot_sdk/customer_app/sdk_app_uart_echo/build_out/bltime/libbltime.a(bl_sys_time.o)
                0x0000000023003406                bl_sys_time_get
 .text.bl_sys_time_sync_state
                0x0000000023003456       0x62 /home/melody/work/Doiting_BL/bl_iot_sdk/customer_app/sdk_app_uart_echo/build_out/bltime/libbltime.a(bl_sys_time.o)
                0x0000000023003456                bl_sys_time_sync_state
 .text.cli_command_get
                0x00000000230034b8       0x44 /home/melody/work/Doiting_BL/bl_iot_sdk/customer_app/sdk_app_uart_echo/build_out/cli/libcli.a(cli.o)
 .text.exit_cmd
                0x00000000230034fc        0xc /home/melody/work/Doiting_BL/bl_iot_sdk/customer_app/sdk_app_uart_echo/build_out/cli/libcli.a(cli.o)
 .text.cb_idnoe
                0x0000000023003508       0x98 /home/melody/work/Doiting_BL/bl_iot_sdk/customer_app/sdk_app_uart_echo/build_out/cli/libcli.a(cli.o)
 .text.ota_cmd  0x00000000230035a0       0x18 /home/melody/work/Doiting_BL/bl_iot_sdk/customer_app/sdk_app_uart_echo/build_out/cli/libcli.a(cli.o)
 .text.tftp_ota_thread
                0x00000000230035b8        0x6 /home/melody/work/Doiting_BL/bl_iot_sdk/customer_app/sdk_app_uart_echo/build_out/cli/libcli.a(cli.o)
                0x00000000230035b8                tftp_ota_thread
 .text.cat_cmd  0x00000000230035be       0x7a /home/melody/work/Doiting_BL/bl_iot_sdk/customer_app/sdk_app_uart_echo/build_out/cli/libcli.a(cli.o)
 .text.hexdump_cmd
                0x0000000023003638       0x78 /home/melody/work/Doiting_BL/bl_iot_sdk/customer_app/sdk_app_uart_echo/build_out/cli/libcli.a(cli.o)
 .text.aos_cli_init
                0x00000000230036b0       0x62 /home/melody/work/Doiting_BL/bl_iot_sdk/customer_app/sdk_app_uart_echo/build_out/cli/libcli.a(cli.o)
                0x00000000230036b0                aos_cli_init
 .text.aos_cli_event_cb_read_get
                0x0000000023003712        0xa /home/melody/work/Doiting_BL/bl_iot_sdk/customer_app/sdk_app_uart_echo/build_out/cli/libcli.a(cli.o)
                0x0000000023003712                aos_cli_event_cb_read_get
 .text.cli_putstr
                0x000000002300371c       0x46 /home/melody/work/Doiting_BL/bl_iot_sdk/customer_app/sdk_app_uart_echo/build_out/cli/libcli.a(cli.o)
                0x000000002300371c                cli_putstr
 .text.ps_cmd   0x0000000023003762       0x8c /home/melody/work/Doiting_BL/bl_iot_sdk/customer_app/sdk_app_uart_echo/build_out/cli/libcli.a(cli.o)
 .text.aos_cli_printf
                0x00000000230037ee       0x8a /home/melody/work/Doiting_BL/bl_iot_sdk/customer_app/sdk_app_uart_echo/build_out/cli/libcli.a(cli.o)
                0x00000000230037ee                aos_cli_printf
 .text.proc_onecmd
                0x0000000023003878      0x112 /home/melody/work/Doiting_BL/bl_iot_sdk/customer_app/sdk_app_uart_echo/build_out/cli/libcli.a(cli.o)
                0x0000000023003878                proc_onecmd
 .text.ls_cmd   0x000000002300398a      0x236 /home/melody/work/Doiting_BL/bl_iot_sdk/customer_app/sdk_app_uart_echo/build_out/cli/libcli.a(cli.o)
 .text.uptime_cmd
                0x0000000023003bc0       0xb8 /home/melody/work/Doiting_BL/bl_iot_sdk/customer_app/sdk_app_uart_echo/build_out/cli/libcli.a(cli.o)
 .text.reset_cmd
                0x0000000023003c78       0x18 /home/melody/work/Doiting_BL/bl_iot_sdk/customer_app/sdk_app_uart_echo/build_out/cli/libcli.a(cli.o)
 .text.poweroff_cmd
                0x0000000023003c90       0x18 /home/melody/work/Doiting_BL/bl_iot_sdk/customer_app/sdk_app_uart_echo/build_out/cli/libcli.a(cli.o)
 .text.reboot_cmd
                0x0000000023003ca8       0x18 /home/melody/work/Doiting_BL/bl_iot_sdk/customer_app/sdk_app_uart_echo/build_out/cli/libcli.a(cli.o)
 .text.version_cmd
                0x0000000023003cc0       0xa2 /home/melody/work/Doiting_BL/bl_iot_sdk/customer_app/sdk_app_uart_echo/build_out/cli/libcli.a(cli.o)
 .text.devname_cmd
                0x0000000023003d62       0x14 /home/melody/work/Doiting_BL/bl_iot_sdk/customer_app/sdk_app_uart_echo/build_out/cli/libcli.a(cli.o)
 .text.echo_cmd
                0x0000000023003d76       0x9c /home/melody/work/Doiting_BL/bl_iot_sdk/customer_app/sdk_app_uart_echo/build_out/cli/libcli.a(cli.o)
 .text.mmem_cmd
                0x0000000023003e12       0xc4 /home/melody/work/Doiting_BL/bl_iot_sdk/customer_app/sdk_app_uart_echo/build_out/cli/libcli.a(cli.o)
 .text.pmem_cmd
                0x0000000023003ed6      0x178 /home/melody/work/Doiting_BL/bl_iot_sdk/customer_app/sdk_app_uart_echo/build_out/cli/libcli.a(cli.o)
 .text.help_cmd
                0x000000002300404e       0xe2 /home/melody/work/Doiting_BL/bl_iot_sdk/customer_app/sdk_app_uart_echo/build_out/cli/libcli.a(cli.o)
 .text.cli_getchar
                0x0000000023004130       0x46 /home/melody/work/Doiting_BL/bl_iot_sdk/customer_app/sdk_app_uart_echo/build_out/cli/libcli.a(cli.o)
                0x0000000023004130                cli_getchar
 .text.cli_main_input
                0x0000000023004176      0x7ae /home/melody/work/Doiting_BL/bl_iot_sdk/customer_app/sdk_app_uart_echo/build_out/cli/libcli.a(cli.o)
 .text.console_cb_read
                0x0000000023004924       0x40 /home/melody/work/Doiting_BL/bl_iot_sdk/customer_app/sdk_app_uart_echo/build_out/cli/libcli.a(cli.o)
 .text.prvCopyDataToQueue
                0x0000000023004964       0xa4 /home/melody/work/Doiting_BL/bl_iot_sdk/customer_app/sdk_app_uart_echo/build_out/freertos_riscv_ram/libfreertos_riscv_ram.a(queue.o)
 .text.prvCopyDataFromQueue
                0x0000000023004a08       0x1e /home/melody/work/Doiting_BL/bl_iot_sdk/customer_app/sdk_app_uart_echo/build_out/freertos_riscv_ram/libfreertos_riscv_ram.a(queue.o)
 .text.prvUnlockQueue
                0x0000000023004a26       0xb6 /home/melody/work/Doiting_BL/bl_iot_sdk/customer_app/sdk_app_uart_echo/build_out/freertos_riscv_ram/libfreertos_riscv_ram.a(queue.o)
 .text.xQueueGenericReset
                0x0000000023004adc       0x92 /home/melody/work/Doiting_BL/bl_iot_sdk/customer_app/sdk_app_uart_echo/build_out/freertos_riscv_ram/libfreertos_riscv_ram.a(queue.o)
                0x0000000023004adc                xQueueGenericReset
 .text.xQueueGenericCreateStatic
                0x0000000023004b6e       0x80 /home/melody/work/Doiting_BL/bl_iot_sdk/customer_app/sdk_app_uart_echo/build_out/freertos_riscv_ram/libfreertos_riscv_ram.a(queue.o)
                0x0000000023004b6e                xQueueGenericCreateStatic
 .text.xQueueGenericCreate
                0x0000000023004bee       0x80 /home/melody/work/Doiting_BL/bl_iot_sdk/customer_app/sdk_app_uart_echo/build_out/freertos_riscv_ram/libfreertos_riscv_ram.a(queue.o)
                0x0000000023004bee                xQueueGenericCreate
 .text.xQueueCreateCountingSemaphore
                0x0000000023004c6e       0x38 /home/melody/work/Doiting_BL/bl_iot_sdk/customer_app/sdk_app_uart_echo/build_out/freertos_riscv_ram/libfreertos_riscv_ram.a(queue.o)
                0x0000000023004c6e                xQueueCreateCountingSemaphore
 .text.xQueueGenericSend
                0x0000000023004ca6      0x158 /home/melody/work/Doiting_BL/bl_iot_sdk/customer_app/sdk_app_uart_echo/build_out/freertos_riscv_ram/libfreertos_riscv_ram.a(queue.o)
                0x0000000023004ca6                xQueueGenericSend
 .text.xQueueCreateMutexStatic
                0x0000000023004dfe       0x38 /home/melody/work/Doiting_BL/bl_iot_sdk/customer_app/sdk_app_uart_echo/build_out/freertos_riscv_ram/libfreertos_riscv_ram.a(queue.o)
                0x0000000023004dfe                xQueueCreateMutexStatic
 .text.xQueueCreateMutex
                0x0000000023004e36       0x34 /home/melody/work/Doiting_BL/bl_iot_sdk/customer_app/sdk_app_uart_echo/build_out/freertos_riscv_ram/libfreertos_riscv_ram.a(queue.o)
                0x0000000023004e36                xQueueCreateMutex
 .text.xQueueGenericSendFromISR
                0x0000000023004e6a       0xba /home/melody/work/Doiting_BL/bl_iot_sdk/customer_app/sdk_app_uart_echo/build_out/freertos_riscv_ram/libfreertos_riscv_ram.a(queue.o)
                0x0000000023004e6a                xQueueGenericSendFromISR
 .text.xQueueGiveFromISR
                0x0000000023004f24       0x7a /home/melody/work/Doiting_BL/bl_iot_sdk/customer_app/sdk_app_uart_echo/build_out/freertos_riscv_ram/libfreertos_riscv_ram.a(queue.o)
                0x0000000023004f24                xQueueGiveFromISR
 .text.xQueueReceive
                0x0000000023004f9e      0x14c /home/melody/work/Doiting_BL/bl_iot_sdk/customer_app/sdk_app_uart_echo/build_out/freertos_riscv_ram/libfreertos_riscv_ram.a(queue.o)
                0x0000000023004f9e                xQueueReceive
 .text.xQueueSemaphoreTake
                0x00000000230050ea      0x188 /home/melody/work/Doiting_BL/bl_iot_sdk/customer_app/sdk_app_uart_echo/build_out/freertos_riscv_ram/libfreertos_riscv_ram.a(queue.o)
                0x00000000230050ea                xQueueSemaphoreTake
 .text.vQueueDelete
                0x0000000023005272       0x86 /home/melody/work/Doiting_BL/bl_iot_sdk/customer_app/sdk_app_uart_echo/build_out/freertos_riscv_ram/libfreertos_riscv_ram.a(queue.o)
                0x0000000023005272                vQueueDelete
 .text.vQueueAddToRegistry
                0x00000000230052f8       0x28 /home/melody/work/Doiting_BL/bl_iot_sdk/customer_app/sdk_app_uart_echo/build_out/freertos_riscv_ram/libfreertos_riscv_ram.a(queue.o)
                0x00000000230052f8                vQueueAddToRegistry
 .text.vQueueWaitForMessageRestricted
                0x0000000023005320       0x6c /home/melody/work/Doiting_BL/bl_iot_sdk/customer_app/sdk_app_uart_echo/build_out/freertos_riscv_ram/libfreertos_riscv_ram.a(queue.o)
                0x0000000023005320                vQueueWaitForMessageRestricted
 .text.prvResetNextTaskUnblockTime.part.0
                0x000000002300538c       0x18 /home/melody/work/Doiting_BL/bl_iot_sdk/customer_app/sdk_app_uart_echo/build_out/freertos_riscv_ram/libfreertos_riscv_ram.a(tasks.o)
 .text.prvInitialiseNewTask.isra.2
                0x00000000230053a4       0xce /home/melody/work/Doiting_BL/bl_iot_sdk/customer_app/sdk_app_uart_echo/build_out/freertos_riscv_ram/libfreertos_riscv_ram.a(tasks.o)
 .text.prvDeleteTCB
                0x0000000023005472       0x36 /home/melody/work/Doiting_BL/bl_iot_sdk/customer_app/sdk_app_uart_echo/build_out/freertos_riscv_ram/libfreertos_riscv_ram.a(tasks.o)
 .text.prvAddCurrentTaskToDelayedList
                0x00000000230054a8       0xc2 /home/melody/work/Doiting_BL/bl_iot_sdk/customer_app/sdk_app_uart_echo/build_out/freertos_riscv_ram/libfreertos_riscv_ram.a(tasks.o)
 .text.vTaskEnterCritical.part.7
                0x000000002300556a       0x14 /home/melody/work/Doiting_BL/bl_iot_sdk/customer_app/sdk_app_uart_echo/build_out/freertos_riscv_ram/libfreertos_riscv_ram.a(tasks.o)
 .text.vTaskExitCritical.part.8
                0x000000002300557e       0x1c /home/melody/work/Doiting_BL/bl_iot_sdk/customer_app/sdk_app_uart_echo/build_out/freertos_riscv_ram/libfreertos_riscv_ram.a(tasks.o)
 .text.prvAddNewTaskToReadyList
                0x000000002300559a      0x160 /home/melody/work/Doiting_BL/bl_iot_sdk/customer_app/sdk_app_uart_echo/build_out/freertos_riscv_ram/libfreertos_riscv_ram.a(tasks.o)
 .text.prvIdleTask
                0x00000000230056fa       0xa2 /home/melody/work/Doiting_BL/bl_iot_sdk/customer_app/sdk_app_uart_echo/build_out/freertos_riscv_ram/libfreertos_riscv_ram.a(tasks.o)
 .text.xTaskCreateStatic
                0x000000002300579c       0xa0 /home/melody/work/Doiting_BL/bl_iot_sdk/customer_app/sdk_app_uart_echo/build_out/freertos_riscv_ram/libfreertos_riscv_ram.a(tasks.o)
                0x000000002300579c                xTaskCreateStatic
 .text.vTaskDelete
                0x000000002300583c      0x132 /home/melody/work/Doiting_BL/bl_iot_sdk/customer_app/sdk_app_uart_echo/build_out/freertos_riscv_ram/libfreertos_riscv_ram.a(tasks.o)
                0x000000002300583c                vTaskDelete
 .text.eTaskGetState
                0x000000002300596e       0xce /home/melody/work/Doiting_BL/bl_iot_sdk/customer_app/sdk_app_uart_echo/build_out/freertos_riscv_ram/libfreertos_riscv_ram.a(tasks.o)
                0x000000002300596e                eTaskGetState
 .text.vTaskStartScheduler
                0x0000000023005a3c       0x74 /home/melody/work/Doiting_BL/bl_iot_sdk/customer_app/sdk_app_uart_echo/build_out/freertos_riscv_ram/libfreertos_riscv_ram.a(tasks.o)
                0x0000000023005a3c                vTaskStartScheduler
 .text.vTaskSuspendAll
                0x0000000023005ab0       0x10 /home/melody/work/Doiting_BL/bl_iot_sdk/customer_app/sdk_app_uart_echo/build_out/freertos_riscv_ram/libfreertos_riscv_ram.a(tasks.o)
                0x0000000023005ab0                vTaskSuspendAll
 .text.xTaskGetTickCount
                0x0000000023005ac0        0xa /home/melody/work/Doiting_BL/bl_iot_sdk/customer_app/sdk_app_uart_echo/build_out/freertos_riscv_ram/libfreertos_riscv_ram.a(tasks.o)
                0x0000000023005ac0                xTaskGetTickCount
 .text.xTaskGetTickCount2
                0x0000000023005aca       0x18 /home/melody/work/Doiting_BL/bl_iot_sdk/customer_app/sdk_app_uart_echo/build_out/freertos_riscv_ram/libfreertos_riscv_ram.a(tasks.o)
                0x0000000023005aca                xTaskGetTickCount2
 .text.xTaskGetTickCountFromISR
                0x0000000023005ae2        0xa /home/melody/work/Doiting_BL/bl_iot_sdk/customer_app/sdk_app_uart_echo/build_out/freertos_riscv_ram/libfreertos_riscv_ram.a(tasks.o)
                0x0000000023005ae2                xTaskGetTickCountFromISR
 .text.xTaskIncrementTick
                0x0000000023005aec      0x1a0 /home/melody/work/Doiting_BL/bl_iot_sdk/customer_app/sdk_app_uart_echo/build_out/freertos_riscv_ram/libfreertos_riscv_ram.a(tasks.o)
                0x0000000023005aec                xTaskIncrementTick
 .text.xTaskResumeAll
                0x0000000023005c8c      0x154 /home/melody/work/Doiting_BL/bl_iot_sdk/customer_app/sdk_app_uart_echo/build_out/freertos_riscv_ram/libfreertos_riscv_ram.a(tasks.o)
                0x0000000023005c8c                xTaskResumeAll
 .text.vTaskDelay
                0x0000000023005de0       0x42 /home/melody/work/Doiting_BL/bl_iot_sdk/customer_app/sdk_app_uart_echo/build_out/freertos_riscv_ram/libfreertos_riscv_ram.a(tasks.o)
                0x0000000023005de0                vTaskDelay
 .text.vTaskSwitchContext
                0x0000000023005e22       0xca /home/melody/work/Doiting_BL/bl_iot_sdk/customer_app/sdk_app_uart_echo/build_out/freertos_riscv_ram/libfreertos_riscv_ram.a(tasks.o)
                0x0000000023005e22                vTaskSwitchContext
 .text.vTaskPlaceOnEventList
                0x0000000023005eec       0x30 /home/melody/work/Doiting_BL/bl_iot_sdk/customer_app/sdk_app_uart_echo/build_out/freertos_riscv_ram/libfreertos_riscv_ram.a(tasks.o)
                0x0000000023005eec                vTaskPlaceOnEventList
 .text.vTaskPlaceOnEventListRestricted
                0x0000000023005f1c       0x3a /home/melody/work/Doiting_BL/bl_iot_sdk/customer_app/sdk_app_uart_echo/build_out/freertos_riscv_ram/libfreertos_riscv_ram.a(tasks.o)
                0x0000000023005f1c                vTaskPlaceOnEventListRestricted
 .text.xTaskRemoveFromEventList
                0x0000000023005f56       0x98 /home/melody/work/Doiting_BL/bl_iot_sdk/customer_app/sdk_app_uart_echo/build_out/freertos_riscv_ram/libfreertos_riscv_ram.a(tasks.o)
                0x0000000023005f56                xTaskRemoveFromEventList
 .text.vTaskInternalSetTimeOutState
                0x0000000023005fee       0x16 /home/melody/work/Doiting_BL/bl_iot_sdk/customer_app/sdk_app_uart_echo/build_out/freertos_riscv_ram/libfreertos_riscv_ram.a(tasks.o)
                0x0000000023005fee                vTaskInternalSetTimeOutState
 .text.xTaskCheckForTimeOut
                0x0000000023006004       0xb2 /home/melody/work/Doiting_BL/bl_iot_sdk/customer_app/sdk_app_uart_echo/build_out/freertos_riscv_ram/libfreertos_riscv_ram.a(tasks.o)
                0x0000000023006004                xTaskCheckForTimeOut
 .text.vTaskMissedYield
                0x00000000230060b6        0xc /home/melody/work/Doiting_BL/bl_iot_sdk/customer_app/sdk_app_uart_echo/build_out/freertos_riscv_ram/libfreertos_riscv_ram.a(tasks.o)
                0x00000000230060b6                vTaskMissedYield
 .text.vTaskGetInfo
                0x00000000230060c2       0xd6 /home/melody/work/Doiting_BL/bl_iot_sdk/customer_app/sdk_app_uart_echo/build_out/freertos_riscv_ram/libfreertos_riscv_ram.a(tasks.o)
                0x00000000230060c2                vTaskGetInfo
 .text.prvListTasksWithinSingleList.part.11
                0x0000000023006198       0x8a /home/melody/work/Doiting_BL/bl_iot_sdk/customer_app/sdk_app_uart_echo/build_out/freertos_riscv_ram/libfreertos_riscv_ram.a(tasks.o)
 .text.uxTaskGetSystemState
                0x0000000023006222      0x114 /home/melody/work/Doiting_BL/bl_iot_sdk/customer_app/sdk_app_uart_echo/build_out/freertos_riscv_ram/libfreertos_riscv_ram.a(tasks.o)
                0x0000000023006222                uxTaskGetSystemState
 .text.xTaskGetCurrentTaskHandle
                0x0000000023006336        0xa /home/melody/work/Doiting_BL/bl_iot_sdk/customer_app/sdk_app_uart_echo/build_out/freertos_riscv_ram/libfreertos_riscv_ram.a(tasks.o)
                0x0000000023006336                xTaskGetCurrentTaskHandle
 .text.xTaskGetSchedulerState
                0x0000000023006340       0x1c /home/melody/work/Doiting_BL/bl_iot_sdk/customer_app/sdk_app_uart_echo/build_out/freertos_riscv_ram/libfreertos_riscv_ram.a(tasks.o)
                0x0000000023006340                xTaskGetSchedulerState
 .text.xTaskPriorityInherit
                0x000000002300635c       0xe2 /home/melody/work/Doiting_BL/bl_iot_sdk/customer_app/sdk_app_uart_echo/build_out/freertos_riscv_ram/libfreertos_riscv_ram.a(tasks.o)
                0x000000002300635c                xTaskPriorityInherit
 .text.xTaskPriorityDisinherit
                0x000000002300643e       0xd8 /home/melody/work/Doiting_BL/bl_iot_sdk/customer_app/sdk_app_uart_echo/build_out/freertos_riscv_ram/libfreertos_riscv_ram.a(tasks.o)
                0x000000002300643e                xTaskPriorityDisinherit
 .text.vTaskPriorityDisinheritAfterTimeout
                0x0000000023006516      0x106 /home/melody/work/Doiting_BL/bl_iot_sdk/customer_app/sdk_app_uart_echo/build_out/freertos_riscv_ram/libfreertos_riscv_ram.a(tasks.o)
                0x0000000023006516                vTaskPriorityDisinheritAfterTimeout
 .text.vTaskEnterCritical
                0x000000002300661c       0x14 /home/melody/work/Doiting_BL/bl_iot_sdk/customer_app/sdk_app_uart_echo/build_out/freertos_riscv_ram/libfreertos_riscv_ram.a(tasks.o)
                0x000000002300661c                vTaskEnterCritical
 .text.vTaskExitCritical
                0x0000000023006630       0x1c /home/melody/work/Doiting_BL/bl_iot_sdk/customer_app/sdk_app_uart_echo/build_out/freertos_riscv_ram/libfreertos_riscv_ram.a(tasks.o)
                0x0000000023006630                vTaskExitCritical
 .text.vTaskList
                0x000000002300664c       0xfe /home/melody/work/Doiting_BL/bl_iot_sdk/customer_app/sdk_app_uart_echo/build_out/freertos_riscv_ram/libfreertos_riscv_ram.a(tasks.o)
                0x000000002300664c                vTaskList
 .text.pvTaskIncrementMutexHeldCount
                0x000000002300674a       0x18 /home/melody/work/Doiting_BL/bl_iot_sdk/customer_app/sdk_app_uart_echo/build_out/freertos_riscv_ram/libfreertos_riscv_ram.a(tasks.o)
                0x000000002300674a                pvTaskIncrementMutexHeldCount
 .text.ulTaskNotifyTake
                0x0000000023006762       0xa6 /home/melody/work/Doiting_BL/bl_iot_sdk/customer_app/sdk_app_uart_echo/build_out/freertos_riscv_ram/libfreertos_riscv_ram.a(tasks.o)
                0x0000000023006762                ulTaskNotifyTake
 .text.vTaskNotifyGiveFromISR
                0x0000000023006808       0xc0 /home/melody/work/Doiting_BL/bl_iot_sdk/customer_app/sdk_app_uart_echo/build_out/freertos_riscv_ram/libfreertos_riscv_ram.a(tasks.o)
                0x0000000023006808                vTaskNotifyGiveFromISR
 .text.prvCheckForValidListAndQueue
                0x00000000230068c8       0x84 /home/melody/work/Doiting_BL/bl_iot_sdk/customer_app/sdk_app_uart_echo/build_out/freertos_riscv_ram/libfreertos_riscv_ram.a(timers.o)
 .text.prvInsertTimerInActiveList
                0x000000002300694c       0x58 /home/melody/work/Doiting_BL/bl_iot_sdk/customer_app/sdk_app_uart_echo/build_out/freertos_riscv_ram/libfreertos_riscv_ram.a(timers.o)
 .text.xTimerCreateTimerTask
                0x00000000230069a4       0x5c /home/melody/work/Doiting_BL/bl_iot_sdk/customer_app/sdk_app_uart_echo/build_out/freertos_riscv_ram/libfreertos_riscv_ram.a(timers.o)
                0x00000000230069a4                xTimerCreateTimerTask
 .text.xTimerGenericCommand
                0x0000000023006a00       0x94 /home/melody/work/Doiting_BL/bl_iot_sdk/customer_app/sdk_app_uart_echo/build_out/freertos_riscv_ram/libfreertos_riscv_ram.a(timers.o)
                0x0000000023006a00                xTimerGenericCommand
 .text.prvSwitchTimerLists
                0x0000000023006a94       0x8a /home/melody/work/Doiting_BL/bl_iot_sdk/customer_app/sdk_app_uart_echo/build_out/freertos_riscv_ram/libfreertos_riscv_ram.a(timers.o)
 .text.prvTimerTask
                0x0000000023006b1e      0x1f2 /home/melody/work/Doiting_BL/bl_iot_sdk/customer_app/sdk_app_uart_echo/build_out/freertos_riscv_ram/libfreertos_riscv_ram.a(timers.o)
 .text.vPortSetupTimerInterrupt
                0x0000000023006d10       0x4a /home/melody/work/Doiting_BL/bl_iot_sdk/customer_app/sdk_app_uart_echo/build_out/freertos_riscv_ram/libfreertos_riscv_ram.a(port.o)
                0x0000000023006d10                vPortSetupTimerInterrupt
 .text.xPortStartScheduler
                0x0000000023006d5a       0x40 /home/melody/work/Doiting_BL/bl_iot_sdk/customer_app/sdk_app_uart_echo/build_out/freertos_riscv_ram/libfreertos_riscv_ram.a(port.o)
                0x0000000023006d5a                xPortStartScheduler
 *fill*         0x0000000023006d9a       0x66 
 .text          0x0000000023006e00      0x538 /home/melody/work/Doiting_BL/bl_iot_sdk/customer_app/sdk_app_uart_echo/build_out/freertos_riscv_ram/libfreertos_riscv_ram.a(portASM.o)
                0x0000000023006e00                freertos_risc_v_trap_handler
                0x0000000023007100                xPortStartFirstTask
                0x0000000023007200                pxPortInitialiseStack
 .text.prvInsertBlockIntoFreeList
                0x0000000023007338       0x52 /home/melody/work/Doiting_BL/bl_iot_sdk/customer_app/sdk_app_uart_echo/build_out/freertos_riscv_ram/libfreertos_riscv_ram.a(heap_5.o)
 .text.pvPortMalloc
                0x000000002300738a       0xe8 /home/melody/work/Doiting_BL/bl_iot_sdk/customer_app/sdk_app_uart_echo/build_out/freertos_riscv_ram/libfreertos_riscv_ram.a(heap_5.o)
                0x000000002300738a                pvPortMalloc
 .text.vPortFree
                0x0000000023007472       0x92 /home/melody/work/Doiting_BL/bl_iot_sdk/customer_app/sdk_app_uart_echo/build_out/freertos_riscv_ram/libfreertos_riscv_ram.a(heap_5.o)
                0x0000000023007472                vPortFree
 .text.xPortGetFreeHeapSize
                0x0000000023007504        0xa /home/melody/work/Doiting_BL/bl_iot_sdk/customer_app/sdk_app_uart_echo/build_out/freertos_riscv_ram/libfreertos_riscv_ram.a(heap_5.o)
                0x0000000023007504                xPortGetFreeHeapSize
 .text.vPortDefineHeapRegions
                0x000000002300750e      0x104 /home/melody/work/Doiting_BL/bl_iot_sdk/customer_app/sdk_app_uart_echo/build_out/freertos_riscv_ram/libfreertos_riscv_ram.a(heap_5.o)
                0x000000002300750e                vPortDefineHeapRegions
 .text.vListInitialise
                0x0000000023007612       0x14 /home/melody/work/Doiting_BL/bl_iot_sdk/customer_app/sdk_app_uart_echo/build_out/freertos_riscv_ram/libfreertos_riscv_ram.a(list.o)
                0x0000000023007612                vListInitialise
 .text.vListInitialiseItem
                0x0000000023007626        0x6 /home/melody/work/Doiting_BL/bl_iot_sdk/customer_app/sdk_app_uart_echo/build_out/freertos_riscv_ram/libfreertos_riscv_ram.a(list.o)
                0x0000000023007626                vListInitialiseItem
 .text.vListInsertEnd
                0x000000002300762c       0x16 /home/melody/work/Doiting_BL/bl_iot_sdk/customer_app/sdk_app_uart_echo/build_out/freertos_riscv_ram/libfreertos_riscv_ram.a(list.o)
                0x000000002300762c                vListInsertEnd
 .text.vListInsert
                0x0000000023007642       0x30 /home/melody/work/Doiting_BL/bl_iot_sdk/customer_app/sdk_app_uart_echo/build_out/freertos_riscv_ram/libfreertos_riscv_ram.a(list.o)
                0x0000000023007642                vListInsert
 .text.uxListRemove
                0x0000000023007672       0x32 /home/melody/work/Doiting_BL/bl_iot_sdk/customer_app/sdk_app_uart_echo/build_out/freertos_riscv_ram/libfreertos_riscv_ram.a(list.o)
                0x0000000023007672                uxListRemove
 .text.bl_uart_init
                0x00000000230076a4       0xec /home/melody/work/Doiting_BL/bl_iot_sdk/customer_app/sdk_app_uart_echo/build_out/hal_drv/libhal_drv.a(bl_uart.o)
                0x00000000230076a4                bl_uart_init
 .text.bl_uart_data_send
                0x0000000023007790       0x36 /home/melody/work/Doiting_BL/bl_iot_sdk/customer_app/sdk_app_uart_echo/build_out/hal_drv/libhal_drv.a(bl_uart.o)
                0x0000000023007790                bl_uart_data_send
 .text.bl_uart_data_recv
                0x00000000230077c6       0x30 /home/melody/work/Doiting_BL/bl_iot_sdk/customer_app/sdk_app_uart_echo/build_out/hal_drv/libhal_drv.a(bl_uart.o)
                0x00000000230077c6                bl_uart_data_recv
 .text.bl_uart_int_rx_enable
                0x00000000230077f6       0x2c /home/melody/work/Doiting_BL/bl_iot_sdk/customer_app/sdk_app_uart_echo/build_out/hal_drv/libhal_drv.a(bl_uart.o)
                0x00000000230077f6                bl_uart_int_rx_enable
 .text.bl_uart_int_tx_enable
                0x0000000023007822       0x14 /home/melody/work/Doiting_BL/bl_iot_sdk/customer_app/sdk_app_uart_echo/build_out/hal_drv/libhal_drv.a(bl_uart.o)
                0x0000000023007822                bl_uart_int_tx_enable
 .text.bl_uart_int_tx_disable
                0x0000000023007836       0x14 /home/melody/work/Doiting_BL/bl_iot_sdk/customer_app/sdk_app_uart_echo/build_out/hal_drv/libhal_drv.a(bl_uart.o)
                0x0000000023007836                bl_uart_int_tx_disable
 .text.uart_generic_notify_handler
                0x000000002300784a      0x1d6 /home/melody/work/Doiting_BL/bl_iot_sdk/customer_app/sdk_app_uart_echo/build_out/hal_drv/libhal_drv.a(bl_uart.o)
 .text.UART0_IRQHandler
                0x0000000023007a20        0x6 /home/melody/work/Doiting_BL/bl_iot_sdk/customer_app/sdk_app_uart_echo/build_out/hal_drv/libhal_drv.a(bl_uart.o)
                0x0000000023007a20                UART0_IRQHandler
 .text.UART1_IRQHandler
                0x0000000023007a26        0x6 /home/melody/work/Doiting_BL/bl_iot_sdk/customer_app/sdk_app_uart_echo/build_out/hal_drv/libhal_drv.a(bl_uart.o)
                0x0000000023007a26                UART1_IRQHandler
 .text.bl_uart_flush
                0x0000000023007a2c       0x24 /home/melody/work/Doiting_BL/bl_iot_sdk/customer_app/sdk_app_uart_echo/build_out/hal_drv/libhal_drv.a(bl_uart.o)
                0x0000000023007a2c                bl_uart_flush
 .text.bl_uart_getdefconfig
                0x0000000023007a50        0x8 /home/melody/work/Doiting_BL/bl_iot_sdk/customer_app/sdk_app_uart_echo/build_out/hal_drv/libhal_drv.a(bl_uart.o)
                0x0000000023007a50                bl_uart_getdefconfig
 .text.bl_uart_setconfig
                0x0000000023007a58       0x52 /home/melody/work/Doiting_BL/bl_iot_sdk/customer_app/sdk_app_uart_echo/build_out/hal_drv/libhal_drv.a(bl_uart.o)
                0x0000000023007a58                bl_uart_setconfig
 .text.bl_uart_setbaud
                0x0000000023007aaa        0x6 /home/melody/work/Doiting_BL/bl_iot_sdk/customer_app/sdk_app_uart_echo/build_out/hal_drv/libhal_drv.a(bl_uart.o)
                0x0000000023007aaa                bl_uart_setbaud
 .text.bl_uart_int_enable
                0x0000000023007ab0       0x7a /home/melody/work/Doiting_BL/bl_iot_sdk/customer_app/sdk_app_uart_echo/build_out/hal_drv/libhal_drv.a(bl_uart.o)
                0x0000000023007ab0                bl_uart_int_enable
 .text.bl_uart_int_cb_notify_register
                0x0000000023007b2a       0x2e /home/melody/work/Doiting_BL/bl_iot_sdk/customer_app/sdk_app_uart_echo/build_out/hal_drv/libhal_drv.a(bl_uart.o)
                0x0000000023007b2a                bl_uart_int_cb_notify_register
 .text.bl_uart_int_cb_notify_unregister
                0x0000000023007b58       0x32 /home/melody/work/Doiting_BL/bl_iot_sdk/customer_app/sdk_app_uart_echo/build_out/hal_drv/libhal_drv.a(bl_uart.o)
                0x0000000023007b58                bl_uart_int_cb_notify_unregister
 .text.bl_chip_info
                0x0000000023007b8a       0xaa /home/melody/work/Doiting_BL/bl_iot_sdk/customer_app/sdk_app_uart_echo/build_out/hal_drv/libhal_drv.a(bl_chip.o)
                0x0000000023007b8a                bl_chip_info
 .text.bl_chip_banner
                0x0000000023007c34        0xe /home/melody/work/Doiting_BL/bl_iot_sdk/customer_app/sdk_app_uart_echo/build_out/hal_drv/libhal_drv.a(bl_chip.o)
                0x0000000023007c34                bl_chip_banner
 .text.bl_chip_memory_ram
                0x0000000023007c42       0x9a /home/melody/work/Doiting_BL/bl_iot_sdk/customer_app/sdk_app_uart_echo/build_out/hal_drv/libhal_drv.a(bl_chip.o)
                0x0000000023007c42                bl_chip_memory_ram
 .text.bl_sys_reset_por
                0x0000000023007cdc       0x14 /home/melody/work/Doiting_BL/bl_iot_sdk/customer_app/sdk_app_uart_echo/build_out/hal_drv/libhal_drv.a(bl_sys.o)
                0x0000000023007cdc                bl_sys_reset_por
 .text.bl_sys_reset_system
                0x0000000023007cf0        0x8 /home/melody/work/Doiting_BL/bl_iot_sdk/customer_app/sdk_app_uart_echo/build_out/hal_drv/libhal_drv.a(bl_sys.o)
                0x0000000023007cf0                bl_sys_reset_system
 .text.bl_dma_int_process
                0x0000000023007cf8       0xa8 /home/melody/work/Doiting_BL/bl_iot_sdk/customer_app/sdk_app_uart_echo/build_out/hal_drv/libhal_drv.a(bl_dma.o)
 .text.bl_dma_irq_register.part.2
                0x0000000023007da0       0x5c /home/melody/work/Doiting_BL/bl_iot_sdk/customer_app/sdk_app_uart_echo/build_out/hal_drv/libhal_drv.a(bl_dma.o)
 .text.bl_dma_int_clear
                0x0000000023007dfc       0x32 /home/melody/work/Doiting_BL/bl_iot_sdk/customer_app/sdk_app_uart_echo/build_out/hal_drv/libhal_drv.a(bl_dma.o)
                0x0000000023007dfc                bl_dma_int_clear
 .text.bl_dma_IRQHandler
                0x0000000023007e2e       0x46 /home/melody/work/Doiting_BL/bl_iot_sdk/customer_app/sdk_app_uart_echo/build_out/hal_drv/libhal_drv.a(bl_dma.o)
                0x0000000023007e2e                bl_dma_IRQHandler
 .text.bl_dma_init
                0x0000000023007e74       0x88 /home/melody/work/Doiting_BL/bl_iot_sdk/customer_app/sdk_app_uart_echo/build_out/hal_drv/libhal_drv.a(bl_dma.o)
                0x0000000023007e74                bl_dma_init
 .text.bl_irq_enable
                0x0000000023007efc       0x12 /home/melody/work/Doiting_BL/bl_iot_sdk/customer_app/sdk_app_uart_echo/build_out/hal_drv/libhal_drv.a(bl_irq.o)
                0x0000000023007efc                bl_irq_enable
 .text.bl_irq_register_with_ctx
                0x0000000023007f0e       0x30 /home/melody/work/Doiting_BL/bl_iot_sdk/customer_app/sdk_app_uart_echo/build_out/hal_drv/libhal_drv.a(bl_irq.o)
                0x0000000023007f0e                bl_irq_register_with_ctx
 .text.bl_irq_ctx_get
                0x0000000023007f3e       0x20 /home/melody/work/Doiting_BL/bl_iot_sdk/customer_app/sdk_app_uart_echo/build_out/hal_drv/libhal_drv.a(bl_irq.o)
                0x0000000023007f3e                bl_irq_ctx_get
 .text.bl_irq_register
                0x0000000023007f5e        0x6 /home/melody/work/Doiting_BL/bl_iot_sdk/customer_app/sdk_app_uart_echo/build_out/hal_drv/libhal_drv.a(bl_irq.o)
                0x0000000023007f5e                bl_irq_register
 .text.interrupt_entry
                0x0000000023007f64       0x4e /home/melody/work/Doiting_BL/bl_iot_sdk/customer_app/sdk_app_uart_echo/build_out/hal_drv/libhal_drv.a(bl_irq.o)
                0x0000000023007f64                interrupt_entry
 .text.exception_entry
                0x0000000023007fb2      0x140 /home/melody/work/Doiting_BL/bl_iot_sdk/customer_app/sdk_app_uart_echo/build_out/hal_drv/libhal_drv.a(bl_irq.o)
                0x0000000023007fb2                exception_entry
 .text.bl_irq_init
                0x00000000230080f2       0x3e /home/melody/work/Doiting_BL/bl_iot_sdk/customer_app/sdk_app_uart_echo/build_out/hal_drv/libhal_drv.a(bl_irq.o)
                0x00000000230080f2                bl_irq_init
 .text._trng_trigger
                0x0000000023008130       0x2c /home/melody/work/Doiting_BL/bl_iot_sdk/customer_app/sdk_app_uart_echo/build_out/hal_drv/libhal_drv.a(bl_sec.o)
 .text.wait_trng4feed
                0x000000002300815c       0x60 /home/melody/work/Doiting_BL/bl_iot_sdk/customer_app/sdk_app_uart_echo/build_out/hal_drv/libhal_drv.a(bl_sec.o)
 .text.sec_trng_IRQHandler
                0x00000000230081bc       0x72 /home/melody/work/Doiting_BL/bl_iot_sdk/customer_app/sdk_app_uart_echo/build_out/hal_drv/libhal_drv.a(bl_sec.o)
                0x00000000230081bc                sec_trng_IRQHandler
 .text.bl_sec_init
                0x000000002300822e       0x46 /home/melody/work/Doiting_BL/bl_iot_sdk/customer_app/sdk_app_uart_echo/build_out/hal_drv/libhal_drv.a(bl_sec.o)
                0x000000002300822e                bl_sec_init
 .text.bl_sec_test
                0x0000000023008274        0x4 /home/melody/work/Doiting_BL/bl_iot_sdk/customer_app/sdk_app_uart_echo/build_out/hal_drv/libhal_drv.a(bl_sec.o)
                0x0000000023008274                bl_sec_test
 .text.dev_uart_init
                0x0000000023008278       0xea /home/melody/work/Doiting_BL/bl_iot_sdk/customer_app/sdk_app_uart_echo/build_out/hal_drv/libhal_drv.a(hal_uart.o)
 .text.hal_uart_send_trigger
                0x0000000023008362       0x14 /home/melody/work/Doiting_BL/bl_iot_sdk/customer_app/sdk_app_uart_echo/build_out/hal_drv/libhal_drv.a(hal_uart.o)
                0x0000000023008362                hal_uart_send_trigger
 .text.hal_uart_init
                0x0000000023008376       0x6a /home/melody/work/Doiting_BL/bl_iot_sdk/customer_app/sdk_app_uart_echo/build_out/hal_drv/libhal_drv.a(hal_uart.o)
                0x0000000023008376                hal_uart_init
 .text.hal_uart_recv_II
                0x00000000230083e0       0x42 /home/melody/work/Doiting_BL/bl_iot_sdk/customer_app/sdk_app_uart_echo/build_out/hal_drv/libhal_drv.a(hal_uart.o)
                0x00000000230083e0                hal_uart_recv_II
 .text.hal_uart_finalize
                0x0000000023008422       0x14 /home/melody/work/Doiting_BL/bl_iot_sdk/customer_app/sdk_app_uart_echo/build_out/hal_drv/libhal_drv.a(hal_uart.o)
                0x0000000023008422                hal_uart_finalize
 .text.hal_uart_notify_register
                0x0000000023008436       0x16 /home/melody/work/Doiting_BL/bl_iot_sdk/customer_app/sdk_app_uart_echo/build_out/hal_drv/libhal_drv.a(hal_uart.o)
                0x0000000023008436                hal_uart_notify_register
 .text.hal_uart_notify_unregister
                0x000000002300844c       0x16 /home/melody/work/Doiting_BL/bl_iot_sdk/customer_app/sdk_app_uart_echo/build_out/hal_drv/libhal_drv.a(hal_uart.o)
                0x000000002300844c                hal_uart_notify_unregister
 .text.vfs_uart_init
                0x0000000023008462      0x20c /home/melody/work/Doiting_BL/bl_iot_sdk/customer_app/sdk_app_uart_echo/build_out/hal_drv/libhal_drv.a(hal_uart.o)
                0x0000000023008462                vfs_uart_init
 .text.hal_uart_send_flush
                0x000000002300866e       0x14 /home/melody/work/Doiting_BL/bl_iot_sdk/customer_app/sdk_app_uart_echo/build_out/hal_drv/libhal_drv.a(hal_uart.o)
                0x000000002300866e                hal_uart_send_flush
 .text.hal_uart_setbaud
                0x0000000023008682        0x8 /home/melody/work/Doiting_BL/bl_iot_sdk/customer_app/sdk_app_uart_echo/build_out/hal_drv/libhal_drv.a(hal_uart.o)
                0x0000000023008682                hal_uart_setbaud
 .text.hal_uart_setconfig
                0x000000002300868a        0x8 /home/melody/work/Doiting_BL/bl_iot_sdk/customer_app/sdk_app_uart_echo/build_out/hal_drv/libhal_drv.a(hal_uart.o)
                0x000000002300868a                hal_uart_setconfig
 .text.hal_reboot
                0x0000000023008692        0x4 /home/melody/work/Doiting_BL/bl_iot_sdk/customer_app/sdk_app_uart_echo/build_out/hal_drv/libhal_drv.a(hal_sys.o)
                0x0000000023008692                hal_reboot
 .text.hal_sys_reset
                0x0000000023008696        0x4 /home/melody/work/Doiting_BL/bl_iot_sdk/customer_app/sdk_app_uart_echo/build_out/hal_drv/libhal_drv.a(hal_sys.o)
                0x0000000023008696                hal_sys_reset
 .text.hal_poweroff
                0x000000002300869a        0x2 /home/melody/work/Doiting_BL/bl_iot_sdk/customer_app/sdk_app_uart_echo/build_out/hal_drv/libhal_drv.a(hal_sys.o)
                0x000000002300869a                hal_poweroff
 .text.hal_board_get_factory_addr
                0x000000002300869c        0xa /home/melody/work/Doiting_BL/bl_iot_sdk/customer_app/sdk_app_uart_echo/build_out/hal_drv/libhal_drv.a(hal_board.o)
                0x000000002300869c                hal_board_get_factory_addr
 .text.hal_board_cfg
                0x00000000230086a6       0x4c /home/melody/work/Doiting_BL/bl_iot_sdk/customer_app/sdk_app_uart_echo/build_out/hal_drv/libhal_drv.a(hal_board.o)
                0x00000000230086a6                hal_board_cfg
 .text.bl_rtc_get_counter
                0x00000000230086f2       0x16 /home/melody/work/Doiting_BL/bl_iot_sdk/customer_app/sdk_app_uart_echo/build_out/hal_drv/libhal_drv.a(bl_rtc.o)
                0x00000000230086f2                bl_rtc_get_counter
 .text.bl_rtc_get_timestamp_ms
                0x0000000023008708       0x50 /home/melody/work/Doiting_BL/bl_iot_sdk/customer_app/sdk_app_uart_echo/build_out/hal_drv/libhal_drv.a(bl_rtc.o)
                0x0000000023008708                bl_rtc_get_timestamp_ms
 .text.utils_list_init
                0x0000000023008758        0xa /home/melody/work/Doiting_BL/bl_iot_sdk/customer_app/sdk_app_uart_echo/build_out/utils/libutils.a(utils_list.o)
                0x0000000023008758                utils_list_init
 .text.utils_list_pop_front
                0x0000000023008762        0xc /home/melody/work/Doiting_BL/bl_iot_sdk/customer_app/sdk_app_uart_echo/build_out/utils/libutils.a(utils_list.o)
                0x0000000023008762                utils_list_pop_front
 .text.utils_hexdump
                0x000000002300876e       0xf0 /home/melody/work/Doiting_BL/bl_iot_sdk/customer_app/sdk_app_uart_echo/build_out/utils/libutils.a(utils_hexdump.o)
                0x000000002300876e                utils_hexdump
 .text.utils_time_date_from_epoch
                0x000000002300885e      0x140 /home/melody/work/Doiting_BL/bl_iot_sdk/customer_app/sdk_app_uart_echo/build_out/utils/libutils.a(utils_time.o)
                0x000000002300885e                utils_time_date_from_epoch
 .text.aos_register_driver
                0x000000002300899e       0x88 /home/melody/work/Doiting_BL/bl_iot_sdk/customer_app/sdk_app_uart_echo/build_out/vfs/libvfs.a(vfs_register.o)
                0x000000002300899e                aos_register_driver
 .text.vfs_uart_notify
                0x0000000023008a26       0x26 /home/melody/work/Doiting_BL/bl_iot_sdk/customer_app/sdk_app_uart_echo/build_out/vfs/libvfs.a(vfs_uart.o)
                0x0000000023008a26                vfs_uart_notify
 .text.vfs_uart_open
                0x0000000023008a4c       0x3a /home/melody/work/Doiting_BL/bl_iot_sdk/customer_app/sdk_app_uart_echo/build_out/vfs/libvfs.a(vfs_uart.o)
                0x0000000023008a4c                vfs_uart_open
 .text.vfs_uart_close
                0x0000000023008a86       0x40 /home/melody/work/Doiting_BL/bl_iot_sdk/customer_app/sdk_app_uart_echo/build_out/vfs/libvfs.a(vfs_uart.o)
                0x0000000023008a86                vfs_uart_close
 .text.vfs_uart_read
                0x0000000023008ac6       0xe0 /home/melody/work/Doiting_BL/bl_iot_sdk/customer_app/sdk_app_uart_echo/build_out/vfs/libvfs.a(vfs_uart.o)
                0x0000000023008ac6                vfs_uart_read
 .text.vfs_uart_poll
                0x0000000023008ba6       0xaa /home/melody/work/Doiting_BL/bl_iot_sdk/customer_app/sdk_app_uart_echo/build_out/vfs/libvfs.a(vfs_uart.o)
                0x0000000023008ba6                vfs_uart_poll
 .text.vfs_uart_write
                0x0000000023008c50       0x5c /home/melody/work/Doiting_BL/bl_iot_sdk/customer_app/sdk_app_uart_echo/build_out/vfs/libvfs.a(vfs_uart.o)
                0x0000000023008c50                vfs_uart_write
 .text.vfs_uart_sync
                0x0000000023008cac       0x40 /home/melody/work/Doiting_BL/bl_iot_sdk/customer_app/sdk_app_uart_echo/build_out/vfs/libvfs.a(vfs_uart.o)
                0x0000000023008cac                vfs_uart_sync
 .text.uart_notify
                0x0000000023008cec       0x56 /home/melody/work/Doiting_BL/bl_iot_sdk/customer_app/sdk_app_uart_echo/build_out/vfs/libvfs.a(vfs_uart.o)
 .text.uart_ioctl_cmd_waimode
                0x0000000023008d42       0xee /home/melody/work/Doiting_BL/bl_iot_sdk/customer_app/sdk_app_uart_echo/build_out/vfs/libvfs.a(vfs_uart.o)
                0x0000000023008d42                uart_ioctl_cmd_waimode
 .text.uart_ioctl_cmd_setconfig
                0x0000000023008e30       0x2a /home/melody/work/Doiting_BL/bl_iot_sdk/customer_app/sdk_app_uart_echo/build_out/vfs/libvfs.a(vfs_uart.o)
                0x0000000023008e30                uart_ioctl_cmd_setconfig
 .text.vfs_uart_ioctl
                0x0000000023008e5a       0x92 /home/melody/work/Doiting_BL/bl_iot_sdk/customer_app/sdk_app_uart_echo/build_out/vfs/libvfs.a(vfs_uart.o)
                0x0000000023008e5a                vfs_uart_ioctl
 .text.UART_Init
                0x0000000023008eec       0xf4 /home/melody/work/Doiting_BL/bl_iot_sdk/customer_app/sdk_app_uart_echo/build_out/bl602_std/libbl602_std.a(bl602_uart.o)
                0x0000000023008eec                UART_Init
 .text.UART_FifoConfig
                0x0000000023008fe0       0x6a /home/melody/work/Doiting_BL/bl_iot_sdk/customer_app/sdk_app_uart_echo/build_out/bl602_std/libbl602_std.a(bl602_uart.o)
                0x0000000023008fe0                UART_FifoConfig
 .text.UART_Enable
                0x000000002300904a       0x34 /home/melody/work/Doiting_BL/bl_iot_sdk/customer_app/sdk_app_uart_echo/build_out/bl602_std/libbl602_std.a(bl602_uart.o)
                0x000000002300904a                UART_Enable
 .text.UART_Disable
                0x000000002300907e       0x30 /home/melody/work/Doiting_BL/bl_iot_sdk/customer_app/sdk_app_uart_echo/build_out/bl602_std/libbl602_std.a(bl602_uart.o)
                0x000000002300907e                UART_Disable
 .text.UART_SetRxTimeoutValue
                0x00000000230090ae       0x1e /home/melody/work/Doiting_BL/bl_iot_sdk/customer_app/sdk_app_uart_echo/build_out/bl602_std/libbl602_std.a(bl602_uart.o)
                0x00000000230090ae                UART_SetRxTimeoutValue
 .text.UART_TxFreeRun
                0x00000000230090cc       0x24 /home/melody/work/Doiting_BL/bl_iot_sdk/customer_app/sdk_app_uart_echo/build_out/bl602_std/libbl602_std.a(bl602_uart.o)
                0x00000000230090cc                UART_TxFreeRun
 .text.UART_IntMask
                0x00000000230090f0       0x3e /home/melody/work/Doiting_BL/bl_iot_sdk/customer_app/sdk_app_uart_echo/build_out/bl602_std/libbl602_std.a(bl602_uart.o)
                0x00000000230090f0                UART_IntMask
 .text.UART_GetTxFifoCount
                0x000000002300912e       0x18 /home/melody/work/Doiting_BL/bl_iot_sdk/customer_app/sdk_app_uart_echo/build_out/bl602_std/libbl602_std.a(bl602_uart.o)
                0x000000002300912e                UART_GetTxFifoCount
 .text.UART_SendData
                0x0000000023009146       0x72 /home/melody/work/Doiting_BL/bl_iot_sdk/customer_app/sdk_app_uart_echo/build_out/bl602_std/libbl602_std.a(bl602_uart.o)
                0x0000000023009146                UART_SendData
 .text.UART_GetRxFifoCount
                0x00000000230091b8       0x1a /home/melody/work/Doiting_BL/bl_iot_sdk/customer_app/sdk_app_uart_echo/build_out/bl602_std/libbl602_std.a(bl602_uart.o)
                0x00000000230091b8                UART_GetRxFifoCount
 .text.DMA_Enable
                0x00000000230091d2        0xe /home/melody/work/Doiting_BL/bl_iot_sdk/customer_app/sdk_app_uart_echo/build_out/bl602_std/libbl602_std.a(bl602_dma.o)
                0x00000000230091d2                DMA_Enable
 .text.DMA_Channel_Enable
                0x00000000230091e0       0x16 /home/melody/work/Doiting_BL/bl_iot_sdk/customer_app/sdk_app_uart_echo/build_out/bl602_std/libbl602_std.a(bl602_dma.o)
                0x00000000230091e0                DMA_Channel_Enable
 .text.DMA_LLI_Init
                0x00000000230091f6       0x36 /home/melody/work/Doiting_BL/bl_iot_sdk/customer_app/sdk_app_uart_echo/build_out/bl602_std/libbl602_std.a(bl602_dma.o)
                0x00000000230091f6                DMA_LLI_Init
 .text.DMA_LLI_Update
                0x000000002300922c       0x16 /home/melody/work/Doiting_BL/bl_iot_sdk/customer_app/sdk_app_uart_echo/build_out/bl602_std/libbl602_std.a(bl602_dma.o)
                0x000000002300922c                DMA_LLI_Update
 .text.DMA_IntMask
                0x0000000023009242       0x7c /home/melody/work/Doiting_BL/bl_iot_sdk/customer_app/sdk_app_uart_echo/build_out/bl602_std/libbl602_std.a(bl602_dma.o)
                0x0000000023009242                DMA_IntMask
 .text.Default_Handler
                0x00000000230092be        0xa /home/melody/work/Doiting_BL/bl_iot_sdk/customer_app/sdk_app_uart_echo/build_out/bl602_std/libbl602_std.a(bl602_common.o)
                0x00000000230092be                Default_Handler
 .text.GLB_Set_UART_CLK
                0x00000000230092c8       0x3e /home/melody/work/Doiting_BL/bl_iot_sdk/customer_app/sdk_app_uart_echo/build_out/bl602_std/libbl602_std.a(bl602_glb.o)
                0x00000000230092c8                GLB_Set_UART_CLK
 .text.GLB_UART_Fun_Sel
                0x0000000023009306       0x24 /home/melody/work/Doiting_BL/bl_iot_sdk/customer_app/sdk_app_uart_echo/build_out/bl602_std/libbl602_std.a(bl602_glb.o)
                0x0000000023009306                GLB_UART_Fun_Sel
 .text.HBN_Set_UART_CLK_Sel
                0x000000002300932a       0x12 /home/melody/work/Doiting_BL/bl_iot_sdk/customer_app/sdk_app_uart_echo/build_out/bl602_std/libbl602_std.a(bl602_hbn.o)
                0x000000002300932a                HBN_Set_UART_CLK_Sel
 .text.HBN_Get_RTC_Timer_Val
                0x000000002300933c       0x28 /home/melody/work/Doiting_BL/bl_iot_sdk/customer_app/sdk_app_uart_echo/build_out/bl602_std/libbl602_std.a(bl602_hbn.o)
                0x000000002300933c                HBN_Get_RTC_Timer_Val
 .text.bflb_platform_usart_dbg_send
                0x0000000023009364        0xa /home/melody/work/Doiting_BL/bl_iot_sdk/customer_app/sdk_app_uart_echo/build_out/bl602_std/libbl602_std.a(platform_device.o)
                0x0000000023009364                bflb_platform_usart_dbg_send
 .text.bflb_platform_printf
                0x000000002300936e       0x4e /home/melody/work/Doiting_BL/bl_iot_sdk/customer_app/sdk_app_uart_echo/build_out/bl602_std/libbl602_std.a(platform_device.o)
                0x000000002300936e                bflb_platform_printf
 .text.Default_Handler_Stub
                0x00000000230093bc       0x9c /home/melody/work/Doiting_BL/bl_iot_sdk/customer_app/sdk_app_uart_echo/build_out/bl602_std/libbl602_std.a(interrupt.o)
                0x00000000230093bc                HBN_OUT0_IRQHandler
                0x00000000230093bc                L1C_BMX_TO_IRQHandler
                0x00000000230093bc                IRTX_IRQHandler
                0x00000000230093bc                TIMER_CH0_IRQHandler
                0x00000000230093bc                SDIO_IRQHandler
                0x00000000230093bc                WIFI_IPC_PUBLIC_IRQHandler
                0x00000000230093bc                DMA_BMX_ERR_IRQHandler
                0x00000000230093bc                MAC_RX_TRG_IRQHandler
                0x00000000230093bc                EFUSE_IRQHandler
                0x00000000230093bc                TIMER_WDT_IRQHandler
                0x00000000230093bc                MAC_TXRX_TIMER_IRQHandler
                0x00000000230093bc                MAC_GEN_IRQHandler
                0x00000000230093bc                clic_csoft_handler
                0x00000000230093bc                BOR_IRQHandler
                0x00000000230093bc                MAC_PORT_TRG_IRQHandler
                0x00000000230093bc                SPI_IRQHandler
                0x00000000230093bc                HBN_OUT1_IRQHandler
                0x00000000230093bc                SEC_BMX_ERR_IRQHandler
                0x00000000230093bc                SF_CTRL_IRQHandler
                0x00000000230093bc                RF_TOP_INT0_IRQHandler
                0x00000000230093bc                MAC_TXRX_MISC_IRQHandler
                0x00000000230093bc                BZ_PHY_IRQHandler
                0x00000000230093bc                DMA_ALL_IRQHandler
                0x00000000230093bc                SEC_GMAC_IRQHandler
                0x00000000230093bc                BMX_ERR_IRQHandler
                0x00000000230093bc                SEC_PKA_IRQHandler
                0x00000000230093bc                TIMER_CH1_IRQHandler
                0x00000000230093bc                clic_msip_handler
                0x00000000230093bc                I2C_IRQHandler
                0x00000000230093bc                SEC_TRNG_IRQHandler
                0x00000000230093bc                GPIO_INT0_IRQHandler
                0x00000000230093bc                IRRX_IRQHandler
                0x00000000230093bc                L1C_BMX_ERR_IRQHandler
                0x00000000230093bc                BMX_TO_IRQHandler
                0x00000000230093bc                SEC_CDET_IRQHandler
                0x00000000230093bc                WIFI_IRQHandler
                0x00000000230093bc                clic_mtimer_handler
                0x00000000230093bc                PDS_WAKEUP_IRQHandler
                0x00000000230093bc                GPADC_DMA_IRQHandler
                0x00000000230093bc                BLE_IRQHandler
                0x00000000230093bc                PWM_IRQHandler
                0x00000000230093bc                MAC_TX_TRG_IRQHandler
                0x00000000230093bc                clic_mext_handler
                0x00000000230093bc                RF_TOP_INT1_IRQHandler
                0x00000000230093bc                SEC_AES_IRQHandler
                0x00000000230093bc                SEC_SHA_IRQHandler
                0x00000000230093bc                Default_Handler_Stub
 .text.misaligned_load_trap
                0x0000000023009458      0x152 /home/melody/work/Doiting_BL/bl_iot_sdk/customer_app/sdk_app_uart_echo/build_out/freertos_riscv_ram/libfreertos_riscv_ram.a(misaligned_ldst.o)
                0x0000000023009458                misaligned_load_trap
 .text.misaligned_store_trap
                0x00000000230095aa      0x14c /home/melody/work/Doiting_BL/bl_iot_sdk/customer_app/sdk_app_uart_echo/build_out/freertos_riscv_ram/libfreertos_riscv_ram.a(misaligned_ldst.o)
                0x00000000230095aa                misaligned_store_trap
 .text          0x00000000230096f6      0x200 /home/melody/work/Doiting_BL/bl_iot_sdk/customer_app/sdk_app_uart_echo/build_out/freertos_riscv_ram/libfreertos_riscv_ram.a(fp_asm.o)
                0x00000000230096f6                get_f32_reg
                0x00000000230097f6                put_f32_reg
 .text.backtrace_riscv
                0x00000000230098f6        0x4 /home/melody/work/Doiting_BL/bl_iot_sdk/customer_app/sdk_app_uart_echo/build_out/freertos_riscv_ram/libfreertos_riscv_ram.a(panic_c.o)
                0x00000000230098f6                backtrace_riscv
                0x00000000230098f6                backtrace_now
 *fill*         0x00000000230098fa        0x2 
 .text          0x00000000230098fc       0xf4 /home/melody/work/Doiting_BL/bl_iot_sdk/toolchain/riscv/Linux/bin/../lib/gcc/riscv64-unknown-elf/8.3.0/../../../../riscv64-unknown-elf/lib/rv32imf/ilp32f/libm.a(lib_a-s_modf.o)
                0x00000000230098fc                modf
 .text          0x00000000230099f0       0x4c /home/melody/work/Doiting_BL/bl_iot_sdk/toolchain/riscv/Linux/bin/../lib/gcc/riscv64-unknown-elf/8.3.0/rv32imf/ilp32f/libgcc.a(_clzsi2.o)
                0x00000000230099f0                __clzsi2
 .text          0x0000000023009a3c      0x480 /home/melody/work/Doiting_BL/bl_iot_sdk/toolchain/riscv/Linux/bin/../lib/gcc/riscv64-unknown-elf/8.3.0/rv32imf/ilp32f/libgcc.a(_divdi3.o)
                0x0000000023009a3c                __divdi3
 .text          0x0000000023009ebc      0x458 /home/melody/work/Doiting_BL/bl_iot_sdk/toolchain/riscv/Linux/bin/../lib/gcc/riscv64-unknown-elf/8.3.0/rv32imf/ilp32f/libgcc.a(_moddi3.o)
                0x0000000023009ebc                __moddi3
 .text          0x000000002300a314      0x434 /home/melody/work/Doiting_BL/bl_iot_sdk/toolchain/riscv/Linux/bin/../lib/gcc/riscv64-unknown-elf/8.3.0/rv32imf/ilp32f/libgcc.a(_udivdi3.o)
                0x000000002300a314                __udivdi3
 .text          0x000000002300a748      0x410 /home/melody/work/Doiting_BL/bl_iot_sdk/toolchain/riscv/Linux/bin/../lib/gcc/riscv64-unknown-elf/8.3.0/rv32imf/ilp32f/libgcc.a(_umoddi3.o)
                0x000000002300a748                __umoddi3
 .text          0x000000002300ab58      0xb50 /home/melody/work/Doiting_BL/bl_iot_sdk/toolchain/riscv/Linux/bin/../lib/gcc/riscv64-unknown-elf/8.3.0/rv32imf/ilp32f/libgcc.a(adddf3.o)
                0x000000002300ab58                __adddf3
 .text          0x000000002300b6a8      0x8ac /home/melody/work/Doiting_BL/bl_iot_sdk/toolchain/riscv/Linux/bin/../lib/gcc/riscv64-unknown-elf/8.3.0/rv32imf/ilp32f/libgcc.a(divdf3.o)
                0x000000002300b6a8                __divdf3
 .text          0x000000002300bf54       0xc8 /home/melody/work/Doiting_BL/bl_iot_sdk/toolchain/riscv/Linux/bin/../lib/gcc/riscv64-unknown-elf/8.3.0/rv32imf/ilp32f/libgcc.a(eqdf2.o)
                0x000000002300bf54                __eqdf2
                0x000000002300bf54                __nedf2
 .text          0x000000002300c01c       0xec /home/melody/work/Doiting_BL/bl_iot_sdk/toolchain/riscv/Linux/bin/../lib/gcc/riscv64-unknown-elf/8.3.0/rv32imf/ilp32f/libgcc.a(gedf2.o)
                0x000000002300c01c                __gtdf2
                0x000000002300c01c                __gedf2
 .text          0x000000002300c108       0xec /home/melody/work/Doiting_BL/bl_iot_sdk/toolchain/riscv/Linux/bin/../lib/gcc/riscv64-unknown-elf/8.3.0/rv32imf/ilp32f/libgcc.a(ledf2.o)
                0x000000002300c108                __ltdf2
                0x000000002300c108                __ledf2
 .text          0x000000002300c1f4      0x79c /home/melody/work/Doiting_BL/bl_iot_sdk/toolchain/riscv/Linux/bin/../lib/gcc/riscv64-unknown-elf/8.3.0/rv32imf/ilp32f/libgcc.a(muldf3.o)
                0x000000002300c1f4                __muldf3
 .text          0x000000002300c990      0xb38 /home/melody/work/Doiting_BL/bl_iot_sdk/toolchain/riscv/Linux/bin/../lib/gcc/riscv64-unknown-elf/8.3.0/rv32imf/ilp32f/libgcc.a(subdf3.o)
                0x000000002300c990                __subdf3
 .text          0x000000002300d4c8       0xfc /home/melody/work/Doiting_BL/bl_iot_sdk/toolchain/riscv/Linux/bin/../lib/gcc/riscv64-unknown-elf/8.3.0/rv32imf/ilp32f/libgcc.a(fixdfsi.o)
                0x000000002300d4c8                __fixdfsi
 .text          0x000000002300d5c4        0xc /home/melody/work/Doiting_BL/bl_iot_sdk/toolchain/riscv/Linux/bin/../lib/gcc/riscv64-unknown-elf/8.3.0/../../../../riscv64-unknown-elf/lib/rv32imf/ilp32f/libc.a(lib_a-errno.o)
                0x000000002300d5c4                __errno
 .text          0x000000002300d5d0       0xdc /home/melody/work/Doiting_BL/bl_iot_sdk/toolchain/riscv/Linux/bin/../lib/gcc/riscv64-unknown-elf/8.3.0/../../../../riscv64-unknown-elf/lib/rv32imf/ilp32f/libc.a(lib_a-memchr.o)
                0x000000002300d5d0                memchr
 .text          0x000000002300d6ac       0x88 /home/melody/work/Doiting_BL/bl_iot_sdk/toolchain/riscv/Linux/bin/../lib/gcc/riscv64-unknown-elf/8.3.0/../../../../riscv64-unknown-elf/lib/rv32imf/ilp32f/libc.a(lib_a-memcmp.o)
                0x000000002300d6ac                memcmp
 .text          0x000000002300d734      0x11c /home/melody/work/Doiting_BL/bl_iot_sdk/toolchain/riscv/Linux/bin/../lib/gcc/riscv64-unknown-elf/8.3.0/../../../../riscv64-unknown-elf/lib/rv32imf/ilp32f/libc.a(lib_a-memcpy.o)
                0x000000002300d734                memcpy
 .text          0x000000002300d850       0xdc /home/melody/work/Doiting_BL/bl_iot_sdk/toolchain/riscv/Linux/bin/../lib/gcc/riscv64-unknown-elf/8.3.0/../../../../riscv64-unknown-elf/lib/rv32imf/ilp32f/libc.a(lib_a-memset.o)
                0x000000002300d850                memset
 .text          0x000000002300d92c      0x16c /home/melody/work/Doiting_BL/bl_iot_sdk/toolchain/riscv/Linux/bin/../lib/gcc/riscv64-unknown-elf/8.3.0/../../../../riscv64-unknown-elf/lib/rv32imf/ilp32f/libc.a(lib_a-strchr.o)
                0x000000002300d92c                strchr
 .text          0x000000002300da98      0x17c /home/melody/work/Doiting_BL/bl_iot_sdk/toolchain/riscv/Linux/bin/../lib/gcc/riscv64-unknown-elf/8.3.0/../../../../riscv64-unknown-elf/lib/rv32imf/ilp32f/libc.a(lib_a-strcmp.o)
                0x000000002300da98                strcmp
 .text          0x000000002300dc14       0xb0 /home/melody/work/Doiting_BL/bl_iot_sdk/toolchain/riscv/Linux/bin/../lib/gcc/riscv64-unknown-elf/8.3.0/../../../../riscv64-unknown-elf/lib/rv32imf/ilp32f/libc.a(lib_a-strcpy.o)
                0x000000002300dc14                strcpy
 .text          0x000000002300dcc4       0x8c /home/melody/work/Doiting_BL/bl_iot_sdk/toolchain/riscv/Linux/bin/../lib/gcc/riscv64-unknown-elf/8.3.0/../../../../riscv64-unknown-elf/lib/rv32imf/ilp32f/libc.a(lib_a-strlen.o)
                0x000000002300dcc4                strlen
 .text          0x000000002300dd50       0xf0 /home/melody/work/Doiting_BL/bl_iot_sdk/toolchain/riscv/Linux/bin/../lib/gcc/riscv64-unknown-elf/8.3.0/../../../../riscv64-unknown-elf/lib/rv32imf/ilp32f/libc.a(lib_a-strncmp.o)
                0x000000002300dd50                strncmp
 .text          0x000000002300de40       0xcc /home/melody/work/Doiting_BL/bl_iot_sdk/toolchain/riscv/Linux/bin/../lib/gcc/riscv64-unknown-elf/8.3.0/../../../../riscv64-unknown-elf/lib/rv32imf/ilp32f/libc.a(lib_a-strncpy.o)
                0x000000002300de40                strncpy
 .text          0x000000002300df0c       0x44 /home/melody/work/Doiting_BL/bl_iot_sdk/toolchain/riscv/Linux/bin/../lib/gcc/riscv64-unknown-elf/8.3.0/../../../../riscv64-unknown-elf/lib/rv32imf/ilp32f/libc.a(lib_a-strnlen.o)
                0x000000002300df0c                strnlen
 .text          0x000000002300df50       0x58 /home/melody/work/Doiting_BL/bl_iot_sdk/toolchain/riscv/Linux/bin/../lib/gcc/riscv64-unknown-elf/8.3.0/../../../../riscv64-unknown-elf/lib/rv32imf/ilp32f/libc.a(lib_a-strrchr.o)
                0x000000002300df50                strrchr
 .text          0x000000002300dfa8      0x6f4 /home/melody/work/Doiting_BL/bl_iot_sdk/toolchain/riscv/Linux/bin/../lib/gcc/riscv64-unknown-elf/8.3.0/../../../../riscv64-unknown-elf/lib/rv32imf/ilp32f/libc.a(lib_a-strstr.o)
                0x000000002300e41c                strstr
 .text          0x000000002300e69c      0x1ec /home/melody/work/Doiting_BL/bl_iot_sdk/toolchain/riscv/Linux/bin/../lib/gcc/riscv64-unknown-elf/8.3.0/../../../../riscv64-unknown-elf/lib/rv32imf/ilp32f/libc.a(lib_a-strtol.o)
                0x000000002300e854                _strtol_r
                0x000000002300e858                strtol_l
                0x000000002300e870                strtol
 .text          0x000000002300e888       0x14 /home/melody/work/Doiting_BL/bl_iot_sdk/toolchain/riscv/Linux/bin/../lib/gcc/riscv64-unknown-elf/8.3.0/../../../../riscv64-unknown-elf/lib/rv32imf/ilp32f/libc.a(lib_a-sysstat.o)
                0x000000002300e888                stat
 .text          0x000000002300e89c       0x64 /home/melody/work/Doiting_BL/bl_iot_sdk/toolchain/riscv/Linux/bin/../lib/gcc/riscv64-unknown-elf/8.3.0/../../../../riscv64-unknown-elf/lib/rv32imf/ilp32f/libc.a(lib_a-statr.o)
                0x000000002300e89c                _stat_r
 .text          0x000000002300e900       0x70 /home/melody/work/Doiting_BL/bl_iot_sdk/toolchain/riscv/Linux/bin/../lib/gcc/riscv64-unknown-elf/8.3.0/../../../../riscv64-unknown-elf/lib/rv32imf/ilp32f/libgloss.a(sys_stat.o)
                0x000000002300e900                _stat
 .text          0x000000002300e970       0xa4 /home/melody/work/Doiting_BL/bl_iot_sdk/toolchain/riscv/Linux/bin/../lib/gcc/riscv64-unknown-elf/8.3.0/../../../../riscv64-unknown-elf/lib/rv32imf/ilp32f/libgloss.a(sys_conv_stat.o)
                0x000000002300e970                _conv_stat
 *(.gnu.linkonce.t.*)

.rodata         0x000000002300ea18     0x1af0
 *(.rdata)
 *(.rodata .rodata.*)
 .rodata.hal_boot2_partition_bus_addr.str1.4
                0x000000002300ea18        0x3 /home/melody/work/Doiting_BL/bl_iot_sdk/customer_app/sdk_app_uart_echo/build_out/hal_drv/libhal_drv.a(hal_boot2.o)
 *fill*         0x000000002300ea1b        0x1 
 .rodata.aos_loop_proc.str1.4
                0x000000002300ea1c       0xc9 /home/melody/work/Doiting_BL/bl_iot_sdk/customer_app/sdk_app_uart_echo/build_out/sdk_app_uart_echo/libsdk_app_uart_echo.a(main.o)
                                         0xf9 (size before relaxing)
 *fill*         0x000000002300eae5        0x3 
 .rodata.bfl_main.str1.4
                0x000000002300eae8      0x148 /home/melody/work/Doiting_BL/bl_iot_sdk/customer_app/sdk_app_uart_echo/build_out/sdk_app_uart_echo/libsdk_app_uart_echo.a(main.o)
                                        0x14c (size before relaxing)
 .rodata.vApplicationMallocFailedHook.str1.4
                0x000000002300ec30       0x38 /home/melody/work/Doiting_BL/bl_iot_sdk/customer_app/sdk_app_uart_echo/build_out/sdk_app_uart_echo/libsdk_app_uart_echo.a(main.o)
 .rodata.vApplicationStackOverflowHook.str1.4
                0x000000002300ec68       0x19 /home/melody/work/Doiting_BL/bl_iot_sdk/customer_app/sdk_app_uart_echo/build_out/sdk_app_uart_echo/libsdk_app_uart_echo.a(main.o)
 *fill*         0x000000002300ec81        0x3 
 .rodata.ci_loop_proc.str1.4
                0x000000002300ec84       0x16 /home/melody/work/Doiting_BL/bl_iot_sdk/customer_app/sdk_app_uart_echo/build_out/sdk_app_uart_echo/libsdk_app_uart_echo.a(demo.o)
 *fill*         0x000000002300ec9a        0x2 
 .rodata.log_step.str1.4
                0x000000002300ec9c        0xa /home/melody/work/Doiting_BL/bl_iot_sdk/customer_app/sdk_app_uart_echo/build_out/sdk_app_uart_echo/libsdk_app_uart_echo.a(demo.o)
 *fill*         0x000000002300eca6        0x2 
 .rodata.str1.4