Archive member included to satisfy reference by file (symbol)

/home/melody/work/BL602_Demo/bl_iot_sdk/customer_app/bl602_boot2_mini/build_out/bl602_std/libbl602_std.a(entry.o)
                              (_enter)
/home/melody/work/BL602_Demo/bl_iot_sdk/customer_app/bl602_boot2_mini/build_out/bl602_std/libbl602_std.a(start_load.o)
                              /home/melody/work/BL602_Demo/bl_iot_sdk/customer_app/bl602_boot2_mini/build_out/bl602_std/libbl602_std.a(entry.o) (start_load)
/home/melody/work/BL602_Demo/bl_iot_sdk/customer_app/bl602_boot2_mini/build_out/bl602_std/libbl602_std.a(system_bl602.o)
                              /home/melody/work/BL602_Demo/bl_iot_sdk/customer_app/bl602_boot2_mini/build_out/bl602_std/libbl602_std.a(entry.o) (SystemInit)
/home/melody/work/BL602_Demo/bl_iot_sdk/customer_app/bl602_boot2_mini/build_out/bl602_std/libbl602_std.a(bl602_glb.o)
                              /home/melody/work/BL602_Demo/bl_iot_sdk/customer_app/bl602_boot2_mini/build_out/bl602_std/libbl602_std.a(system_bl602.o) (GLB_Set_EM_Sel)
/home/melody/work/BL602_Demo/bl_iot_sdk/customer_app/bl602_boot2_mini/build_out/bl602_std/libbl602_std.a(bl602_hbn.o)
                              /home/melody/work/BL602_Demo/bl_iot_sdk/customer_app/bl602_boot2_mini/build_out/bl602_std/libbl602_std.a(bl602_glb.o) (HBN_Set_UART_CLK_Sel)
/home/melody/work/BL602_Demo/bl_iot_sdk/customer_app/bl602_boot2_mini/build_out/bl602_std/libbl602_std.a(bl602_aon.o)
                              /home/melody/work/BL602_Demo/bl_iot_sdk/customer_app/bl602_boot2_mini/build_out/bl602_std/libbl602_std.a(bl602_glb.o) (AON_Power_On_XTAL)
/home/melody/work/BL602_Demo/bl_iot_sdk/customer_app/bl602_boot2_mini/build_out/bl602_std/libbl602_std.a(bl602_pds.o)
                              /home/melody/work/BL602_Demo/bl_iot_sdk/customer_app/bl602_boot2_mini/build_out/bl602_std/libbl602_std.a(bl602_glb.o) (PDS_Enable_PLL_All_Clks)
/home/melody/work/BL602_Demo/bl_iot_sdk/customer_app/bl602_boot2_mini/build_out/bl602_std/libbl602_std.a(bl602_l1c.o)
                              /home/melody/work/BL602_Demo/bl_iot_sdk/customer_app/bl602_boot2_mini/build_out/bl602_std/libbl602_std.a(bl602_glb.o) (L1C_IROM_2T_Access_Set)
/home/melody/work/BL602_Demo/bl_iot_sdk/customer_app/bl602_boot2_mini/build_out/bl602_std/libbl602_std.a(bl602_ef_ctrl.o)
                              /home/melody/work/BL602_Demo/bl_iot_sdk/customer_app/bl602_boot2_mini/build_out/bl602_std/libbl602_std.a(bl602_hbn.o) (EF_Ctrl_Get_Trim_Parity)
/home/melody/work/BL602_Demo/bl_iot_sdk/customer_app/bl602_boot2_mini/build_out/bl602_std/libbl602_std.a(platform_device.o)
                              /home/melody/work/BL602_Demo/bl_iot_sdk/customer_app/bl602_boot2_mini/build_out/bl602_std/libbl602_std.a(bl602_glb.o) (bflb_platform_printf)
/home/melody/work/BL602_Demo/bl_iot_sdk/customer_app/bl602_boot2_mini/build_out/bl602_std/libbl602_std.a(platform_gpio.o)
                              /home/melody/work/BL602_Demo/bl_iot_sdk/customer_app/bl602_boot2_mini/build_out/bl602_std/libbl602_std.a(platform_device.o) (bflb_platform_init_uart_debug_gpio)
/home/melody/work/BL602_Demo/bl_iot_sdk/customer_app/bl602_boot2_mini/build_out/bl602_std/libbl602_std.a(ring_buffer.o)
                              /home/melody/work/BL602_Demo/bl_iot_sdk/customer_app/bl602_boot2_mini/build_out/bl602_std/libbl602_std.a(platform_device.o) (Ring_Buffer_Init)
/home/melody/work/BL602_Demo/bl_iot_sdk/customer_app/bl602_boot2_mini/build_out/bl602_std/libbl602_std.a(interrupt.o)
                              /home/melody/work/BL602_Demo/bl_iot_sdk/customer_app/bl602_boot2_mini/build_out/bl602_std/libbl602_std.a(platform_device.o) (clic_enable_interrupt)
/home/melody/work/BL602_Demo/bl_iot_sdk/customer_app/bl602_boot2_mini/build_out/bl602_std/libbl602_std.a(bl602_romapi.o)
                              /home/melody/work/BL602_Demo/bl_iot_sdk/customer_app/bl602_boot2_mini/build_out/bl602_std/libbl602_std.a(bl602_glb.o) (BL602_Delay_US)
/home/melody/work/BL602_Demo/bl_iot_sdk/customer_app/bl602_boot2_mini/build_out/bl602_std/libbl602_std.a(bl602_uart.o)
                              /home/melody/work/BL602_Demo/bl_iot_sdk/customer_app/bl602_boot2_mini/build_out/bl602_std/libbl602_std.a(platform_device.o) (UART_Init)
/home/melody/work/BL602_Demo/bl_iot_sdk/customer_app/bl602_boot2_mini/build_out/bl602_std/libbl602_std.a(bl602_sec_eng.o)
                              /home/melody/work/BL602_Demo/bl_iot_sdk/customer_app/bl602_boot2_mini/build_out/bl602_std/libbl602_std.a(platform_device.o) (Sec_Eng_Trng_Enable)
/home/melody/work/BL602_Demo/bl_iot_sdk/customer_app/bl602_boot2_mini/build_out/bl602_std/libbl602_std.a(bl602_common.o)
                              /home/melody/work/BL602_Demo/bl_iot_sdk/customer_app/bl602_boot2_mini/build_out/bl602_std/libbl602_std.a(interrupt.o) (Default_Handler)
/home/melody/work/BL602_Demo/bl_iot_sdk/customer_app/bl602_boot2_mini/build_out/bl602/libbl602.a(debug.o)
[...]
Memory Configuration

Name             Origin             Length             Attributes
xip_memory       0x0000000023000000 0x000000000000c000 xr
itcm_memory      0x0000000022010000 0x0000000000004000 xr
dtcm_memory      0x0000000042014000 0x000000000000c000 xr
ram_memory       0x0000000042020000 0x0000000000018000 !xr
*default*        0x0000000000000000 0xffffffffffffffff

Linker script and memory map

START GROUP
LOAD /home/melody/work/BL602_Demo/bl_iot_sdk/customer_app/bl602_boot2_mini/build_out/bl602/libbl602.a
LOAD /home/melody/work/BL602_Demo/bl_iot_sdk/customer_app/bl602_boot2_mini/build_out/bl602_boot2_mini/libbl602_boot2_mini.a
LOAD /home/melody/work/BL602_Demo/bl_iot_sdk/customer_app/bl602_boot2_mini/build_out/bl602_std/libbl602_std.a
END GROUP
LOAD /home/melody/work/BL602_Demo/bl_iot_sdk/toolchain/riscv/Linux/bin/../lib/gcc/riscv64-unknown-elf/8.3.0/../../../../riscv64-unknown-elf/lib/rv32imf/ilp32f/libm.a
LOAD /home/melody/work/BL602_Demo/bl_iot_sdk/toolchain/riscv/Linux/bin/../lib/gcc/riscv64-unknown-elf/8.3.0/rv32imf/ilp32f/libgcc.a
START GROUP
LOAD /home/melody/work/BL602_Demo/bl_iot_sdk/toolchain/riscv/Linux/bin/../lib/gcc/riscv64-unknown-elf/8.3.0/../../../../riscv64-unknown-elf/lib/rv32imf/ilp32f/libc.a
LOAD /home/melody/work/BL602_Demo/bl_iot_sdk/toolchain/riscv/Linux/bin/../lib/gcc/riscv64-unknown-elf/8.3.0/../../../../riscv64-unknown-elf/lib/rv32imf/ilp32f/libgloss.a
END GROUP
LOAD /home/melody/work/BL602_Demo/bl_iot_sdk/toolchain/riscv/Linux/bin/../lib/gcc/riscv64-unknown-elf/8.3.0/rv32imf/ilp32f/libgcc.a
LOAD /home/melody/work/BL602_Demo/bl_iot_sdk/toolchain/riscv/Linux/bin/../lib/gcc/riscv64-unknown-elf/8.3.0/../../../../riscv64-unknown-elf/lib/rv32imf/ilp32f/libc.a
LOAD /home/melody/work/BL602_Demo/bl_iot_sdk/toolchain/riscv/Linux/bin/../lib/gcc/riscv64-unknown-elf/8.3.0/rv32imf/ilp32f/libgcc.a
                0x0000000000000400                StackSize = 0x400
                0x0000000000000000                PROVIDE (__metal_chicken_bit = 0x0)

.text           0x0000000023000000     0x3f08
                0x0000000023000000                . = ALIGN (0x4)
                0x0000000023000000                __text_code_start__ = .
 *(.text.metal.init.enter)
 .text.metal.init.enter
                0x0000000023000000       0x86 /home/melody/work/BL602_Demo/bl_iot_sdk/customer_app/bl602_boot2_mini/build_out/bl602_std/libbl602_std.a(entry.o)
                0x0000000023000000                _enter
 *(SORT_NONE(.init))
 *fill*         0x0000000023000086       0x3a 
 .init          0x00000000230000c0      0x142 /home/melody/work/BL602_Demo/bl_iot_sdk/customer_app/bl602_boot2_mini/build_out/bl602_std/libbl602_std.a(interrupt.o)
                0x00000000230000c0                __Vectors
 *(.text)
 *fill*         0x0000000023000202        0x2 
 .text          0x0000000023000204      0x434 /home/melody/work/BL602_Demo/bl_iot_sdk/toolchain/riscv/Linux/bin/../lib/gcc/riscv64-unknown-elf/8.3.0/rv32imf/ilp32f/libgcc.a(_udivdi3.o)
                0x0000000023000204                __udivdi3
 .text          0x0000000023000638      0x410 /home/melody/work/BL602_Demo/bl_iot_sdk/toolchain/riscv/Linux/bin/../lib/gcc/riscv64-unknown-elf/8.3.0/rv32imf/ilp32f/libgcc.a(_umoddi3.o)
                0x0000000023000638                __umoddi3
 .text          0x0000000023000a48       0x88 /home/melody/work/BL602_Demo/bl_iot_sdk/toolchain/riscv/Linux/bin/../lib/gcc/riscv64-unknown-elf/8.3.0/../../../../riscv64-unknown-elf/lib/rv32imf/ilp32f/libc.a(lib_a-memcmp.o)
                0x0000000023000a48                memcmp
 .text          0x0000000023000ad0      0x11c /home/melody/work/BL602_Demo/bl_iot_sdk/toolchain/riscv/Linux/bin/../lib/gcc/riscv64-unknown-elf/8.3.0/../../../../riscv64-unknown-elf/lib/rv32imf/ilp32f/libc.a(lib_a-memcpy.o)
                0x0000000023000ad0                memcpy
 .text          0x0000000023000bec       0xdc /home/melody/work/BL602_Demo/bl_iot_sdk/toolchain/riscv/Linux/bin/../lib/gcc/riscv64-unknown-elf/8.3.0/../../../../riscv64-unknown-elf/lib/rv32imf/ilp32f/libc.a(lib_a-memset.o)
                0x0000000023000bec                memset
 .text          0x0000000023000cc8       0x8c /home/melody/work/BL602_Demo/bl_iot_sdk/toolchain/riscv/Linux/bin/../lib/gcc/riscv64-unknown-elf/8.3.0/../../../../riscv64-unknown-elf/lib/rv32imf/ilp32f/libc.a(lib_a-strlen.o)
                0x0000000023000cc8                strlen
 *(.text.*)
 .text.start_load
                0x0000000023000d54       0xbe /home/melody/work/BL602_Demo/bl_iot_sdk/customer_app/bl602_boot2_mini/build_out/bl602_std/libbl602_std.a(start_load.o)
                0x0000000023000d54                start_load
 .text.system_bor_init
                0x0000000023000e12       0x18 /home/melody/work/BL602_Demo/bl_iot_sdk/customer_app/bl602_boot2_mini/build_out/bl602_std/libbl602_std.a(system_bl602.o)
                0x0000000023000e12                system_bor_init
 .text.SystemInit
                0x0000000023000e2a       0x7e /home/melody/work/BL602_Demo/bl_iot_sdk/customer_app/bl602_boot2_mini/build_out/bl602_std/libbl602_std.a(system_bl602.o)
                0x0000000023000e2a                SystemInit
 .text.GLB_Set_UART_CLK
                0x0000000023000ea8       0x3e /home/melody/work/BL602_Demo/bl_iot_sdk/customer_app/bl602_boot2_mini/build_out/bl602_std/libbl602_std.a(bl602_glb.o)
                0x0000000023000ea8                GLB_Set_UART_CLK
 .text.GLB_AHB_Slave1_Reset
                0x0000000023000ee6       0x34 /home/melody/work/BL602_Demo/bl_iot_sdk/customer_app/bl602_boot2_mini/build_out/bl602_std/libbl602_std.a(bl602_glb.o)
                0x0000000023000ee6                GLB_AHB_Slave1_Reset
 .text.BMX_ERR_IRQHandler
                0x0000000023000f1a       0x70 /home/melody/work/BL602_Demo/bl_iot_sdk/customer_app/bl602_boot2_mini/build_out/bl602_std/libbl602_std.a(bl602_glb.o)
                0x0000000023000f1a                BMX_ERR_IRQHandler
 .text.BMX_TO_IRQHandler
                0x0000000023000f8a       0x70 /home/melody/work/BL602_Demo/bl_iot_sdk/customer_app/bl602_boot2_mini/build_out/bl602_std/libbl602_std.a(bl602_glb.o)
                0x0000000023000f8a                BMX_TO_IRQHandler
 .text.GLB_Set_EM_Sel
                0x0000000023000ffa       0x10 /home/melody/work/BL602_Demo/bl_iot_sdk/customer_app/bl602_boot2_mini/build_out/bl602_std/libbl602_std.a(bl602_glb.o)
                0x0000000023000ffa                GLB_Set_EM_Sel
 .text.GLB_UART_Sig_Swap_Set
                0x000000002300100a       0x1c /home/melody/work/BL602_Demo/bl_iot_sdk/customer_app/bl602_boot2_mini/build_out/bl602_std/libbl602_std.a(bl602_glb.o)
                0x000000002300100a                GLB_UART_Sig_Swap_Set
 .text.GLB_JTAG_Sig_Swap_Set
                0x0000000023001026       0x18 /home/melody/work/BL602_Demo/bl_iot_sdk/customer_app/bl602_boot2_mini/build_out/bl602_std/libbl602_std.a(bl602_glb.o)
                0x0000000023001026                GLB_JTAG_Sig_Swap_Set
 .text.GLB_Set_MTimer_CLK
                0x000000002300103e       0x4a /home/melody/work/BL602_Demo/bl_iot_sdk/customer_app/bl602_boot2_mini/build_out/bl602_std/libbl602_std.a(bl602_glb.o)
                0x000000002300103e                GLB_Set_MTimer_CLK
 .text.GLB_UART_Fun_Sel
                0x0000000023001088       0x24 /home/melody/work/BL602_Demo/bl_iot_sdk/customer_app/bl602_boot2_mini/build_out/bl602_std/libbl602_std.a(bl602_glb.o)
                0x0000000023001088                GLB_UART_Fun_Sel
 .text.GLB_GPIO_IntMask
                0x00000000230010ac       0x2e /home/melody/work/BL602_Demo/bl_iot_sdk/customer_app/bl602_boot2_mini/build_out/bl602_std/libbl602_std.a(bl602_glb.o)
                0x00000000230010ac                GLB_GPIO_IntMask
 .text.GLB_GPIO_IntClear
                0x00000000230010da       0x2e /home/melody/work/BL602_Demo/bl_iot_sdk/customer_app/bl602_boot2_mini/build_out/bl602_std/libbl602_std.a(bl602_glb.o)
                0x00000000230010da                GLB_GPIO_IntClear
 .text.GLB_Get_GPIO_IntStatus
                0x0000000023001108       0x1e /home/melody/work/BL602_Demo/bl_iot_sdk/customer_app/bl602_boot2_mini/build_out/bl602_std/libbl602_std.a(bl602_glb.o)
                0x0000000023001108                GLB_Get_GPIO_IntStatus
 .text.GPIO_INT0_IRQHandler
                0x0000000023001126      0x11c /home/melody/work/BL602_Demo/bl_iot_sdk/customer_app/bl602_boot2_mini/build_out/bl602_std/libbl602_std.a(bl602_glb.o)
                0x0000000023001126                GPIO_INT0_IRQHandler
 .text.HBN_Set_UART_CLK_Sel
                0x0000000023001242       0x12 /home/melody/work/BL602_Demo/bl_iot_sdk/customer_app/bl602_boot2_mini/build_out/bl602_std/libbl602_std.a(bl602_hbn.o)
                0x0000000023001242                HBN_Set_UART_CLK_Sel
 .text.HBN_Set_XCLK_CLK_Sel
                0x0000000023001254       0x3c /home/melody/work/BL602_Demo/bl_iot_sdk/customer_app/bl602_boot2_mini/build_out/bl602_std/libbl602_std.a(bl602_hbn.o)
                0x0000000023001254                HBN_Set_XCLK_CLK_Sel
 .text.HBN_Clear_RTC_INT
                0x0000000023001290        0xe /home/melody/work/BL602_Demo/bl_iot_sdk/customer_app/bl602_boot2_mini/build_out/bl602_std/libbl602_std.a(bl602_hbn.o)
                0x0000000023001290                HBN_Clear_RTC_INT
 .text.HBN_Get_INT_State
                0x000000002300129e       0x14 /home/melody/work/BL602_Demo/bl_iot_sdk/customer_app/bl602_boot2_mini/build_out/bl602_std/libbl602_std.a(bl602_hbn.o)
                0x000000002300129e                HBN_Get_INT_State
 .text.HBN_Clear_IRQ
                0x00000000230012b2       0x1e /home/melody/work/BL602_Demo/bl_iot_sdk/customer_app/bl602_boot2_mini/build_out/bl602_std/libbl602_std.a(bl602_hbn.o)
                0x00000000230012b2                HBN_Clear_IRQ
 .text.HBN_Enable_BOR_IRQ
                0x00000000230012d0       0x12 /home/melody/work/BL602_Demo/bl_iot_sdk/customer_app/bl602_boot2_mini/build_out/bl602_std/libbl602_std.a(bl602_hbn.o)
                0x00000000230012d0                HBN_Enable_BOR_IRQ
 .text.HBN_Disable_BOR_IRQ
                0x00000000230012e2       0x14 /home/melody/work/BL602_Demo/bl_iot_sdk/customer_app/bl602_boot2_mini/build_out/bl602_std/libbl602_std.a(bl602_hbn.o)
                0x00000000230012e2                HBN_Disable_BOR_IRQ
 .text.HBN_Set_BOR_Cfg
                0x00000000230012f6       0x52 /home/melody/work/BL602_Demo/bl_iot_sdk/customer_app/bl602_boot2_mini/build_out/bl602_std/libbl602_std.a(bl602_hbn.o)
                0x00000000230012f6                HBN_Set_BOR_Cfg
 .text.HBN_OUT0_IRQHandler
                0x0000000023001348       0xda /home/melody/work/BL602_Demo/bl_iot_sdk/customer_app/bl602_boot2_mini/build_out/bl602_std/libbl602_std.a(bl602_hbn.o)
                0x0000000023001348                HBN_OUT0_IRQHandler
 .text.HBN_OUT1_IRQHandler
                0x0000000023001422       0xf0 /home/melody/work/BL602_Demo/bl_iot_sdk/customer_app/bl602_boot2_mini/build_out/bl602_std/libbl602_std.a(bl602_hbn.o)
                0x0000000023001422                HBN_OUT1_IRQHandler
 .text.PDS_Get_IntStatus
                0x0000000023001512       0x14 /home/melody/work/BL602_Demo/bl_iot_sdk/customer_app/bl602_boot2_mini/build_out/bl602_std/libbl602_std.a(bl602_pds.o)
                0x0000000023001512                PDS_Get_IntStatus
 .text.PDS_IntClear
                0x0000000023001526       0x20 /home/melody/work/BL602_Demo/bl_iot_sdk/customer_app/bl602_boot2_mini/build_out/bl602_std/libbl602_std.a(bl602_pds.o)
                0x0000000023001526                PDS_IntClear
 .text.PDS_WAKEUP_IRQHandler
                0x0000000023001546       0xc8 /home/melody/work/BL602_Demo/bl_iot_sdk/customer_app/bl602_boot2_mini/build_out/bl602_std/libbl602_std.a(bl602_pds.o)
                0x0000000023001546                PDS_WAKEUP_IRQHandler
 .text.L1C_BMX_ERR_IRQHandler
                0x000000002300160e       0x6e /home/melody/work/BL602_Demo/bl_iot_sdk/customer_app/bl602_boot2_mini/build_out/bl602_std/libbl602_std.a(bl602_l1c.o)
                0x000000002300160e                L1C_BMX_ERR_IRQHandler
 .text.L1C_BMX_TO_IRQHandler
                0x000000002300167c       0x6e /home/melody/work/BL602_Demo/bl_iot_sdk/customer_app/bl602_boot2_mini/build_out/bl602_std/libbl602_std.a(bl602_l1c.o)
                0x000000002300167c                L1C_BMX_TO_IRQHandler
 .text.EF_Ctrl_Get_Byte_Zero_Cnt
                0x00000000230016ea       0x1a /home/melody/work/BL602_Demo/bl_iot_sdk/customer_app/bl602_boot2_mini/build_out/bl602_std/libbl602_std.a(bl602_ef_ctrl.o)
 .text.EF_Ctrl_Read_Secure_Boot
                0x0000000023001704       0x3c /home/melody/work/BL602_Demo/bl_iot_sdk/customer_app/bl602_boot2_mini/build_out/bl602_std/libbl602_std.a(bl602_ef_ctrl.o)
                0x0000000023001704                EF_Ctrl_Read_Secure_Boot
 .text.EF_Ctrl_Read_Sw_Usage
                0x0000000023001740       0x2c /home/melody/work/BL602_Demo/bl_iot_sdk/customer_app/bl602_boot2_mini/build_out/bl602_std/libbl602_std.a(bl602_ef_ctrl.o)
                0x0000000023001740                EF_Ctrl_Read_Sw_Usage
 .text.EF_Ctrl_Read_MAC_Address
                0x000000002300176c       0x9e /home/melody/work/BL602_Demo/bl_iot_sdk/customer_app/bl602_boot2_mini/build_out/bl602_std/libbl602_std.a(bl602_ef_ctrl.o)
                0x000000002300176c                EF_Ctrl_Read_MAC_Address
 .text.EF_Ctrl_Read_Chip_ID
                0x000000002300180a        0xa /home/melody/work/BL602_Demo/bl_iot_sdk/customer_app/bl602_boot2_mini/build_out/bl602_std/libbl602_std.a(bl602_ef_ctrl.o)
                0x000000002300180a                EF_Ctrl_Read_Chip_ID
 .text.EF_Ctrl_Read_AES_Key
                0x0000000023001814       0x38 /home/melody/work/BL602_Demo/bl_iot_sdk/customer_app/bl602_boot2_mini/build_out/bl602_std/libbl602_std.a(bl602_ef_ctrl.o)
                0x0000000023001814                EF_Ctrl_Read_AES_Key
 .text.bflb_platform_uart_dbg_init
                0x000000002300184c       0xd2 /home/melody/work/BL602_Demo/bl_iot_sdk/customer_app/bl602_boot2_mini/build_out/bl602_std/libbl602_std.a(platform_device.o)
                0x000000002300184c                bflb_platform_uart_dbg_init
 .text.bflb_platform_usart_dbg_send
                0x000000002300191e        0xa /home/melody/work/BL602_Demo/bl_iot_sdk/customer_app/bl602_boot2_mini/build_out/bl602_std/libbl602_std.a(platform_device.o)
                0x000000002300191e                bflb_platform_usart_dbg_send
 .text.bflb_platform_printf
                0x0000000023001928       0x44 /home/melody/work/BL602_Demo/bl_iot_sdk/customer_app/bl602_boot2_mini/build_out/bl602_std/libbl602_std.a(platform_device.o)
                0x0000000023001928                bflb_platform_printf
 .text.UART_RTO_Cbf.part.0
                0x000000002300196c       0x26 /home/melody/work/BL602_Demo/bl_iot_sdk/customer_app/bl602_boot2_mini/build_out/bl602_std/libbl602_std.a(platform_device.o)
 .text.UART_RFR_Cbf
                0x0000000023001992       0x42 /home/melody/work/BL602_Demo/bl_iot_sdk/customer_app/bl602_boot2_mini/build_out/bl602_std/libbl602_std.a(platform_device.o)
 .text.UART_RTO_Cbf
                0x00000000230019d4       0x42 /home/melody/work/BL602_Demo/bl_iot_sdk/customer_app/bl602_boot2_mini/build_out/bl602_std/libbl602_std.a(platform_device.o)
 .text.bflb_platform_clear_time
                0x0000000023001a16       0x12 /home/melody/work/BL602_Demo/bl_iot_sdk/customer_app/bl602_boot2_mini/build_out/bl602_std/libbl602_std.a(platform_device.o)
                0x0000000023001a16                bflb_platform_clear_time
 .text.bflb_platform_init_time
                0x0000000023001a28       0x18 /home/melody/work/BL602_Demo/bl_iot_sdk/customer_app/bl602_boot2_mini/build_out/bl602_std/libbl602_std.a(platform_device.o)
                0x0000000023001a28                bflb_platform_init_time
 .text.bflb_platform_init
                0x0000000023001a40       0x52 /home/melody/work/BL602_Demo/bl_iot_sdk/customer_app/bl602_boot2_mini/build_out/bl602_std/libbl602_std.a(platform_device.o)
                0x0000000023001a40                bflb_platform_init
 .text.Ring_Buffer_Init
                0x0000000023001a92       0x1e /home/melody/work/BL602_Demo/bl_iot_sdk/customer_app/bl602_boot2_mini/build_out/bl602_std/libbl602_std.a(ring_buffer.o)
                0x0000000023001a92                Ring_Buffer_Init
 .text.Ring_Buffer_Get_Length
                0x0000000023001ab0       0x48 /home/melody/work/BL602_Demo/bl_iot_sdk/customer_app/bl602_boot2_mini/build_out/bl602_std/libbl602_std.a(ring_buffer.o)
                0x0000000023001ab0                Ring_Buffer_Get_Length
 .text.Ring_Buffer_Get_Empty_Length
                0x0000000023001af8       0x1c /home/melody/work/BL602_Demo/bl_iot_sdk/customer_app/bl602_boot2_mini/build_out/bl602_std/libbl602_std.a(ring_buffer.o)
                0x0000000023001af8                Ring_Buffer_Get_Empty_Length
 .text.Ring_Buffer_Write_Callback
                0x0000000023001b14       0xac /home/melody/work/BL602_Demo/bl_iot_sdk/customer_app/bl602_boot2_mini/build_out/bl602_std/libbl602_std.a(ring_buffer.o)
                0x0000000023001b14                Ring_Buffer_Write_Callback
 .text.Default_Handler_Stub
                0x0000000023001bc0       0x9c /home/melody/work/BL602_Demo/bl_iot_sdk/customer_app/bl602_boot2_mini/build_out/bl602_std/libbl602_std.a(interrupt.o)
                0x0000000023001bc0                IRTX_IRQHandler
                0x0000000023001bc0                SDIO_IRQHandler
                0x0000000023001bc0                WIFI_IPC_PUBLIC_IRQHandler
                0x0000000023001bc0                DMA_BMX_ERR_IRQHandler
                0x0000000023001bc0                MAC_RX_TRG_IRQHandler
                0x0000000023001bc0                EFUSE_IRQHandler
                0x0000000023001bc0                MAC_TXRX_TIMER_IRQHandler
                0x0000000023001bc0                MAC_GEN_IRQHandler
                0x0000000023001bc0                clic_csoft_handler
                0x0000000023001bc0                BOR_IRQHandler
                0x0000000023001bc0                MAC_PORT_TRG_IRQHandler
                0x0000000023001bc0                SPI_IRQHandler
                0x0000000023001bc0                SEC_BMX_ERR_IRQHandler
                0x0000000023001bc0                SF_CTRL_IRQHandler
                0x0000000023001bc0                RF_TOP_INT0_IRQHandler
                0x0000000023001bc0                MAC_TXRX_MISC_IRQHandler
                0x0000000023001bc0                BZ_PHY_IRQHandler
                0x0000000023001bc0                DMA_ALL_IRQHandler
                0x0000000023001bc0                clic_msip_handler
                0x0000000023001bc0                I2C_IRQHandler
                0x0000000023001bc0                IRRX_IRQHandler
                0x0000000023001bc0                WIFI_IRQHandler
                0x0000000023001bc0                clic_mtimer_handler
                0x0000000023001bc0                GPADC_DMA_IRQHandler
                0x0000000023001bc0                BLE_IRQHandler
                0x0000000023001bc0                PWM_IRQHandler
                0x0000000023001bc0                MAC_TX_TRG_IRQHandler
                0x0000000023001bc0                clic_mext_handler
                0x0000000023001bc0                RF_TOP_INT1_IRQHandler
                0x0000000023001bc0                Default_Handler_Stub
 *fill*         0x0000000023001c5c       0x24 
 .text.Trap_Handler_Stub
                0x0000000023001c80       0xbe /home/melody/work/BL602_Demo/bl_iot_sdk/customer_app/bl602_boot2_mini/build_out/bl602_std/libbl602_std.a(interrupt.o)
                0x0000000023001c80                Trap_Handler_Stub
 .text.clic_enable_interrupt
                0x0000000023001d3e       0x12 /home/melody/work/BL602_Demo/bl_iot_sdk/customer_app/bl602_boot2_mini/build_out/bl602_std/libbl602_std.a(interrupt.o)
                0x0000000023001d3e                clic_enable_interrupt
 .text.clic_disable_interrupt
                0x0000000023001d50       0x10 /home/melody/work/BL602_Demo/bl_iot_sdk/customer_app/bl602_boot2_mini/build_out/bl602_std/libbl602_std.a(interrupt.o)
                0x0000000023001d50                clic_disable_interrupt
 .text.UART_IntHandler
                0x0000000023001d60      0x13c /home/melody/work/BL602_Demo/bl_iot_sdk/customer_app/bl602_boot2_mini/build_out/bl602_std/libbl602_std.a(bl602_uart.o)
 .text.UART_Init
                0x0000000023001e9c       0xf0 /home/melody/work/BL602_Demo/bl_iot_sdk/customer_app/bl602_boot2_mini/build_out/bl602_std/libbl602_std.a(bl602_uart.o)
                0x0000000023001e9c                UART_Init
 .text.UART_FifoConfig
                0x0000000023001f8c       0x66 /home/melody/work/BL602_Demo/bl_iot_sdk/customer_app/bl602_boot2_mini/build_out/bl602_std/libbl602_std.a(bl602_uart.o)
                0x0000000023001f8c                UART_FifoConfig
 .text.UART_Enable
                0x0000000023001ff2       0x30 /home/melody/work/BL602_Demo/bl_iot_sdk/customer_app/bl602_boot2_mini/build_out/bl602_std/libbl602_std.a(bl602_uart.o)
                0x0000000023001ff2                UART_Enable
 .text.UART_Disable
                0x0000000023002022       0x2c /home/melody/work/BL602_Demo/bl_iot_sdk/customer_app/bl602_boot2_mini/build_out/bl602_std/libbl602_std.a(bl602_uart.o)
                0x0000000023002022                UART_Disable
 .text.UART_SetRxTimeoutValue
                0x000000002300204e       0x1a /home/melody/work/BL602_Demo/bl_iot_sdk/customer_app/bl602_boot2_mini/build_out/bl602_std/libbl602_std.a(bl602_uart.o)
                0x000000002300204e                UART_SetRxTimeoutValue
 .text.UART_TxFreeRun
                0x0000000023002068       0x20 /home/melody/work/BL602_Demo/bl_iot_sdk/customer_app/bl602_boot2_mini/build_out/bl602_std/libbl602_std.a(bl602_uart.o)
                0x0000000023002068                UART_TxFreeRun
 .text.UART_IntMask
                0x0000000023002088       0x3a /home/melody/work/BL602_Demo/bl_iot_sdk/customer_app/bl602_boot2_mini/build_out/bl602_std/libbl602_std.a(bl602_uart.o)
                0x0000000023002088                UART_IntMask
 .text.UART_Int_Callback_Install
                0x00000000230020c2       0x12 /home/melody/work/BL602_Demo/bl_iot_sdk/customer_app/bl602_boot2_mini/build_out/bl602_std/libbl602_std.a(bl602_uart.o)
                0x00000000230020c2                UART_Int_Callback_Install
 .text.UART_GetTxFifoCount
                0x00000000230020d4       0x14 /home/melody/work/BL602_Demo/bl_iot_sdk/customer_app/bl602_boot2_mini/build_out/bl602_std/libbl602_std.a(bl602_uart.o)
                0x00000000230020d4                UART_GetTxFifoCount
 .text.UART_SendData
                0x00000000230020e8       0x6c /home/melody/work/BL602_Demo/bl_iot_sdk/customer_app/bl602_boot2_mini/build_out/bl602_std/libbl602_std.a(bl602_uart.o)
                0x00000000230020e8                UART_SendData
 .text.UART_GetRxFifoCount
                0x0000000023002154       0x16 /home/melody/work/BL602_Demo/bl_iot_sdk/customer_app/bl602_boot2_mini/build_out/bl602_std/libbl602_std.a(bl602_uart.o)
                0x0000000023002154                UART_GetRxFifoCount
 .text.UART_ReceiveData
                0x000000002300216a       0x4c /home/melody/work/BL602_Demo/bl_iot_sdk/customer_app/bl602_boot2_mini/build_out/bl602_std/libbl602_std.a(bl602_uart.o)
                0x000000002300216a                UART_ReceiveData
 .text.UART0_IRQHandler
                0x00000000230021b6       0x9c /home/melody/work/BL602_Demo/bl_iot_sdk/customer_app/bl602_boot2_mini/build_out/bl602_std/libbl602_std.a(bl602_uart.o)
                0x00000000230021b6                UART0_IRQHandler
 .text.UART1_IRQHandler
                0x0000000023002252       0x9c /home/melody/work/BL602_Demo/bl_iot_sdk/customer_app/bl602_boot2_mini/build_out/bl602_std/libbl602_std.a(bl602_uart.o)
                0x0000000023002252                UART1_IRQHandler
 .text.Sec_Eng_Trng_Enable
                0x00000000230022ee       0x4a /home/melody/work/BL602_Demo/bl_iot_sdk/customer_app/bl602_boot2_mini/build_out/bl602_std/libbl602_std.a(bl602_sec_eng.o)
                0x00000000230022ee                Sec_Eng_Trng_Enable
 .text.SEC_TRNG_IRQHandler
                0x0000000023002338       0xb6 /home/melody/work/BL602_Demo/bl_iot_sdk/customer_app/bl602_boot2_mini/build_out/bl602_std/libbl602_std.a(bl602_sec_eng.o)
                0x0000000023002338                SEC_TRNG_IRQHandler
 .text.SEC_PKA_IRQHandler
                0x00000000230023ee       0xb6 /home/melody/work/BL602_Demo/bl_iot_sdk/customer_app/bl602_boot2_mini/build_out/bl602_std/libbl602_std.a(bl602_sec_eng.o)
                0x00000000230023ee                SEC_PKA_IRQHandler
 .text.SEC_AES_IRQHandler
                0x00000000230024a4       0xb6 /home/melody/work/BL602_Demo/bl_iot_sdk/customer_app/bl602_boot2_mini/build_out/bl602_std/libbl602_std.a(bl602_sec_eng.o)
                0x00000000230024a4                SEC_AES_IRQHandler
 .text.SEC_SHA_IRQHandler
                0x000000002300255a       0xb2 /home/melody/work/BL602_Demo/bl_iot_sdk/customer_app/bl602_boot2_mini/build_out/bl602_std/libbl602_std.a(bl602_sec_eng.o)
                0x000000002300255a                SEC_SHA_IRQHandler
 .text.SEC_CDET_IRQHandler
                0x000000002300260c       0xa0 /home/melody/work/BL602_Demo/bl_iot_sdk/customer_app/bl602_boot2_mini/build_out/bl602_std/libbl602_std.a(bl602_sec_eng.o)
                0x000000002300260c                SEC_CDET_IRQHandler
 .text.SEC_GMAC_IRQHandler
                0x00000000230026ac       0xb6 /home/melody/work/BL602_Demo/bl_iot_sdk/customer_app/bl602_boot2_mini/build_out/bl602_std/libbl602_std.a(bl602_sec_eng.o)
                0x00000000230026ac                SEC_GMAC_IRQHandler
 .text.Default_Handler
                0x0000000023002762        0xc /home/melody/work/BL602_Demo/bl_iot_sdk/customer_app/bl602_boot2_mini/build_out/bl602_std/libbl602_std.a(bl602_common.o)
                0x0000000023002762                Default_Handler
 .text.Trap_Handler
                0x000000002300276e       0xd4 /home/melody/work/BL602_Demo/bl_iot_sdk/customer_app/bl602_boot2_mini/build_out/bl602_std/libbl602_std.a(bl602_common.o)
                0x000000002300276e                Trap_Handler
 .text.format_int
                0x0000000023002842      0x25a /home/melody/work/BL602_Demo/bl_iot_sdk/customer_app/bl602_boot2_mini/build_out/bl602/libbl602.a(debug.o)
 .text.vsnprintf
                0x0000000023002a9c      0x4aa /home/melody/work/BL602_Demo/bl_iot_sdk/customer_app/bl602_boot2_mini/build_out/bl602/libbl602.a(debug.o)
                0x0000000023002a9c                vsnprintf
 .text.PtTable_Flash_Read
                0x0000000023002f46       0x1e /home/melody/work/BL602_Demo/bl_iot_sdk/customer_app/bl602_boot2_mini/build_out/bl602_boot2_mini/libbl602_boot2_mini.a(blsp_boot2.o)
 .text.PtTable_Flash_Write
                0x0000000023002f64       0x1e /home/melody/work/BL602_Demo/bl_iot_sdk/customer_app/bl602_boot2_mini/build_out/bl602_boot2_mini/libbl602_boot2_mini.a(blsp_boot2.o)
 .text.PtTable_Flash_Erase
                0x0000000023002f82       0x1c /home/melody/work/BL602_Demo/bl_iot_sdk/customer_app/bl602_boot2_mini/build_out/bl602_boot2_mini/libbl602_boot2_mini.a(blsp_boot2.o)
 .text.startup.main
                0x0000000023002f9e      0x27a /home/melody/work/BL602_Demo/bl_iot_sdk/customer_app/bl602_boot2_mini/build_out/bl602_boot2_mini/libbl602_boot2_mini.a(blsp_boot2.o)
                0x0000000023002f9e                main
 .text.BLSP_Boot2_Init_Timer
                0x0000000023003218       0x32 /home/melody/work/BL602_Demo/bl_iot_sdk/customer_app/bl602_boot2_mini/build_out/bl602_boot2_mini/libbl602_boot2_mini.a(blsp_port.o)
                0x0000000023003218                BLSP_Boot2_Init_Timer
 .text.BLSP_Boot2_Disable_Other_Cache
                0x000000002300324a        0x2 /home/melody/work/BL602_Demo/bl_iot_sdk/customer_app/bl602_boot2_mini/build_out/bl602_boot2_mini/libbl602_boot2_mini.a(blsp_port.o)
                0x000000002300324a                BLSP_Boot2_Disable_Other_Cache
 .text.BLSP_Boot2_Flush_XIP_Cache
                0x000000002300324c        0x8 /home/melody/work/BL602_Demo/bl_iot_sdk/customer_app/bl602_boot2_mini/build_out/bl602_boot2_mini/libbl602_boot2_mini.a(blsp_port.o)
                0x000000002300324c                BLSP_Boot2_Flush_XIP_Cache
 .text.BLSP_Boot2_Pass_Parameter
                0x0000000023003254       0x40 /home/melody/work/BL602_Demo/bl_iot_sdk/customer_app/bl602_boot2_mini/build_out/bl602_boot2_mini/libbl602_boot2_mini.a(blsp_port.o)
                0x0000000023003254                BLSP_Boot2_Pass_Parameter
 .text.bflb_platform_init_uart_debug_gpio
                0x0000000023003294       0x42 /home/melody/work/BL602_Demo/bl_iot_sdk/customer_app/bl602_boot2_mini/build_out/bl602_boot2_mini/libbl602_boot2_mini.a(blsp_port.o)
                0x0000000023003294                bflb_platform_init_uart_debug_gpio
 .text.TIMER_IntHandler
                0x00000000230032d6       0xb0 /home/melody/work/BL602_Demo/bl_iot_sdk/customer_app/bl602_boot2_mini/build_out/bl602_std/libbl602_std.a(bl602_timer.o)
 .text.TIMER_SetCompValue
                0x0000000023003386       0x18 /home/melody/work/BL602_Demo/bl_iot_sdk/customer_app/bl602_boot2_mini/build_out/bl602_std/libbl602_std.a(bl602_timer.o)
                0x0000000023003386                TIMER_SetCompValue
 .text.TIMER_SetCountMode
                0x000000002300339e       0x22 /home/melody/work/BL602_Demo/bl_iot_sdk/customer_app/bl602_boot2_mini/build_out/bl602_std/libbl602_std.a(bl602_timer.o)
                0x000000002300339e                TIMER_SetCountMode
 .text.TIMER_Init
                0x00000000230033c0       0xb8 /home/melody/work/BL602_Demo/bl_iot_sdk/customer_app/bl602_boot2_mini/build_out/bl602_std/libbl602_std.a(bl602_timer.o)
                0x00000000230033c0                TIMER_Init
 .text.TIMER_Enable
                0x0000000023003478       0x18 /home/melody/work/BL602_Demo/bl_iot_sdk/customer_app/bl602_boot2_mini/build_out/bl602_std/libbl602_std.a(bl602_timer.o)
                0x0000000023003478                TIMER_Enable
 .text.TIMER_Disable
                0x0000000023003490       0x1c /home/melody/work/BL602_Demo/bl_iot_sdk/customer_app/bl602_boot2_mini/build_out/bl602_std/libbl602_std.a(bl602_timer.o)
                0x0000000023003490                TIMER_Disable
 .text.TIMER_IntMask
                0x00000000230034ac       0x66 /home/melody/work/BL602_Demo/bl_iot_sdk/customer_app/bl602_boot2_mini/build_out/bl602_std/libbl602_std.a(bl602_timer.o)
                0x00000000230034ac                TIMER_IntMask
 .text.TIMER_CH0_IRQHandler
                0x0000000023003512       0xa0 /home/melody/work/BL602_Demo/bl_iot_sdk/customer_app/bl602_boot2_mini/build_out/bl602_std/libbl602_std.a(bl602_timer.o)
                0x0000000023003512                TIMER_CH0_IRQHandler
 .text.TIMER_CH1_IRQHandler
                0x00000000230035b2       0xa0 /home/melody/work/BL602_Demo/bl_iot_sdk/customer_app/bl602_boot2_mini/build_out/bl602_std/libbl602_std.a(bl602_timer.o)
                0x00000000230035b2                TIMER_CH1_IRQHandler
 .text.TIMER_WDT_IRQHandler
                0x0000000023003652       0xd6 /home/melody/work/BL602_Demo/bl_iot_sdk/customer_app/bl602_boot2_mini/build_out/bl602_std/libbl602_std.a(bl602_timer.o)
                0x0000000023003652                TIMER_WDT_IRQHandler
 .text.pPtTable_Flash_Read_Fast
                0x0000000023003728       0x4c /home/melody/work/BL602_Demo/bl_iot_sdk/customer_app/bl602_boot2_mini/build_out/bl602_std/libbl602_std.a(partition.o)
 .text.PtTable_Valid
                0x0000000023003774       0x6c /home/melody/work/BL602_Demo/bl_iot_sdk/customer_app/bl602_boot2_mini/build_out/bl602_std/libbl602_std.a(partition.o)
 .text.PtTable_Set_Flash_Operation
                0x00000000230037e0       0x18 /home/melody/work/BL602_Demo/bl_iot_sdk/customer_app/bl602_boot2_mini/build_out/bl602_std/libbl602_std.a(partition.o)
                0x00000000230037e0                PtTable_Set_Flash_Operation
 .text.PtTable_Get_Active_Partition_Need_Lock
                0x00000000230037f8       0x72 /home/melody/work/BL602_Demo/bl_iot_sdk/customer_app/bl602_boot2_mini/build_out/bl602_std/libbl602_std.a(partition.o)
                0x00000000230037f8                PtTable_Get_Active_Partition_Need_Lock
 .text.PtTable_Get_Active_Entries_By_Name
                0x000000002300386a       0x92 /home/melody/work/BL602_Demo/bl_iot_sdk/customer_app/bl602_boot2_mini/build_out/bl602_std/libbl602_std.a(partition.o)
                0x000000002300386a                PtTable_Get_Active_Entries_By_Name
 *(EXCLUDE_FILE(*bl602_ef_ctrl.o \ *bl602_xip_sflash.o \ *bl602_sflash.o \ *bl602_sf_ctrl.o \ *bl602_sf_cfg.o \ *bl602_common.o \ *bl602_pds.o \ *bl602_glb.o) .rodata*)
 *fill*         0x00000000230038fc        0x0 
 .rodata.L1C_BMX_ERR_IRQHandler.str1.4
                0x00000000230038fc       0x19 /home/melody/work/BL602_Demo/bl_iot_sdk/customer_app/bl602_boot2_mini/build_out/bl602_std/libbl602_std.a(bl602_l1c.o)
 *fill*         0x0000000023003915        0x3 
 .rodata.L1C_BMX_TO_IRQHandler.str1.4
                0x0000000023003918       0x18 /home/melody/work/BL602_Demo/bl_iot_sdk/customer_app/bl602_boot2_mini/build_out/bl602_std/libbl602_std.a(bl602_l1c.o)
 .rodata        0x0000000023003930       0x10 /home/melody/work/BL602_Demo/bl_iot_sdk/customer_app/bl602_boot2_mini/build_out/bl602_std/libbl602_std.a(platform_device.o)
 .rodata.UART_RTO_Cbf.part.0.str1.4
                0x0000000023003940       0x11 /home/melody/work/BL602_Demo/bl_iot_sdk/customer_app/bl602_boot2_mini/build_out/bl602_std/libbl602_std.a(platform_device.o)
 *fill*         0x0000000023003951        0x3 
 .rodata.bflb_platform_init.str1.4
                0x0000000023003954       0x13 /home/melody/work/BL602_Demo/bl_iot_sdk/customer_app/bl602_boot2_mini/build_out/bl602_std/libbl602_std.a(platform_device.o)
 *fill*         0x0000000023003967        0x1 
 .rodata.vsnprintf
                0x0000000023003968      0x1f4 /home/melody/work/BL602_Demo/bl_iot_sdk/customer_app/bl602_boot2_mini/build_out/bl602/libbl602.a(debug.o)
 .rodata.lcdigits.2256
                0x0000000023003b5c       0x11 /home/melody/work/BL602_Demo/bl_iot_sdk/customer_app/bl602_boot2_mini/build_out/bl602/libbl602.a(debug.o)
 *fill*         0x0000000023003b6d        0x3 
 .rodata.ucdigits.2257
                0x0000000023003b70       0x11 /home/melody/work/BL602_Demo/bl_iot_sdk/customer_app/bl602_boot2_mini/build_out/bl602/libbl602.a(debug.o)
 *fill*         0x0000000023003b81        0x3 
 .rodata.vsnprintf.str1.4
                0x0000000023003b84        0x7 /home/melody/work/BL602_Demo/bl_iot_sdk/customer_app/bl602_boot2_mini/build_out/bl602/libbl602.a(debug.o)
 *fill*         0x0000000023003b8b        0x1 
 .rodata.main.str1.4
                0x0000000023003b8c       0xc8 /home/melody/work/BL602_Demo/bl_iot_sdk/customer_app/bl602_boot2_mini/build_out/bl602_boot2_mini/libbl602_boot2_mini.a(blsp_boot2.o)
                                         0xc6 (size before relaxing)
 .rodata        0x0000000023003c54       0x18 /home/melody/work/BL602_Demo/bl_iot_sdk/customer_app/bl602_boot2_mini/build_out/bl602_boot2_mini/libbl602_boot2_mini.a(blsp_port.o)
 .rodata        0x0000000023003c6c      0x100 /home/melody/work/BL602_Demo/bl_iot_sdk/toolchain/riscv/Linux/bin/../lib/gcc/riscv64-unknown-elf/8.3.0/rv32imf/ilp32f/libgcc.a(_clz.o)
                0x0000000023003c6c                __clz_tab
 *(.rodata)
 *(.rodata.*)
 .rodata.BMX_ERR_IRQHandler.str1.4
                0x0000000023003d6c        0x0 /home/melody/work/BL602_Demo/bl_iot_sdk/customer_app/bl602_boot2_mini/build_out/bl602_std/libbl602_std.a(bl602_glb.o)
                                         0x15 (size before relaxing)
 .rodata.BMX_TO_IRQHandler.str1.4
                0x0000000023003d6c        0x0 /home/melody/work/BL602_Demo/bl_iot_sdk/customer_app/bl602_boot2_mini/build_out/bl602_std/libbl602_std.a(bl602_glb.o)
                                         0x14 (size before relaxing)
 .rodata.GPIO_INT0_IRQHandler.str1.4
                0x0000000023003d6c       0x2d /home/melody/work/BL602_Demo/bl_iot_sdk/customer_app/bl602_boot2_mini/build_out/bl602_std/libbl602_std.a(bl602_glb.o)
 *fill*         0x0000000023003d99        0x3 
 .rodata.Trap_Handler
                0x0000000023003d9c       0x24 /home/melody/work/BL602_Demo/bl_iot_sdk/customer_app/bl602_boot2_mini/build_out/bl602_std/libbl602_std.a(bl602_common.o)
 .rodata.Default_Handler.str1.4
                0x0000000023003dc0       0x12 /home/melody/work/BL602_Demo/bl_iot_sdk/customer_app/bl602_boot2_mini/build_out/bl602_std/libbl602_std.a(bl602_common.o)
 *fill*         0x0000000023003dd2        0x2 
 .rodata.Trap_Handler.str1.4
                0x0000000023003dd4      0x12b /home/melody/work/BL602_Demo/bl_iot_sdk/customer_app/bl602_boot2_mini/build_out/bl602_std/libbl602_std.a(bl602_common.o)
 *(.srodata)
 *fill*         0x0000000023003eff        0x1 
 .srodata       0x0000000023003f00        0x4 /home/melody/work/BL602_Demo/bl_iot_sdk/customer_app/bl602_boot2_mini/build_out/bl602_std/libbl602_std.a(system_bl602.o)
 .srodata       0x0000000023003f04        0x4 /home/melody/work/BL602_Demo/bl_iot_sdk/customer_app/bl602_boot2_mini/build_out/bl602_std/libbl602_std.a(platform_device.o)
 *(.srodata.*)
                0x0000000023003f08                . = ALIGN (0x4)
                0x0000000023003f08                __text_code_end__ = .
                0x0000000023003f08                . = ALIGN (0x4)
                0x0000000023003f08                __itcm_load_addr = .

.itcm_region    0x0000000022010000      0x864 load address 0x0000000023003f08
                0x0000000022010000                . = ALIGN (0x4)
                0x0000000022010000                __tcm_code_start__ = .
 *(.tcm_code)
 .tcm_code      0x0000000022010000      0x550 /home/melody/work/BL602_Demo/bl_iot_sdk/customer_app/bl602_boot2_mini/build_out/bl602_std/libbl602_std.a(bl602_romapi.o)
                0x0000000022010000                AON_Power_On_BG
                0x000000002201000a                AON_Power_Off_BG
                0x0000000022010014                AON_Power_On_LDO11_SOC
                0x000000002201001e                AON_Power_Off_LDO11_SOC
                0x0000000022010028                AON_Power_On_LDO15_RF
                0x0000000022010032                AON_Power_Off_LDO15_RF
                0x000000002201003c                AON_Power_On_SFReg
                0x0000000022010046                AON_Power_Off_SFReg
                0x0000000022010050                AON_LowPower_Enter_PDS0
                0x000000002201005a                AON_LowPower_Exit_PDS0
                0x0000000022010064                ASM_Delay_Us
                0x000000002201006e                BL602_Delay_US
                0x0000000022010078                BL602_Delay_MS
                0x0000000022010082                BL602_MemCpy
                0x000000002201008c                BL602_MemCpy4
                0x0000000022010096                BL602_MemCpy_Fast
                0x00000000220100a0                BL602_MemSet
                0x00000000220100aa                BL602_MemSet4
                0x00000000220100b4                BL602_MemCmp
                0x00000000220100be                EF_Ctrl_Sw_AHB_Clk_0
                0x00000000220100c8                EF_Ctrl_Program_Efuse_0
                0x00000000220100d2                EF_Ctrl_Load_Efuse_R0
                0x00000000220100dc                EF_Ctrl_Busy
                0x00000000220100e6                EF_Ctrl_AutoLoad_Done
                0x00000000220100f0                EF_Ctrl_Clear
                0x00000000220100fa                GLB_SW_System_Reset
                0x0000000022010104                GLB_SW_CPU_Reset
                0x000000002201010e                GLB_SW_POR_Reset
                0x0000000022010118                GLB_Select_Internal_Flash
                0x0000000022010122                GLB_Select_External_Flash
                0x000000002201012c                GLB_Deswap_Flash_Pin
                0x0000000022010136                GLB_Swap_Flash_Pin
                0x0000000022010140                GLB_GPIO_Init
                0x000000002201014a                GLB_GPIO_OUTPUT_Enable
                0x0000000022010154                GLB_GPIO_OUTPUT_Disable
                0x000000002201015e                GLB_GPIO_Set_HZ
                0x0000000022010168                GLB_GPIO_Get_Fun
                0x0000000022010172                HBN_Mode_Enter
                0x000000002201017c                HBN_Power_Down_Flash
                0x0000000022010186                HBN_Enable
                0x0000000022010190                HBN_Reset
                0x000000002201019a                HBN_Set_Ldo11_Aon_Vout
                0x00000000220101a4                HBN_Set_Ldo11_Rt_Vout
                0x00000000220101ae                HBN_Set_Ldo11_Soc_Vout
                0x00000000220101b8                HBN_Hw_Pu_Pd_Cfg
                0x00000000220101c2                HBN_Pin_WakeUp_Mask
                0x00000000220101cc                HBN_GPIO7_Dbg_Pull_Cfg
                0x00000000220101d6                HBN_Set_Embedded_Flash_Pullup
                0x00000000220101e0                L1C_Set_Wrap
                0x00000000220101ea                L1C_Set_Way_Disable
                0x00000000220101f4                L1C_IROM_2T_Access_Set
                0x00000000220101fe                PDS_Reset
                0x0000000022010208                PDS_Force_Config
                0x0000000022010212                PDS_RAM_Config
                0x000000002201021c                PDS_Default_Level_Config
                0x0000000022010226                SEC_Eng_Turn_On_Sec_Ring
                0x0000000022010230                SEC_Eng_Turn_Off_Sec_Ring
                0x000000002201023a                SFlash_Init
                0x0000000022010244                SFlash_SetSPIMode
                0x000000002201024e                SFlash_Read_Reg
                0x0000000022010258                SFlash_Write_Reg
                0x0000000022010262                SFlash_Busy
                0x000000002201026c                SFlash_Write_Enable
                0x0000000022010276                SFlash_Qspi_Enable
                0x0000000022010280                SFlash_Volatile_Reg_Write_Enable
                0x000000002201028a                SFlash_Chip_Erase
                0x0000000022010294                SFlash_Sector_Erase
                0x000000002201029e                SFlash_Blk32_Erase
                0x00000000220102a8                SFlash_Blk64_Erase
                0x00000000220102b2                SFlash_Erase
                0x00000000220102bc                SFlash_Program
                0x00000000220102c6                SFlash_GetUniqueId
                0x00000000220102d0                SFlash_GetJedecId
                0x00000000220102da                SFlash_GetDeviceId
                0x00000000220102e4                SFlash_Powerdown
                0x00000000220102ee                SFlash_Releae_Powerdown
                0x00000000220102f8                SFlash_SetBurstWrap
                0x0000000022010302                SFlash_DisableBurstWrap
                0x000000002201030c                SFlash_Software_Reset
                0x0000000022010316                SFlash_Reset_Continue_Read
                0x0000000022010320                SFlash_Set_IDbus_Cfg
                0x000000002201032a                SFlash_IDbus_Read_Enable
                0x0000000022010334                SFlash_Cache_Enable_Set
                0x000000002201033e                SFlash_Cache_Flush
                0x0000000022010348                SFlash_Cache_Read_Enable
                0x0000000022010352                SFlash_Cache_Hit_Count_Get
                0x000000002201035c                SFlash_Cache_Miss_Count_Get
                0x0000000022010366                SFlash_Cache_Read_Disable
                0x0000000022010370                SFlash_Read
                0x000000002201037a                SFlash_Read_Reg_With_Cmd
                0x0000000022010384                SFlash_Write_Reg_With_Cmd
                0x000000002201038e                SF_Cfg_Init_Ext_Flash_Gpio
                0x0000000022010398                SF_Cfg_Init_Internal_Flash_Gpio
                0x00000000220103a2                SF_Cfg_Deinit_Ext_Flash_Gpio
                0x00000000220103ac                SF_Cfg_Restore_GPIO17_Fun
                0x00000000220103b6                SF_Cfg_Get_Flash_Cfg_Need_Lock
                0x00000000220103c0                SF_Cfg_Init_Flash_Gpio
                0x00000000220103ca                SF_Cfg_Flash_Identify
                0x00000000220103d4                SF_Ctrl_Enable
                0x00000000220103de                SF_Ctrl_Select_Pad
                0x00000000220103e8                SF_Ctrl_Set_Owner
                0x00000000220103f2                SF_Ctrl_Disable
                0x00000000220103fc                SF_Ctrl_AES_Enable_BE
                0x0000000022010406                SF_Ctrl_AES_Enable_LE
                0x0000000022010410                SF_Ctrl_AES_Set_Region
                0x000000002201041a                SF_Ctrl_AES_Set_Key
                0x0000000022010424                SF_Ctrl_AES_Set_Key_BE
                0x000000002201042e                SF_Ctrl_AES_Set_IV
                0x0000000022010438                SF_Ctrl_AES_Set_IV_BE
                0x0000000022010442                SF_Ctrl_AES_Enable
                0x000000002201044c                SF_Ctrl_AES_Disable
                0x0000000022010456                SF_Ctrl_Set_Flash_Image_Offset
                0x0000000022010460                SF_Ctrl_Get_Flash_Image_Offset
                0x000000002201046a                SF_Ctrl_Select_Clock
                0x0000000022010474                SF_Ctrl_SendCmd
                0x000000002201047e                SF_Ctrl_Icache_Set
                0x0000000022010488                SF_Ctrl_Icache2_Set
                0x0000000022010492                SF_Ctrl_GetBusyState
                0x000000002201049c                SF_Ctrl_Is_AES_Enable
                0x00000000220104a6                SF_Ctrl_Get_Clock_Delay
                0x00000000220104b0                SF_Ctrl_Set_Clock_Delay
                0x00000000220104ba                XIP_SFlash_State_Save
                0x00000000220104c4                XIP_SFlash_State_Restore
                0x00000000220104ce                XIP_SFlash_Erase_Need_Lock
                0x00000000220104d8                XIP_SFlash_Write_Need_Lock
                0x00000000220104e2                XIP_SFlash_Read_Need_Lock
                0x00000000220104ec                XIP_SFlash_GetJedecId_Need_Lock
                0x00000000220104f6                XIP_SFlash_GetDeviceId_Need_Lock
                0x0000000022010500                XIP_SFlash_GetUniqueId_Need_Lock
                0x000000002201050a                XIP_SFlash_Read_Via_Cache_Need_Lock
                0x0000000022010514                XIP_SFlash_Read_With_Lock
                0x000000002201051e                XIP_SFlash_Write_With_Lock
                0x0000000022010528                XIP_SFlash_Erase_With_Lock
                0x0000000022010532                XIP_SFlash_Opt_Enter
                0x000000002201053c                XIP_SFlash_Opt_Exit
                0x0000000022010546                BFLB_Soft_CRC32
 .tcm_code      0x0000000022010550       0x12 /home/melody/work/BL602_Demo/bl_iot_sdk/customer_app/bl602_boot2_mini/build_out/bl602_boot2_mini/libbl602_boot2_mini.a(blsp_common.o)
                0x0000000022010550                BLSP_Boot2_Jump_Entry
 .tcm_code      0x0000000022010562      0x1ae /home/melody/work/BL602_Demo/bl_iot_sdk/customer_app/bl602_boot2_mini/build_out/bl602_boot2_mini/libbl602_boot2_mini.a(blsp_port.o)
                0x0000000022010562                BLSP_Sboot_Finish
                0x0000000022010572                BLSP_Boot2_Get_Clk_Cfg
                0x000000002201058c                BLSP_Boot2_Get_Efuse_Cfg
                0x00000000220105ea                BLSP_Boot2_Releae_Other_CPU
                0x00000000220105ec                BLSP_Boot2_Update_System_Flash_Clk
                0x00000000220105ee                BLSP_Boot2_Set_Encrypt
                0x0000000022010648                BLSP_Boot2_Get_TX_GPIO
                0x0000000022010652                BLSP_Boot2_Get_Feature_Flag
                0x0000000022010678                BLSP_Boot2_Set_Cache
                0x00000000220106e8                BLSP_Boot2_Get_Log_Disable_Flag
                0x00000000220106f2                BLSP_Boot2_8M_Support_Flag
                0x00000000220106fc                BLSP_Boot2_Dump_Critical_Flag
                0x0000000022010706                BLSP_Boot2_Get_Baudrate
 *(.tcm_const)
 *(.sclock_rlt_code)
 .sclock_rlt_code
                0x0000000022010710      0x154 /home/melody/work/BL602_Demo/bl_iot_sdk/customer_app/bl602_boot2_mini/build_out/bl602_std/libbl602_std.a(bl602_romapi.o)
                0x0000000022010710                AON_Power_On_MBG
                0x000000002201071a                AON_Power_Off_MBG
                0x0000000022010724                AON_Power_On_XTAL
                0x000000002201072e                AON_Set_Xtal_CapCode
                0x0000000022010738                AON_Get_Xtal_CapCode
                0x0000000022010742                AON_Power_Off_XTAL
                0x000000002201074c                EF_Ctrl_Get_Trim_Parity
                0x0000000022010756                EF_Ctrl_Read_RC32M_Trim
                0x0000000022010760                EF_Ctrl_Read_RC32K_Trim
                0x000000002201076a                GLB_Get_Root_CLK_Sel
                0x0000000022010774                GLB_Set_System_CLK_Div
                0x000000002201077e                GLB_Get_BCLK_Div
                0x0000000022010788                GLB_Get_HCLK_Div
                0x0000000022010792                Update_SystemCoreClockWith_XTAL
                0x000000002201079c                GLB_Set_System_CLK
                0x00000000220107a6                System_Core_Clock_Update_From_RC32M
                0x00000000220107b0                GLB_Set_SF_CLK
                0x00000000220107ba                GLB_Set_PKA_CLK_Sel
                0x00000000220107c4                HBN_32K_Sel
                0x00000000220107ce                HBN_Set_ROOT_CLK_Sel
                0x00000000220107d8                HBN_Power_On_Xtal_32K
                0x00000000220107e2                HBN_Power_Off_Xtal_32K
                0x00000000220107ec                HBN_Power_On_RC32K
                0x00000000220107f6                HBN_Power_Off_RC32K
                0x0000000022010800                HBN_Trim_RC32K
                0x000000002201080a                PDS_Trim_RC32M
                0x0000000022010814                PDS_Select_RC32M_As_PLL_Ref
                0x000000002201081e                PDS_Select_XTAL_As_PLL_Ref
                0x0000000022010828                PDS_Power_On_PLL
                0x0000000022010832                PDS_Enable_PLL_All_Clks
                0x000000002201083c                PDS_Disable_PLL_All_Clks
                0x0000000022010846                PDS_Enable_PLL_Clk
                0x0000000022010850                PDS_Disable_PLL_Clk
                0x000000002201085a                PDS_Power_Off_PLL
 *(.sclock_rlt_const)
 *bl602_romapi.o(.text)
 *bl602_romapi.o(.text.*)
 *bl602_romapi.o(.rodata)
 *bl602_romapi.o(.rodata.*)
 *bl602_romapi.o(.srodata)
 *bl602_romapi.o(.srodata.*)
 *bl602_glb.o*(.rodata*)
 *bl602_pds.o*(.rodata*)
 *bl602_common.o*(.rodata*)
 *bl602_sf_cfg.o*(.rodata*)
 *bl602_sf_ctrl.o*(.rodata*)
 *bl602_sflash.o*(.rodata*)
 *bl602_xip_sflash.o*(.rodata*)
 *bl602_ef_ctrl.o*(.rodata*)
                0x0000000022010864                . = ALIGN (0x4)
                0x0000000022010864                __tcm_code_end__ = .
                0x000000002300476c                __dtcm_load_addr = (__itcm_load_addr + SIZEOF (.itcm_region))

.rela.dyn       0x0000000022010864        0x0 load address 0x000000002300476c
 .rela.text.metal.init.enter
                0x0000000022010864        0x0 /home/melody/work/BL602_Demo/bl_iot_sdk/customer_app/bl602_boot2_mini/build_out/bl602_std/libbl602_std.a(entry.o)
 .rela.text.start_load
                0x0000000022010864        0x0 /home/melody/work/BL602_Demo/bl_iot_sdk/customer_app/bl602_boot2_mini/build_out/bl602_std/libbl602_std.a(entry.o)
 .rela.init     0x0000000022010864        0x0 /home/melody/work/BL602_Demo/bl_iot_sdk/customer_app/bl602_boot2_mini/build_out/bl602_std/libbl602_std.a(entry.o)
 .rela.text.PtTable_Flash_Read
                0x0000000022010864        0x0 /home/melody/work/BL602_Demo/bl_iot_sdk/customer_app/bl602_boot2_mini/build_out/bl602_std/libbl602_std.a(entry.o)
 .rela.text.PtTable_Flash_Write
                0x0000000022010864        0x0 /home/melody/work/BL602_Demo/bl_iot_sdk/customer_app/bl602_boot2_mini/build_out/bl602_std/libbl602_std.a(entry.o)
 .rela.text.PtTable_Flash_Erase
                0x0000000022010864        0x0 /home/melody/work/BL602_Demo/bl_iot_sdk/customer_app/bl602_boot2_mini/build_out/bl602_std/libbl602_std.a(entry.o)
 .rela.text.startup.main
                0x0000000022010864        0x0 /home/melody/work/BL602_Demo/bl_iot_sdk/customer_app/bl602_boot2_mini/build_out/bl602_std/libbl602_std.a(entry.o)

.dtcm_region    0x0000000042014000        0x0 load address 0x000000002300476c
                0x0000000042014000                . = ALIGN (0x4)
                0x0000000042014000                __tcm_data_start__ = .
 *(.tcm_data)
                0x0000000042014000                . = ALIGN (0x4)
                0x0000000042014000                __tcm_data_end__ = .

.stack_dummy    0x0000000042014000      0x400
                0x0000000042014000                . = ALIGN (0x4)
                0x0000000042014400                . = (. + StackSize)
 *fill*         0x0000000042014000      0x400 
                0x0000000042014400                . = ALIGN (0x4)
                0x0000000042020000                __StackTop = (ORIGIN (dtcm_memory) + LENGTH (dtcm_memory))
                0x000000004201fc00                __StackLimit = (__StackTop - SIZEOF (.stack_dummy))
                0x0000000000000001                ASSERT ((__StackLimit >= __tcm_data_end__), region RAM overflowed with stack)
                0x000000002300476c                __system_ram_load_addr = (__dtcm_load_addr + SIZEOF (.dtcm_region))

.system_ram_data_region
                0x0000000042020000        0x0 load address 0x000000002300476c
                0x0000000042020000                . = ALIGN (0x4)
                0x0000000042020000                __system_ram_data_start__ = .
 *(.system_ram)
                0x0000000042020000                . = ALIGN (0x4)
                0x0000000042020000                __system_ram_data_end__ = .
                0x000000002300476c                __ram_load_addr = (__system_ram_load_addr + SIZEOF (.system_ram_data_region))

RAM_DATA        0x0000000042020000        0xc load address 0x000000002300476c
                0x0000000042020000                . = ALIGN (0x4)
                0x0000000042020000                __ram_data_start__ = .
                0x0000000042020800                PROVIDE (__global_pointer$ = (. + 0x800))
 *(.data)
 *(.data.*)
 *(.sdata)
 *(.sdata.*)
 .sdata.boot2Flag.10346
                0x0000000042020000        0x1 /home/melody/work/BL602_Demo/bl_iot_sdk/customer_app/bl602_boot2_mini/build_out/bl602_boot2_mini/libbl602_boot2_mini.a(blsp_port.o)
 .sdata.index.3838
                0x0000000042020001        0x1 /home/melody/work/BL602_Demo/bl_iot_sdk/customer_app/bl602_boot2_mini/build_out/bl602_std/libbl602_std.a(partition.o)
 *(.sdata2)
 *(.sdata2.*)
 *fill*         0x0000000042020002        0x2 
 .sdata2.uartAddr
                0x0000000042020004        0x8 /home/melody/work/BL602_Demo/bl_iot_sdk/customer_app/bl602_boot2_mini/build_out/bl602_std/libbl602_std.a(bl602_uart.o)
                0x000000004202000c                . = ALIGN (0x4)
                0x000000004202000c                __ram_data_end__ = .

.bss            0x000000004202000c      0x86c load address 0x0000000023004778
                0x000000004202000c                . = ALIGN (0x4)
                0x000000004202000c                __bss_start__ = .
 *(.bss*)
 .bss.glbGpioInt0CbfArra
                0x000000004202000c       0x5c /home/melody/work/BL602_Demo/bl_iot_sdk/customer_app/bl602_boot2_mini/build_out/bl602_std/libbl602_std.a(bl602_glb.o)
 .bss.hbnInt0CbfArra
                0x0000000042020068        0xc /home/melody/work/BL602_Demo/bl_iot_sdk/customer_app/bl602_boot2_mini/build_out/bl602_std/libbl602_std.a(bl602_hbn.o)
 .bss.hbnInt1CbfArra
                0x0000000042020074       0x10 /home/melody/work/BL602_Demo/bl_iot_sdk/customer_app/bl602_boot2_mini/build_out/bl602_std/libbl602_std.a(bl602_hbn.o)
 .bss.pdsIntCbfArra
                0x0000000042020084       0x10 /home/melody/work/BL602_Demo/bl_iot_sdk/customer_app/bl602_boot2_mini/build_out/bl602_std/libbl602_std.a(bl602_pds.o)
 .bss.print_buf.9489
                0x0000000042020094       0x80 /home/melody/work/BL602_Demo/bl_iot_sdk/customer_app/bl602_boot2_mini/build_out/bl602_std/libbl602_std.a(platform_device.o)
 .bss.uartBuf   0x0000000042020114       0x40 /home/melody/work/BL602_Demo/bl_iot_sdk/customer_app/bl602_boot2_mini/build_out/bl602_std/libbl602_std.a(platform_device.o)
 .bss.uartRB    0x0000000042020154       0x18 /home/melody/work/BL602_Demo/bl_iot_sdk/customer_app/bl602_boot2_mini/build_out/bl602_std/libbl602_std.a(platform_device.o)
 .bss.uartIntCbfArra
                0x000000004202016c       0x40 /home/melody/work/BL602_Demo/bl_iot_sdk/customer_app/bl602_boot2_mini/build_out/bl602_std/libbl602_std.a(bl602_uart.o)
 .bss.secEngIntCbfArra
                0x00000000420201ac       0x18 /home/melody/work/BL602_Demo/bl_iot_sdk/customer_app/bl602_boot2_mini/build_out/bl602_std/libbl602_std.a(bl602_sec_eng.o)
 .bss.timerIntCbfArra
                0x00000000420201c4       0x24 /home/melody/work/BL602_Demo/bl_iot_sdk/customer_app/bl602_boot2_mini/build_out/bl602_std/libbl602_std.a(bl602_timer.o)
                0x00000000420201c4                timerIntCbfArra
 *(.sbss*)
 .sbss.glbBmxErrIntCbfArra
                0x00000000420201e8        0x4 /home/melody/work/BL602_Demo/bl_iot_sdk/customer_app/bl602_boot2_mini/build_out/bl602_std/libbl602_std.a(bl602_glb.o)
 .sbss.glbBmxToIntCbfArra
                0x00000000420201ec        0x4 /home/melody/work/BL602_Demo/bl_iot_sdk/customer_app/bl602_boot2_mini/build_out/bl602_std/libbl602_std.a(bl602_glb.o)
 .sbss.l1cBmxErrIntCbfArra
                0x00000000420201f0        0x4 /home/melody/work/BL602_Demo/bl_iot_sdk/customer_app/bl602_boot2_mini/build_out/bl602_std/libbl602_std.a(bl602_l1c.o)
 .sbss.l1cBmxToIntCbfArra
                0x00000000420201f4        0x4 /home/melody/work/BL602_Demo/bl_iot_sdk/customer_app/bl602_boot2_mini/build_out/bl602_std/libbl602_std.a(bl602_l1c.o)
 .sbss.init_flag
                0x00000000420201f8        0x4 /home/melody/work/BL602_Demo/bl_iot_sdk/customer_app/bl602_boot2_mini/build_out/bl602_std/libbl602_std.a(platform_device.o)
 .sbss.uart_dbg_disable
                0x00000000420201fc        0x1 /home/melody/work/BL602_Demo/bl_iot_sdk/customer_app/bl602_boot2_mini/build_out/bl602_std/libbl602_std.a(platform_device.o)
 *fill*         0x00000000420201fd        0x3 
 .sbss.pParameter.10288
                0x0000000042020200        0x4 /home/melody/work/BL602_Demo/bl_iot_sdk/customer_app/bl602_boot2_mini/build_out/bl602_boot2_mini/libbl602_boot2_mini.a(blsp_port.o)
 .sbss.PtTable_Flash_Erase
                0x0000000042020204        0x4 /home/melody/work/BL602_Demo/bl_iot_sdk/customer_app/bl602_boot2_mini/build_out/bl602_std/libbl602_std.a(partition.o)
                0x0000000042020204                PtTable_Flash_Erase
 .sbss.PtTable_Flash_Read
                0x0000000042020208        0x4 /home/melody/work/BL602_Demo/bl_iot_sdk/customer_app/bl602_boot2_mini/build_out/bl602_std/libbl602_std.a(partition.o)
                0x0000000042020208                PtTable_Flash_Read
 .sbss.PtTable_Flash_Write
                0x000000004202020c        0x4 /home/melody/work/BL602_Demo/bl_iot_sdk/customer_app/bl602_boot2_mini/build_out/bl602_std/libbl602_std.a(partition.o)
                0x000000004202020c                PtTable_Flash_Write
 *(COMMON)
 COMMON         0x0000000042020210      0x668 /home/melody/work/BL602_Demo/bl_iot_sdk/customer_app/bl602_boot2_mini/build_out/bl602_boot2_mini/libbl602_boot2_mini.a(blsp_boot2.o)
                0x0000000042020210                bootImgCfg
                0x00000000420207d0                flashCfg
                0x0000000042020824                cpuCount
                0x0000000042020828                efuseCfg
                0x0000000042020878                . = ALIGN (0x4)
                0x0000000042020878                __bss_end__ = .

.noinit_data    0x0000000042020878        0x0
                0x0000000042020878                . = ALIGN (0x4)
                0x0000000042020878                __noinit_data_start__ = .
 *(.noinit_data*)
                0x0000000042020878                . = ALIGN (0x4)
                0x0000000042020878                __noinit_data_end__ = .

.heap           0x0000000042020878        0x0
                0x0000000042020878                . = ALIGN (0x4)
                0x0000000042020878                __HeapBase = .
 *(.heap*)
                0x0000000042020878                . = ALIGN (0x4)
                0x0000000042020878                __HeapLimit = .
OUTPUT(/home/melody/work/BL602_Demo/bl_iot_sdk/customer_app/bl602_boot2_mini/build_out/bl602_boot2_mini.elf elf32-littleriscv)

.riscv.attributes
                0x0000000000000000       0x2b
 .riscv.attributes
                0x0000000000000000       0x29 /home/melody/work/BL602_Demo/bl_iot_sdk/customer_app/bl602_boot2_mini/build_out/bl602_std/libbl602_std.a(entry.o)
 .riscv.attributes
                0x0000000000000029       0x2b /home/melody/work/BL602_Demo/bl_iot_sdk/customer_app/bl602_boot2_mini/build_out/bl602_std/libbl602_std.a(start_load.o)
 .riscv.attributes
                0x0000000000000054       0x2b /home/melody/work/BL602_Demo/bl_iot_sdk/customer_app/bl602_boot2_mini/build_out/bl602_std/libbl602_std.a(system_bl602.o)
 .riscv.attributes
                0x000000000000007f       0x2b /home/melody/work/BL602_Demo/bl_iot_sdk/customer_app/bl602_boot2_mini/build_out/bl602_std/libbl602_std.a(bl602_glb.o)
 .riscv.attributes
                0x00000000000000aa       0x2b /home/melody/work/BL602_Demo/bl_iot_sdk/customer_app/bl602_boot2_mini/build_out/bl602_std/libbl602_std.a(bl602_hbn.o)
 .riscv.attributes
                0x00000000000000d5       0x2b /home/melody/work/BL602_Demo/bl_iot_sdk/customer_app/bl602_boot2_mini/build_out/bl602_std/libbl602_std.a(bl602_pds.o)
 .riscv.attributes
                0x0000000000000100       0x2b /home/melody/work/BL602_Demo/bl_iot_sdk/customer_app/bl602_boot2_mini/build_out/bl602_std/libbl602_std.a(bl602_l1c.o)
 .riscv.attributes
                0x000000000000012b       0x2b /home/melody/work/BL602_Demo/bl_iot_sdk/customer_app/bl602_boot2_mini/build_out/bl602_std/libbl602_std.a(bl602_ef_ctrl.o)
 .riscv.attributes
                0x0000000000000156       0x2b /home/melody/work/BL602_Demo/bl_iot_sdk/customer_app/bl602_boot2_mini/build_out/bl602_std/libbl602_std.a(platform_device.o)
 .riscv.attributes
                0x0000000000000181       0x2b /home/melody/work/BL602_Demo/bl_iot_sdk/customer_app/bl602_boot2_mini/build_out/bl602_std/libbl602_std.a(ring_buffer.o)
 .riscv.attributes
                0x00000000000001ac       0x2b /home/melody/work/BL602_Demo/bl_iot_sdk/customer_app/bl602_boot2_mini/build_out/bl602_std/libbl602_std.a(interrupt.o)
 .riscv.attributes
                0x00000000000001d7       0x2b /home/melody/work/BL602_Demo/bl_iot_sdk/customer_app/bl602_boot2_mini/build_out/bl602_std/libbl602_std.a(bl602_romapi.o)
 .riscv.attributes
                0x0000000000000202       0x2b /home/melody/work/BL602_Demo/bl_iot_sdk/customer_app/bl602_boot2_mini/build_out/bl602_std/libbl602_std.a(bl602_uart.o)
 .riscv.attributes
                0x000000000000022d       0x2b /home/melody/work/BL602_Demo/bl_iot_sdk/customer_app/bl602_boot2_mini/build_out/bl602_std/libbl602_std.a(bl602_sec_eng.o)
 .riscv.attributes
                0x0000000000000258       0x2b /home/melody/work/BL602_Demo/bl_iot_sdk/customer_app/bl602_boot2_mini/build_out/bl602_std/libbl602_std.a(bl602_common.o)
 .riscv.attributes
                0x0000000000000283       0x2b /home/melody/work/BL602_Demo/bl_iot_sdk/customer_app/bl602_boot2_mini/build_out/bl602/libbl602.a(debug.o)
 .riscv.attributes
                0x00000000000002ae       0x2b /home/melody/work/BL602_Demo/bl_iot_sdk/customer_app/bl602_boot2_mini/build_out/bl602_boot2_mini/libbl602_boot2_mini.a(blsp_boot2.o)
 .riscv.attributes
                0x00000000000002d9       0x2b /home/melody/work/BL602_Demo/bl_iot_sdk/customer_app/bl602_boot2_mini/build_out/bl602_boot2_mini/libbl602_boot2_mini.a(blsp_common.o)
 .riscv.attributes
                0x0000000000000304       0x2b /home/melody/work/BL602_Demo/bl_iot_sdk/customer_app/bl602_boot2_mini/build_out/bl602_boot2_mini/libbl602_boot2_mini.a(blsp_port.o)
 .riscv.attributes
                0x000000000000032f       0x2b /home/melody/work/BL602_Demo/bl_iot_sdk/customer_app/bl602_boot2_mini/build_out/bl602_std/libbl602_std.a(bl602_timer.o)
 .riscv.attributes
                0x000000000000035a       0x2b /home/melody/work/BL602_Demo/bl_iot_sdk/customer_app/bl602_boot2_mini/build_out/bl602_std/libbl602_std.a(partition.o)
 .riscv.attributes
                0x0000000000000385       0x26 /home/melody/work/BL602_Demo/bl_iot_sdk/toolchain/riscv/Linux/bin/../lib/gcc/riscv64-unknown-elf/8.3.0/rv32imf/ilp32f/libgcc.a(_udivdi3.o)
 .riscv.attributes
                0x00000000000003ab       0x26 /home/melody/work/BL602_Demo/bl_iot_sdk/toolchain/riscv/Linux/bin/../lib/gcc/riscv64-unknown-elf/8.3.0/rv32imf/ilp32f/libgcc.a(_umoddi3.o)
 .riscv.attributes
                0x00000000000003d1       0x26 /home/melody/work/BL602_Demo/bl_iot_sdk/toolchain/riscv/Linux/bin/../lib/gcc/riscv64-unknown-elf/8.3.0/rv32imf/ilp32f/libgcc.a(_clz.o)
 .riscv.attributes
                0x00000000000003f7       0x26 /home/melody/work/BL602_Demo/bl_iot_sdk/toolchain/riscv/Linux/bin/../lib/gcc/riscv64-unknown-elf/8.3.0/../../../../riscv64-unknown-elf/lib/rv32imf/ilp32f/libc.a(lib_a-memcmp.o)
 .riscv.attributes
                0x000000000000041d       0x26 /home/melody/work/BL602_Demo/bl_iot_sdk/toolchain/riscv/Linux/bin/../lib/gcc/riscv64-unknown-elf/8.3.0/../../../../riscv64-unknown-elf/lib/rv32imf/ilp32f/libc.a(lib_a-memcpy.o)
 .riscv.attributes
                0x0000000000000443       0x24 /home/melody/work/BL602_Demo/bl_iot_sdk/toolchain/riscv/Linux/bin/../lib/gcc/riscv64-unknown-elf/8.3.0/../../../../riscv64-unknown-elf/lib/rv32imf/ilp32f/libc.a(lib_a-memset.o)
 .riscv.attributes
                0x0000000000000467       0x26 /home/melody/work/BL602_Demo/bl_iot_sdk/toolchain/riscv/Linux/bin/../lib/gcc/riscv64-unknown-elf/8.3.0/../../../../riscv64-unknown-elf/lib/rv32imf/ilp32f/libc.a(lib_a-strlen.o)

.comment        0x0000000000000000       0x28
 .comment       0x0000000000000000       0x28 /home/melody/work/BL602_Demo/bl_iot_sdk/customer_app/bl602_boot2_mini/build_out/bl602_std/libbl602_std.a(start_load.o)
                                         0x29 (size before relaxing)
 .comment       0x0000000000000028       0x29 /home/melody/work/BL602_Demo/bl_iot_sdk/customer_app/bl602_boot2_mini/build_out/bl602_std/libbl602_std.a(system_bl602.o)
 .comment       0x0000000000000028       0x29 /home/melody/work/BL602_Demo/bl_iot_sdk/customer_app/bl602_boot2_mini/build_out/bl602_std/libbl602_std.a(bl602_glb.o)
 .comment       0x0000000000000028       0x29 /home/melody/work/BL602_Demo/bl_iot_sdk/customer_app/bl602_boot2_mini/build_out/bl602_std/libbl602_std.a(bl602_hbn.o)
 .comment       0x0000000000000028       0x29 /home/melody/work/BL602_Demo/bl_iot_sdk/customer_app/bl602_boot2_mini/build_out/bl602_std/libbl602_std.a(bl602_pds.o)
 .comment       0x0000000000000028       0x29 /home/melody/work/BL602_Demo/bl_iot_sdk/customer_app/bl602_boot2_mini/build_out/bl602_std/libbl602_std.a(bl602_l1c.o)
 .comment       0x0000000000000028       0x29 /home/melody/work/BL602_Demo/bl_iot_sdk/customer_app/bl602_boot2_mini/build_out/bl602_std/libbl602_std.a(bl602_ef_ctrl.o)
 .comment       0x0000000000000028       0x29 /home/melody/work/BL602_Demo/bl_iot_sdk/customer_app/bl602_boot2_mini/build_out/bl602_std/libbl602_std.a(platform_device.o)
 .comment       0x0000000000000028       0x29 /home/melody/work/BL602_Demo/bl_iot_sdk/customer_app/bl602_boot2_mini/build_out/bl602_std/libbl602_std.a(ring_buffer.o)
 .comment       0x0000000000000028       0x29 /home/melody/work/BL602_Demo/bl_iot_sdk/customer_app/bl602_boot2_mini/build_out/bl602_std/libbl602_std.a(interrupt.o)
 .comment       0x0000000000000028       0x29 /home/melody/work/BL602_Demo/bl_iot_sdk/customer_app/bl602_boot2_mini/build_out/bl602_std/libbl602_std.a(bl602_romapi.o)
 .comment       0x0000000000000028       0x29 /home/melody/work/BL602_Demo/bl_iot_sdk/customer_app/bl602_boot2_mini/build_out/bl602_std/libbl602_std.a(bl602_uart.o)
 .comment       0x0000000000000028       0x29 /home/melody/work/BL602_Demo/bl_iot_sdk/customer_app/bl602_boot2_mini/build_out/bl602_std/libbl602_std.a(bl602_sec_eng.o)
 .comment       0x0000000000000028       0x29 /home/melody/work/BL602_Demo/bl_iot_sdk/customer_app/bl602_boot2_mini/build_out/bl602_std/libbl602_std.a(bl602_common.o)
 .comment       0x0000000000000028       0x29 /home/melody/work/BL602_Demo/bl_iot_sdk/customer_app/bl602_boot2_mini/build_out/bl602/libbl602.a(debug.o)
 .comment       0x0000000000000028       0x29 /home/melody/work/BL602_Demo/bl_iot_sdk/customer_app/bl602_boot2_mini/build_out/bl602_boot2_mini/libbl602_boot2_mini.a(blsp_boot2.o)
 .comment       0x0000000000000028       0x29 /home/melody/work/BL602_Demo/bl_iot_sdk/customer_app/bl602_boot2_mini/build_out/bl602_boot2_mini/libbl602_boot2_mini.a(blsp_common.o)
 .comment       0x0000000000000028       0x29 /home/melody/work/BL602_Demo/bl_iot_sdk/customer_app/bl602_boot2_mini/build_out/bl602_boot2_mini/libbl602_boot2_mini.a(blsp_port.o)
 .comment       0x0000000000000028       0x29 /home/melody/work/BL602_Demo/bl_iot_sdk/customer_app/bl602_boot2_mini/build_out/bl602_std/libbl602_std.a(bl602_timer.o)
 .comment       0x0000000000000028       0x29 /home/melody/work/BL602_Demo/bl_iot_sdk/customer_app/bl602_boot2_mini/build_out/bl602_std/libbl602_std.a(partition.o)
 .comment       0x0000000000000028       0x29 /home/melody/work/BL602_Demo/bl_iot_sdk/toolchain/riscv/Linux/bin/../lib/gcc/riscv64-unknown-elf/8.3.0/rv32imf/ilp32f/libgcc.a(_udivdi3.o)
 .comment       0x0000000000000028       0x29 /home/melody/work/BL602_Demo/bl_iot_sdk/toolchain/riscv/Linux/bin/../lib/gcc/riscv64-unknown-elf/8.3.0/rv32imf/ilp32f/libgcc.a(_umoddi3.o)
 .comment       0x0000000000000028       0x29 /home/melody/work/BL602_Demo/bl_iot_sdk/toolchain/riscv/Linux/bin/../lib/gcc/riscv64-unknown-elf/8.3.0/rv32imf/ilp32f/libgcc.a(_clz.o)
 .comment       0x0000000000000028       0x29 /home/melody/work/BL602_Demo/bl_iot_sdk/toolchain/riscv/Linux/bin/../lib/gcc/riscv64-unknown-elf/8.3.0/../../../../riscv64-unknown-elf/lib/rv32imf/ilp32f/libc.a(lib_a-memcmp.o)
 .comment       0x0000000000000028       0x29 /home/melody/work/BL602_Demo/bl_iot_sdk/toolchain/riscv/Linux/bin/../lib/gcc/riscv64-unknown-elf/8.3.0/../../../../riscv64-unknown-elf/lib/rv32imf/ilp32f/libc.a(lib_a-memcpy.o)
 .comment       0x0000000000000028       0x29 /home/melody/work/BL602_Demo/bl_iot_sdk/toolchain/riscv/Linux/bin/../lib/gcc/riscv64-unknown-elf/8.3.0/../../../../riscv64-unknown-elf/lib/rv32imf/ilp32f/libc.a(lib_a-strlen.o)

.debug_line     0x0000000000000000    0x1f7dc
 .debug_line    0x0000000000000000      0x18f /home/melody/work/BL602_Demo/bl_iot_sdk/customer_app/bl602_boot2_mini/build_out/bl602_std/libbl602_std.a(entry.o)
 .debug_line    0x000000000000018f      0x37a /home/melody/work/BL602_Demo/bl_iot_sdk/customer_app/bl602_boot2_mini/build_out/bl602_std/libbl602_std.a(start_load.o)
 .debug_line    0x0000000000000509      0x51f /home/melody/work/BL602_Demo/bl_iot_sdk/customer_app/bl602_boot2_mini/build_out/bl602_std/libbl602_std.a(system_bl602.o)
 .debug_line    0x0000000000000a28     0x3de2 /home/melody/work/BL602_Demo/bl_iot_sdk/customer_app/bl602_boot2_mini/build_out/bl602_std/libbl602_std.a(bl602_glb.o)
 .debug_line    0x000000000000480a     0x24e9 /home/melody/work/BL602_Demo/bl_iot_sdk/customer_app/bl602_boot2_mini/build_out/bl602_std/libbl602_std.a(bl602_hbn.o)
 .debug_line    0x0000000000006cf3     0x1119 /home/melody/work/BL602_Demo/bl_iot_sdk/customer_app/bl602_boot2_mini/build_out/bl602_std/libbl602_std.a(bl602_pds.o)
 .debug_line    0x0000000000007e0c      0x95d /home/melody/work/BL602_Demo/bl_iot_sdk/customer_app/bl602_boot2_mini/build_out/bl602_std/libbl602_std.a(bl602_l1c.o)
 .debug_line    0x0000000000008769     0x2f46 /home/melody/work/BL602_Demo/bl_iot_sdk/customer_app/bl602_boot2_mini/build_out/bl602_std/libbl602_std.a(bl602_ef_ctrl.o)
 .debug_line    0x000000000000b6af     0x11d1 /home/melody/work/BL602_Demo/bl_iot_sdk/customer_app/bl602_boot2_mini/build_out/bl602_std/libbl602_std.a(platform_device.o)
 .debug_line    0x000000000000c880     0x1189 /home/melody/work/BL602_Demo/bl_iot_sdk/customer_app/bl602_boot2_mini/build_out/bl602_std/libbl602_std.a(ring_buffer.o)
 .debug_line    0x000000000000da09      0x30d /home/melody/work/BL602_Demo/bl_iot_sdk/customer_app/bl602_boot2_mini/build_out/bl602_std/libbl602_std.a(interrupt.o)
 .debug_line    0x000000000000dd16     0x19d4 /home/melody/work/BL602_Demo/bl_iot_sdk/customer_app/bl602_boot2_mini/build_out/bl602_std/libbl602_std.a(bl602_romapi.o)
 .debug_line    0x000000000000f6ea     0x1dd9 /home/melody/work/BL602_Demo/bl_iot_sdk/customer_app/bl602_boot2_mini/build_out/bl602_std/libbl602_std.a(bl602_uart.o)
 .debug_line    0x00000000000114c3     0x6117 /home/melody/work/BL602_Demo/bl_iot_sdk/customer_app/bl602_boot2_mini/build_out/bl602_std/libbl602_std.a(bl602_sec_eng.o)
 .debug_line    0x00000000000175da      0x855 /home/melody/work/BL602_Demo/bl_iot_sdk/customer_app/bl602_boot2_mini/build_out/bl602_std/libbl602_std.a(bl602_common.o)
 .debug_line    0x0000000000017e2f     0x1f07 /home/melody/work/BL602_Demo/bl_iot_sdk/customer_app/bl602_boot2_mini/build_out/bl602/libbl602.a(debug.o)
 .debug_line    0x0000000000019d36      0x991 /home/melody/work/BL602_Demo/bl_iot_sdk/customer_app/bl602_boot2_mini/build_out/bl602_boot2_mini/libbl602_boot2_mini.a(blsp_boot2.o)
 .debug_line    0x000000000001a6c7      0x6be /home/melody/work/BL602_Demo/bl_iot_sdk/customer_app/bl602_boot2_mini/build_out/bl602_boot2_mini/libbl602_boot2_mini.a(blsp_common.o)
 .debug_line    0x000000000001ad85      0xf3a /home/melody/work/BL602_Demo/bl_iot_sdk/customer_app/bl602_boot2_mini/build_out/bl602_boot2_mini/libbl602_boot2_mini.a(blsp_port.o)
 .debug_line    0x000000000001bcbf     0x16fd /home/melody/work/BL602_Demo/bl_iot_sdk/customer_app/bl602_boot2_mini/build_out/bl602_std/libbl602_std.a(bl602_timer.o)
 .debug_line    0x000000000001d3bc      0xc40 /home/melody/work/BL602_Demo/bl_iot_sdk/customer_app/bl602_boot2_mini/build_out/bl602_std/libbl602_std.a(partition.o)
 .debug_line    0x000000000001dffc      0x9fc /home/melody/work/BL602_Demo/bl_iot_sdk/toolchain/riscv/Linux/bin/../lib/gcc/riscv64-unknown-elf/8.3.0/rv32imf/ilp32f/libgcc.a(_udivdi3.o)
 .debug_line    0x000000000001e9f8      0xaac /home/melody/work/BL602_Demo/bl_iot_sdk/toolchain/riscv/Linux/bin/../lib/gcc/riscv64-unknown-elf/8.3.0/rv32imf/ilp32f/libgcc.a(_umoddi3.o)
 .debug_line    0x000000000001f4a4      0x338 /home/melody/work/BL602_Demo/bl_iot_sdk/toolchain/riscv/Linux/bin/../lib/gcc/riscv64-unknown-elf/8.3.0/rv32imf/ilp32f/libgcc.a(_clz.o)

.debug_info     0x0000000000000000    0x2485d
 .debug_info    0x0000000000000000       0x22 /home/melody/work/BL602_Demo/bl_iot_sdk/customer_app/bl602_boot2_mini/build_out/bl602_std/libbl602_std.a(entry.o)
 .debug_info    0x0000000000000022      0x1d5 /home/melody/work/BL602_Demo/bl_iot_sdk/customer_app/bl602_boot2_mini/build_out/bl602_std/libbl602_std.a(start_load.o)
 .debug_info    0x00000000000001f7      0xcd5 /home/melody/work/BL602_Demo/bl_iot_sdk/customer_app/bl602_boot2_mini/build_out/bl602_std/libbl602_std.a(system_bl602.o)
 .debug_info    0x0000000000000ecc     0x2c26 /home/melody/work/BL602_Demo/bl_iot_sdk/customer_app/bl602_boot2_mini/build_out/bl602_std/libbl602_std.a(bl602_glb.o)
 .debug_info    0x0000000000003af2     0x2443 /home/melody/work/BL602_Demo/bl_iot_sdk/customer_app/bl602_boot2_mini/build_out/bl602_std/libbl602_std.a(bl602_hbn.o)
 .debug_info    0x0000000000005f35     0x17f2 /home/melody/work/BL602_Demo/bl_iot_sdk/customer_app/bl602_boot2_mini/build_out/bl602_std/libbl602_std.a(bl602_pds.o)
 .debug_info    0x0000000000007727      0xe33 /home/melody/work/BL602_Demo/bl_iot_sdk/customer_app/bl602_boot2_mini/build_out/bl602_std/libbl602_std.a(bl602_l1c.o)
 .debug_info    0x000000000000855a     0x2371 /home/melody/work/BL602_Demo/bl_iot_sdk/customer_app/bl602_boot2_mini/build_out/bl602_std/libbl602_std.a(bl602_ef_ctrl.o)
 .debug_info    0x000000000000a8cb     0x1bfc /home/melody/work/BL602_Demo/bl_iot_sdk/customer_app/bl602_boot2_mini/build_out/bl602_std/libbl602_std.a(platform_device.o)
 .debug_info    0x000000000000c4c7     0x1213 /home/melody/work/BL602_Demo/bl_iot_sdk/customer_app/bl602_boot2_mini/build_out/bl602_std/libbl602_std.a(ring_buffer.o)
 .debug_info    0x000000000000d6da      0x258 /home/melody/work/BL602_Demo/bl_iot_sdk/customer_app/bl602_boot2_mini/build_out/bl602_std/libbl602_std.a(interrupt.o)
 .debug_info    0x000000000000d932     0x452e /home/melody/work/BL602_Demo/bl_iot_sdk/customer_app/bl602_boot2_mini/build_out/bl602_std/libbl602_std.a(bl602_romapi.o)
 .debug_info    0x0000000000011e60     0x19d6 /home/melody/work/BL602_Demo/bl_iot_sdk/customer_app/bl602_boot2_mini/build_out/bl602_std/libbl602_std.a(bl602_uart.o)
 .debug_info    0x0000000000013836     0x429d /home/melody/work/BL602_Demo/bl_iot_sdk/customer_app/bl602_boot2_mini/build_out/bl602_std/libbl602_std.a(bl602_sec_eng.o)
 .debug_info    0x0000000000017ad3      0xe9c /home/melody/work/BL602_Demo/bl_iot_sdk/customer_app/bl602_boot2_mini/build_out/bl602_std/libbl602_std.a(bl602_common.o)
 .debug_info    0x000000000001896f     0x141a /home/melody/work/BL602_Demo/bl_iot_sdk/customer_app/bl602_boot2_mini/build_out/bl602/libbl602.a(debug.o)
 .debug_info    0x0000000000019d89     0x1c77 /home/melody/work/BL602_Demo/bl_iot_sdk/customer_app/bl602_boot2_mini/build_out/bl602_boot2_mini/libbl602_boot2_mini.a(blsp_boot2.o)
 .debug_info    0x000000000001ba00     0x1423 /home/melody/work/BL602_Demo/bl_iot_sdk/customer_app/bl602_boot2_mini/build_out/bl602_boot2_mini/libbl602_boot2_mini.a(blsp_common.o)
 .debug_info    0x000000000001ce23     0x22c8 /home/melody/work/BL602_Demo/bl_iot_sdk/customer_app/bl602_boot2_mini/build_out/bl602_boot2_mini/libbl602_boot2_mini.a(blsp_port.o)
 .debug_info    0x000000000001f0eb     0x1554 /home/melody/work/BL602_Demo/bl_iot_sdk/customer_app/bl602_boot2_mini/build_out/bl602_std/libbl602_std.a(bl602_timer.o)
 .debug_info    0x000000000002063f     0x11cc /home/melody/work/BL602_Demo/bl_iot_sdk/customer_app/bl602_boot2_mini/build_out/bl602_std/libbl602_std.a(partition.o)
 .debug_info    0x000000000002180b     0x1245 /home/melody/work/BL602_Demo/bl_iot_sdk/toolchain/riscv/Linux/bin/../lib/gcc/riscv64-unknown-elf/8.3.0/rv32imf/ilp32f/libgcc.a(_udivdi3.o)
 .debug_info    0x0000000000022a50     0x12a3 /home/melody/work/BL602_Demo/bl_iot_sdk/toolchain/riscv/Linux/bin/../lib/gcc/riscv64-unknown-elf/8.3.0/rv32imf/ilp32f/libgcc.a(_umoddi3.o)
 .debug_info    0x0000000000023cf3      0xb6a /home/melody/work/BL602_Demo/bl_iot_sdk/toolchain/riscv/Linux/bin/../lib/gcc/riscv64-unknown-elf/8.3.0/rv32imf/ilp32f/libgcc.a(_clz.o)

.debug_abbrev   0x0000000000000000     0x4ef8
 .debug_abbrev  0x0000000000000000       0x12 /home/melody/work/BL602_Demo/bl_iot_sdk/customer_app/bl602_boot2_mini/build_out/bl602_std/libbl602_std.a(entry.o)
 .debug_abbrev  0x0000000000000012       0x91 /home/melody/work/BL602_Demo/bl_iot_sdk/customer_app/bl602_boot2_mini/build_out/bl602_std/libbl602_std.a(start_load.o)
 .debug_abbrev  0x00000000000000a3      0x2ae /home/melody/work/BL602_Demo/bl_iot_sdk/customer_app/bl602_boot2_mini/build_out/bl602_std/libbl602_std.a(system_bl602.o)
 .debug_abbrev  0x0000000000000351      0x40a /home/melody/work/BL602_Demo/bl_iot_sdk/customer_app/bl602_boot2_mini/build_out/bl602_std/libbl602_std.a(bl602_glb.o)
 .debug_abbrev  0x000000000000075b      0x38b /home/melody/work/BL602_Demo/bl_iot_sdk/customer_app/bl602_boot2_mini/build_out/bl602_std/libbl602_std.a(bl602_hbn.o)
 .debug_abbrev  0x0000000000000ae6      0x374 /home/melody/work/BL602_Demo/bl_iot_sdk/customer_app/bl602_boot2_mini/build_out/bl602_std/libbl602_std.a(bl602_pds.o)
 .debug_abbrev  0x0000000000000e5a      0x301 /home/melody/work/BL602_Demo/bl_iot_sdk/customer_app/bl602_boot2_mini/build_out/bl602_std/libbl602_std.a(bl602_l1c.o)
 .debug_abbrev  0x000000000000115b      0x49d /home/melody/work/BL602_Demo/bl_iot_sdk/customer_app/bl602_boot2_mini/build_out/bl602_std/libbl602_std.a(bl602_ef_ctrl.o)
 .debug_abbrev  0x00000000000015f8      0x490 /home/melody/work/BL602_Demo/bl_iot_sdk/customer_app/bl602_boot2_mini/build_out/bl602_std/libbl602_std.a(platform_device.o)
 .debug_abbrev  0x0000000000001a88      0x390 /home/melody/work/BL602_Demo/bl_iot_sdk/customer_app/bl602_boot2_mini/build_out/bl602_std/libbl602_std.a(ring_buffer.o)
 .debug_abbrev  0x0000000000001e18      0x12d /home/melody/work/BL602_Demo/bl_iot_sdk/customer_app/bl602_boot2_mini/build_out/bl602_std/libbl602_std.a(interrupt.o)
 .debug_abbrev  0x0000000000001f45      0x396 /home/melody/work/BL602_Demo/bl_iot_sdk/customer_app/bl602_boot2_mini/build_out/bl602_std/libbl602_std.a(bl602_romapi.o)
 .debug_abbrev  0x00000000000022db      0x318 /home/melody/work/BL602_Demo/bl_iot_sdk/customer_app/bl602_boot2_mini/build_out/bl602_std/libbl602_std.a(bl602_uart.o)
 .debug_abbrev  0x00000000000025f3      0x55d /home/melody/work/BL602_Demo/bl_iot_sdk/customer_app/bl602_boot2_mini/build_out/bl602_std/libbl602_std.a(bl602_sec_eng.o)
 .debug_abbrev  0x0000000000002b50      0x369 /home/melody/work/BL602_Demo/bl_iot_sdk/customer_app/bl602_boot2_mini/build_out/bl602_std/libbl602_std.a(bl602_common.o)
 .debug_abbrev  0x0000000000002eb9      0x49f /home/melody/work/BL602_Demo/bl_iot_sdk/customer_app/bl602_boot2_mini/build_out/bl602/libbl602.a(debug.o)
 .debug_abbrev  0x0000000000003358      0x468 /home/melody/work/BL602_Demo/bl_iot_sdk/customer_app/bl602_boot2_mini/build_out/bl602_boot2_mini/libbl602_boot2_mini.a(blsp_boot2.o)
 .debug_abbrev  0x00000000000037c0      0x341 /home/melody/work/BL602_Demo/bl_iot_sdk/customer_app/bl602_boot2_mini/build_out/bl602_boot2_mini/libbl602_boot2_mini.a(blsp_common.o)
 .debug_abbrev  0x0000000000003b01      0x519 /home/melody/work/BL602_Demo/bl_iot_sdk/customer_app/bl602_boot2_mini/build_out/bl602_boot2_mini/libbl602_boot2_mini.a(blsp_port.o)
 .debug_abbrev  0x000000000000401a      0x3e1 /home/melody/work/BL602_Demo/bl_iot_sdk/customer_app/bl602_boot2_mini/build_out/bl602_std/libbl602_std.a(bl602_timer.o)
 .debug_abbrev  0x00000000000043fb      0x361 /home/melody/work/BL602_Demo/bl_iot_sdk/customer_app/bl602_boot2_mini/build_out/bl602_std/libbl602_std.a(partition.o)
 .debug_abbrev  0x000000000000475c      0x2cc /home/melody/work/BL602_Demo/bl_iot_sdk/toolchain/riscv/Linux/bin/../lib/gcc/riscv64-unknown-elf/8.3.0/rv32imf/ilp32f/libgcc.a(_udivdi3.o)
 .debug_abbrev  0x0000000000004a28      0x2e8 /home/melody/work/BL602_Demo/bl_iot_sdk/toolchain/riscv/Linux/bin/../lib/gcc/riscv64-unknown-elf/8.3.0/rv32imf/ilp32f/libgcc.a(_umoddi3.o)
 .debug_abbrev  0x0000000000004d10      0x1e8 /home/melody/work/BL602_Demo/bl_iot_sdk/toolchain/riscv/Linux/bin/../lib/gcc/riscv64-unknown-elf/8.3.0/rv32imf/ilp32f/libgcc.a(_clz.o)

.debug_aranges  0x0000000000000000     0x1738
 .debug_aranges
                0x0000000000000000       0x30 /home/melody/work/BL602_Demo/bl_iot_sdk/customer_app/bl602_boot2_mini/build_out/bl602_std/libbl602_std.a(entry.o)
 .debug_aranges
                0x0000000000000030       0x20 /home/melody/work/BL602_Demo/bl_iot_sdk/customer_app/bl602_boot2_mini/build_out/bl602_std/libbl602_std.a(start_load.o)
 .debug_aranges
                0x0000000000000050       0x30 /home/melody/work/BL602_Demo/bl_iot_sdk/customer_app/bl602_boot2_mini/build_out/bl602_std/libbl602_std.a(system_bl602.o)
 .debug_aranges
                0x0000000000000080      0x2a0 /home/melody/work/BL602_Demo/bl_iot_sdk/customer_app/bl602_boot2_mini/build_out/bl602_std/libbl602_std.a(bl602_glb.o)
 .debug_aranges
                0x0000000000000320      0x208 /home/melody/work/BL602_Demo/bl_iot_sdk/customer_app/bl602_boot2_mini/build_out/bl602_std/libbl602_std.a(bl602_hbn.o)
 .debug_aranges
                0x0000000000000528       0xc8 /home/melody/work/BL602_Demo/bl_iot_sdk/customer_app/bl602_boot2_mini/build_out/bl602_std/libbl602_std.a(bl602_pds.o)
 .debug_aranges
                0x00000000000005f0       0x88 /home/melody/work/BL602_Demo/bl_iot_sdk/customer_app/bl602_boot2_mini/build_out/bl602_std/libbl602_std.a(bl602_l1c.o)
 .debug_aranges
                0x0000000000000678      0x1b0 /home/melody/work/BL602_Demo/bl_iot_sdk/customer_app/bl602_boot2_mini/build_out/bl602_std/libbl602_std.a(bl602_ef_ctrl.o)
 .debug_aranges
                0x0000000000000828       0xd0 /home/melody/work/BL602_Demo/bl_iot_sdk/customer_app/bl602_boot2_mini/build_out/bl602_std/libbl602_std.a(platform_device.o)
 .debug_aranges
                0x00000000000008f8       0xa0 /home/melody/work/BL602_Demo/bl_iot_sdk/customer_app/bl602_boot2_mini/build_out/bl602_std/libbl602_std.a(ring_buffer.o)
 .debug_aranges
                0x0000000000000998       0x68 /home/melody/work/BL602_Demo/bl_iot_sdk/customer_app/bl602_boot2_mini/build_out/bl602_std/libbl602_std.a(interrupt.o)
 .debug_aranges
                0x0000000000000a00      0x568 /home/melody/work/BL602_Demo/bl_iot_sdk/customer_app/bl602_boot2_mini/build_out/bl602_std/libbl602_std.a(bl602_romapi.o)
 .debug_aranges
                0x0000000000000f68      0x120 /home/melody/work/BL602_Demo/bl_iot_sdk/customer_app/bl602_boot2_mini/build_out/bl602_std/libbl602_std.a(bl602_uart.o)
 .debug_aranges
                0x0000000000001088      0x290 /home/melody/work/BL602_Demo/bl_iot_sdk/customer_app/bl602_boot2_mini/build_out/bl602_std/libbl602_std.a(bl602_sec_eng.o)
 .debug_aranges
                0x0000000000001318       0x70 /home/melody/work/BL602_Demo/bl_iot_sdk/customer_app/bl602_boot2_mini/build_out/bl602_std/libbl602_std.a(bl602_common.o)
 .debug_aranges
                0x0000000000001388       0x80 /home/melody/work/BL602_Demo/bl_iot_sdk/customer_app/bl602_boot2_mini/build_out/bl602/libbl602.a(debug.o)
 .debug_aranges
                0x0000000000001408       0x40 /home/melody/work/BL602_Demo/bl_iot_sdk/customer_app/bl602_boot2_mini/build_out/bl602_boot2_mini/libbl602_boot2_mini.a(blsp_boot2.o)
 .debug_aranges
                0x0000000000001448       0x38 /home/melody/work/BL602_Demo/bl_iot_sdk/customer_app/bl602_boot2_mini/build_out/bl602_boot2_mini/libbl602_boot2_mini.a(blsp_common.o)
 .debug_aranges
                0x0000000000001480      0x108 /home/melody/work/BL602_Demo/bl_iot_sdk/customer_app/bl602_boot2_mini/build_out/bl602_boot2_mini/libbl602_boot2_mini.a(blsp_port.o)
 .debug_aranges
                0x0000000000001588      0x100 /home/melody/work/BL602_Demo/bl_iot_sdk/customer_app/bl602_boot2_mini/build_out/bl602_std/libbl602_std.a(bl602_timer.o)
 .debug_aranges
                0x0000000000001688       0x58 /home/melody/work/BL602_Demo/bl_iot_sdk/customer_app/bl602_boot2_mini/build_out/bl602_std/libbl602_std.a(partition.o)
 .debug_aranges
                0x00000000000016e0       0x20 /home/melody/work/BL602_Demo/bl_iot_sdk/toolchain/riscv/Linux/bin/../lib/gcc/riscv64-unknown-elf/8.3.0/rv32imf/ilp32f/libgcc.a(_udivdi3.o)
 .debug_aranges
                0x0000000000001700       0x20 /home/melody/work/BL602_Demo/bl_iot_sdk/toolchain/riscv/Linux/bin/../lib/gcc/riscv64-unknown-elf/8.3.0/rv32imf/ilp32f/libgcc.a(_umoddi3.o)
 .debug_aranges
                0x0000000000001720       0x18 /home/melody/work/BL602_Demo/bl_iot_sdk/toolchain/riscv/Linux/bin/../lib/gcc/riscv64-unknown-elf/8.3.0/rv32imf/ilp32f/libgcc.a(_clz.o)

.debug_str      0x0000000000000000     0x9fab
 .debug_str     0x0000000000000000       0xe3 /home/melody/work/BL602_Demo/bl_iot_sdk/customer_app/bl602_boot2_mini/build_out/bl602_std/libbl602_std.a(entry.o)
 .debug_str     0x00000000000000e3      0x32e /home/melody/work/BL602_Demo/bl_iot_sdk/customer_app/bl602_boot2_mini/build_out/bl602_std/libbl602_std.a(start_load.o)
                                        0x3ca (size before relaxing)
 .debug_str     0x0000000000000411      0x8d7 /home/melody/work/BL602_Demo/bl_iot_sdk/customer_app/bl602_boot2_mini/build_out/bl602_std/libbl602_std.a(system_bl602.o)
                                        0xad3 (size before relaxing)
 .debug_str     0x0000000000000ce8     0x1518 /home/melody/work/BL602_Demo/bl_iot_sdk/customer_app/bl602_boot2_mini/build_out/bl602_std/libbl602_std.a(bl602_glb.o)
                                       0x1f35 (size before relaxing)
 .debug_str     0x0000000000002200      0xece /home/melody/work/BL602_Demo/bl_iot_sdk/customer_app/bl602_boot2_mini/build_out/bl602_std/libbl602_std.a(bl602_hbn.o)
                                       0x197f (size before relaxing)
 .debug_str     0x00000000000030ce      0x824 /home/melody/work/BL602_Demo/bl_iot_sdk/customer_app/bl602_boot2_mini/build_out/bl602_std/libbl602_std.a(bl602_pds.o)
                                       0x112d (size before relaxing)
 .debug_str     0x00000000000038f2      0x2f8 /home/melody/work/BL602_Demo/bl_iot_sdk/customer_app/bl602_boot2_mini/build_out/bl602_std/libbl602_std.a(bl602_l1c.o)
                                        0x99a (size before relaxing)
 .debug_str     0x0000000000003bea      0x7ec /home/melody/work/BL602_Demo/bl_iot_sdk/customer_app/bl602_boot2_mini/build_out/bl602_std/libbl602_std.a(bl602_ef_ctrl.o)
                                        0xfaa (size before relaxing)
 .debug_str     0x00000000000043d6      0x889 /home/melody/work/BL602_Demo/bl_iot_sdk/customer_app/bl602_boot2_mini/build_out/bl602_std/libbl602_std.a(platform_device.o)
                                       0x149f (size before relaxing)
 .debug_str     0x0000000000004c5f      0x258 /home/melody/work/BL602_Demo/bl_iot_sdk/customer_app/bl602_boot2_mini/build_out/bl602_std/libbl602_std.a(ring_buffer.o)
                                        0x93e (size before relaxing)
 .debug_str     0x0000000000004eb7      0x13e /home/melody/work/BL602_Demo/bl_iot_sdk/customer_app/bl602_boot2_mini/build_out/bl602_std/libbl602_std.a(interrupt.o)
                                        0x315 (size before relaxing)
 .debug_str     0x0000000000004ff5     0x1cc7 /home/melody/work/BL602_Demo/bl_iot_sdk/customer_app/bl602_boot2_mini/build_out/bl602_std/libbl602_std.a(bl602_romapi.o)
                                       0x4485 (size before relaxing)
 .debug_str     0x0000000000006cbc      0x3f2 /home/melody/work/BL602_Demo/bl_iot_sdk/customer_app/bl602_boot2_mini/build_out/bl602_std/libbl602_std.a(bl602_uart.o)
                                        0xf8d (size before relaxing)
 .debug_str     0x00000000000070ae     0x112a /home/melody/work/BL602_Demo/bl_iot_sdk/customer_app/bl602_boot2_mini/build_out/bl602_std/libbl602_std.a(bl602_sec_eng.o)
                                       0x186b (size before relaxing)
 .debug_str     0x00000000000081d8       0x8e /home/melody/work/BL602_Demo/bl_iot_sdk/customer_app/bl602_boot2_mini/build_out/bl602_std/libbl602_std.a(bl602_common.o)
                                        0x716 (size before relaxing)
 .debug_str     0x0000000000008266      0x2c5 /home/melody/work/BL602_Demo/bl_iot_sdk/customer_app/bl602_boot2_mini/build_out/bl602/libbl602.a(debug.o)
                                        0x894 (size before relaxing)
 .debug_str     0x000000000000852b      0x695 /home/melody/work/BL602_Demo/bl_iot_sdk/customer_app/bl602_boot2_mini/build_out/bl602_boot2_mini/libbl602_boot2_mini.a(blsp_boot2.o)
                                       0x11b4 (size before relaxing)
 .debug_str     0x0000000000008bc0      0x619 /home/melody/work/BL602_Demo/bl_iot_sdk/customer_app/bl602_boot2_mini/build_out/bl602_boot2_mini/libbl602_boot2_mini.a(blsp_common.o)
                                       0x1265 (size before relaxing)
 .debug_str     0x00000000000091d9      0x4c7 /home/melody/work/BL602_Demo/bl_iot_sdk/customer_app/bl602_boot2_mini/build_out/bl602_boot2_mini/libbl602_boot2_mini.a(blsp_port.o)
                                       0x2107 (size before relaxing)
 .debug_str     0x00000000000096a0      0x2f8 /home/melody/work/BL602_Demo/bl_iot_sdk/customer_app/bl602_boot2_mini/build_out/bl602_std/libbl602_std.a(bl602_timer.o)
                                        0xee2 (size before relaxing)
 .debug_str     0x0000000000009998      0x182 /home/melody/work/BL602_Demo/bl_iot_sdk/customer_app/bl602_boot2_mini/build_out/bl602_std/libbl602_std.a(partition.o)
                                        0xa4e (size before relaxing)
 .debug_str     0x0000000000009b1a      0x3f3 /home/melody/work/BL602_Demo/bl_iot_sdk/toolchain/riscv/Linux/bin/../lib/gcc/riscv64-unknown-elf/8.3.0/rv32imf/ilp32f/libgcc.a(_udivdi3.o)
                                        0x8a1 (size before relaxing)
 .debug_str     0x0000000000009f0d        0xa /home/melody/work/BL602_Demo/bl_iot_sdk/toolchain/riscv/Linux/bin/../lib/gcc/riscv64-unknown-elf/8.3.0/rv32imf/ilp32f/libgcc.a(_umoddi3.o)