Archive member included to satisfy reference by file (symbol)

/home/melody/work/BL602_Demo/bl_iot_sdk/customer_app/sdk_app_timer/build_out/bl602/libbl602.a(start.o)
                              (bl602_start)
/home/melody/work/BL602_Demo/bl_iot_sdk/customer_app/sdk_app_timer/build_out/hal_drv/libhal_drv.a(hal_boot2.o)
                              /home/melody/work/BL602_Demo/bl_iot_sdk/customer_app/sdk_app_timer/build_out/bl602/libbl602.a(start.o) (hal_boot2_get_flash_addr)
/home/melody/work/BL602_Demo/bl_iot_sdk/customer_app/sdk_app_timer/build_out/hal_drv/libhal_drv.a(bl_boot2.o)
                              /home/melody/work/BL602_Demo/bl_iot_sdk/customer_app/sdk_app_timer/build_out/hal_drv/libhal_drv.a(hal_boot2.o) (PtTable_Update_Entry)
/home/melody/work/BL602_Demo/bl_iot_sdk/customer_app/sdk_app_timer/build_out/hal_drv/libhal_drv.a(bl_flash.o)
                              /home/melody/work/BL602_Demo/bl_iot_sdk/customer_app/sdk_app_timer/build_out/hal_drv/libhal_drv.a(bl_boot2.o) (bl_flash_erase)
/home/melody/work/BL602_Demo/bl_iot_sdk/customer_app/sdk_app_timer/build_out/sdk_app_timer/libsdk_app_timer.a(main.o)
                              /home/melody/work/BL602_Demo/bl_iot_sdk/customer_app/sdk_app_timer/build_out/bl602/libbl602.a(start.o) (bfl_main)
/home/melody/work/BL602_Demo/bl_iot_sdk/customer_app/sdk_app_timer/build_out/sdk_app_timer/libsdk_app_timer.a(demo.o)
                              /home/melody/work/BL602_Demo/bl_iot_sdk/customer_app/sdk_app_timer/build_out/sdk_app_timer/libsdk_app_timer.a(main.o) (timer_cli_init)
/home/melody/work/BL602_Demo/bl_iot_sdk/customer_app/sdk_app_timer/build_out/utils/libutils.a(utils_log.o)
                              /home/melody/work/BL602_Demo/bl_iot_sdk/customer_app/sdk_app_timer/build_out/sdk_app_timer/libsdk_app_timer.a(main.o) (bl_printk)
/home/melody/work/BL602_Demo/bl_iot_sdk/customer_app/sdk_app_timer/build_out/vfs/libvfs.a(vfs.o)
                              /home/melody/work/BL602_Demo/bl_iot_sdk/customer_app/sdk_app_timer/build_out/sdk_app_timer/libsdk_app_timer.a(main.o) (vfs_init)
/home/melody/work/BL602_Demo/bl_iot_sdk/customer_app/sdk_app_timer/build_out/vfs/libvfs.a(vfs_file.o)
                              /home/melody/work/BL602_Demo/bl_iot_sdk/customer_app/sdk_app_timer/build_out/vfs/libvfs.a(vfs.o) (new_file)
/home/melody/work/BL602_Demo/bl_iot_sdk/customer_app/sdk_app_timer/build_out/vfs/libvfs.a(vfs_inode.o)
                              /home/melody/work/BL602_Demo/bl_iot_sdk/customer_app/sdk_app_timer/build_out/vfs/libvfs.a(vfs.o) (inode_init)
/home/melody/work/BL602_Demo/bl_iot_sdk/customer_app/sdk_app_timer/build_out/yloop/libyloop.a(yloop.o)
                              /home/melody/work/BL602_Demo/bl_iot_sdk/customer_app/sdk_app_timer/build_out/sdk_app_timer/libsdk_app_timer.a(main.o) (aos_loop_init)
/home/melody/work/BL602_Demo/bl_iot_sdk/customer_app/sdk_app_timer/build_out/yloop/libyloop.a(select.o)
                              /home/melody/work/BL602_Demo/bl_iot_sdk/customer_app/sdk_app_timer/build_out/yloop/libyloop.a(yloop.o) (aos_poll)
/home/melody/work/BL602_Demo/bl_iot_sdk/customer_app/sdk_app_timer/build_out/yloop/libyloop.a(aos_freertos.o)
                              /home/melody/work/BL602_Demo/bl_iot_sdk/customer_app/sdk_app_timer/build_out/yloop/libyloop.a(yloop.o) (aos_task_key_create)
/home/melody/work/BL602_Demo/bl_iot_sdk/customer_app/sdk_app_timer/build_out/yloop/libyloop.a(device.o)
                              /home/melody/work/BL602_Demo/bl_iot_sdk/customer_app/sdk_app_timer/build_out/sdk_app_timer/libsdk_app_timer.a(main.o) (vfs_device_init)
/home/melody/work/BL602_Demo/bl_iot_sdk/customer_app/sdk_app_timer/build_out/yloop/libyloop.a(local_event.o)
                              /home/melody/work/BL602_Demo/bl_iot_sdk/customer_app/sdk_app_timer/build_out/yloop/libyloop.a(yloop.o) (aos_event_service_init)
/home/melody/work/BL602_Demo/bl_iot_sdk/customer_app/sdk_app_timer/build_out/bl602/libbl602.a(debug.o)
                              /home/melody/work/BL602_Demo/bl_iot_sdk/customer_app/sdk_app_timer/build_out/utils/libutils.a(utils_log.o) (vprint)
/home/melody/work/BL602_Demo/bl_iot_sdk/customer_app/sdk_app_timer/build_out/bl602_std/libbl602_std.a(softcrc.o)
                              /home/melody/work/BL602_Demo/bl_iot_sdk/customer_app/sdk_app_timer/build_out/hal_drv/libhal_drv.a(bl_boot2.o) (BFLB_Soft_CRC32)
/home/melody/work/BL602_Demo/bl_iot_sdk/customer_app/sdk_app_timer/build_out/blfdt/libblfdt.a(fdt_ro.o)
                              /home/melody/work/BL602_Demo/bl_iot_sdk/customer_app/sdk_app_timer/build_out/sdk_app_timer/libsdk_app_timer.a(main.o) (fdt_subnode_offset)
/home/melody/work/BL602_Demo/bl_iot_sdk/customer_app/sdk_app_timer/build_out/blfdt/libblfdt.a(fdt.o)
                              /home/melody/work/BL602_Demo/bl_iot_sdk/customer_app/sdk_app_timer/build_out/blfdt/libblfdt.a(fdt_ro.o) (fdt_ro_probe_)
[...]
Memory Configuration

Name             Origin             Length             Attributes
rom              0x0000000021015000 0x000000000000b000 axrl !w
flash            0x0000000023000000 0x0000000000400000 axrl !w
ram_tcm          0x000000004200c000 0x0000000000036000 axw
ram_wifi         0x0000000042042000 0x000000000000a000 axw
*default*        0x0000000000000000 0xffffffffffffffff

Linker script and memory map

START GROUP
LOAD /home/melody/work/BL602_Demo/bl_iot_sdk/customer_app/sdk_app_timer/build_out/bl602/libbl602.a
LOAD /home/melody/work/BL602_Demo/bl_iot_sdk/customer_app/sdk_app_timer/build_out/bl602_std/libbl602_std.a
LOAD /home/melody/work/BL602_Demo/bl_iot_sdk/customer_app/sdk_app_timer/build_out/blfdt/libblfdt.a
LOAD /home/melody/work/BL602_Demo/bl_iot_sdk/customer_app/sdk_app_timer/build_out/blmtd/libblmtd.a
LOAD /home/melody/work/BL602_Demo/bl_iot_sdk/customer_app/sdk_app_timer/build_out/blog/libblog.a
LOAD /home/melody/work/BL602_Demo/bl_iot_sdk/customer_app/sdk_app_timer/build_out/blog_testc/libblog_testc.a
LOAD /home/melody/work/BL602_Demo/bl_iot_sdk/customer_app/sdk_app_timer/build_out/bloop/libbloop.a
LOAD /home/melody/work/BL602_Demo/bl_iot_sdk/customer_app/sdk_app_timer/build_out/bltime/libbltime.a
LOAD /home/melody/work/BL602_Demo/bl_iot_sdk/customer_app/sdk_app_timer/build_out/cli/libcli.a
LOAD /home/melody/work/BL602_Demo/bl_iot_sdk/customer_app/sdk_app_timer/build_out/easyflash4/libeasyflash4.a
LOAD /home/melody/work/BL602_Demo/bl_iot_sdk/customer_app/sdk_app_timer/build_out/freertos_riscv_ram/libfreertos_riscv_ram.a
LOAD /home/melody/work/BL602_Demo/bl_iot_sdk/customer_app/sdk_app_timer/build_out/hal_drv/libhal_drv.a
LOAD /home/melody/work/BL602_Demo/bl_iot_sdk/customer_app/sdk_app_timer/build_out/looprt/liblooprt.a
LOAD /home/melody/work/BL602_Demo/bl_iot_sdk/customer_app/sdk_app_timer/build_out/loopset/libloopset.a
LOAD /home/melody/work/BL602_Demo/bl_iot_sdk/customer_app/sdk_app_timer/build_out/romfs/libromfs.a
LOAD /home/melody/work/BL602_Demo/bl_iot_sdk/customer_app/sdk_app_timer/build_out/sdk_app_timer/libsdk_app_timer.a
LOAD /home/melody/work/BL602_Demo/bl_iot_sdk/customer_app/sdk_app_timer/build_out/utils/libutils.a
LOAD /home/melody/work/BL602_Demo/bl_iot_sdk/customer_app/sdk_app_timer/build_out/vfs/libvfs.a
LOAD /home/melody/work/BL602_Demo/bl_iot_sdk/customer_app/sdk_app_timer/build_out/yloop/libyloop.a
END GROUP
LOAD /home/melody/work/BL602_Demo/bl_iot_sdk/toolchain/riscv/Linux/bin/../lib/gcc/riscv64-unknown-elf/8.3.0/../../../../riscv64-unknown-elf/lib/rv32imf/ilp32f/libm.a
LOAD /home/melody/work/BL602_Demo/bl_iot_sdk/toolchain/riscv/Linux/bin/../lib/gcc/riscv64-unknown-elf/8.3.0/rv32imf/ilp32f/libgcc.a
START GROUP
LOAD /home/melody/work/BL602_Demo/bl_iot_sdk/toolchain/riscv/Linux/bin/../lib/gcc/riscv64-unknown-elf/8.3.0/../../../../riscv64-unknown-elf/lib/rv32imf/ilp32f/libc.a
LOAD /home/melody/work/BL602_Demo/bl_iot_sdk/toolchain/riscv/Linux/bin/../lib/gcc/riscv64-unknown-elf/8.3.0/../../../../riscv64-unknown-elf/lib/rv32imf/ilp32f/libgloss.a
END GROUP
LOAD /home/melody/work/BL602_Demo/bl_iot_sdk/toolchain/riscv/Linux/bin/../lib/gcc/riscv64-unknown-elf/8.3.0/rv32imf/ilp32f/libgcc.a
                0x0000000000000000                __EM_SIZE = DEFINED (ble_controller_init)?0x2000:0x0
                0x0000000000000800                __stack_size = DEFINED (__stack_size)?__stack_size:0x800
                0x0000000042049c00                BOOT2_PT_ADDR = 0x42049c00
                0x0000000042049c18                BOOT2_FLASHCFG_ADDR = 0x42049c18

.init           0x0000000023000000      0x242
 *(SORT_NONE(.init))
 .init          0x0000000023000000       0xf4 /home/melody/work/BL602_Demo/bl_iot_sdk/customer_app/sdk_app_timer/build_out/bl602/libbl602.a(start.o)
                0x0000000023000000                bl602_start
 *fill*         0x00000000230000f4        0xc 
 .init          0x0000000023000100      0x142 /home/melody/work/BL602_Demo/bl_iot_sdk/customer_app/sdk_app_timer/build_out/bl602_std/libbl602_std.a(interrupt.o)
                0x0000000023000100                __Vectors

.text           0x0000000023000300     0xed10
 *(.text.unlikely .text.unlikely.*)
 *(.text.startup .text.startup.*)
 *(.text .text.*)
 .text.hal_boot2_get_flash_addr
                0x0000000023000300       0x18 /home/melody/work/BL602_Demo/bl_iot_sdk/customer_app/sdk_app_timer/build_out/hal_drv/libhal_drv.a(hal_boot2.o)
                0x0000000023000300                hal_boot2_get_flash_addr
 .text.hal_boot2_partition_bus_addr
                0x0000000023000318      0x170 /home/melody/work/BL602_Demo/bl_iot_sdk/customer_app/sdk_app_timer/build_out/hal_drv/libhal_drv.a(hal_boot2.o)
                0x0000000023000318                hal_boot2_partition_bus_addr
 .text.hal_boot2_partition_bus_addr_active
                0x0000000023000488       0x3a /home/melody/work/BL602_Demo/bl_iot_sdk/customer_app/sdk_app_timer/build_out/hal_drv/libhal_drv.a(hal_boot2.o)
                0x0000000023000488                hal_boot2_partition_bus_addr_active
 .text.hal_boot2_partition_addr
                0x00000000230004c2       0xb8 /home/melody/work/BL602_Demo/bl_iot_sdk/customer_app/sdk_app_timer/build_out/hal_drv/libhal_drv.a(hal_boot2.o)
                0x00000000230004c2                hal_boot2_partition_addr
 .text.hal_boot2_partition_addr_active
                0x000000002300057a       0x3a /home/melody/work/BL602_Demo/bl_iot_sdk/customer_app/sdk_app_timer/build_out/hal_drv/libhal_drv.a(hal_boot2.o)
                0x000000002300057a                hal_boot2_partition_addr_active
 .text.hal_boot2_init
                0x00000000230005b4       0x1a /home/melody/work/BL602_Demo/bl_iot_sdk/customer_app/sdk_app_timer/build_out/hal_drv/libhal_drv.a(hal_boot2.o)
                0x00000000230005b4                hal_boot2_init
 .text.bl_flash_config_update
                0x00000000230005ce        0x4 /home/melody/work/BL602_Demo/bl_iot_sdk/customer_app/sdk_app_timer/build_out/hal_drv/libhal_drv.a(bl_flash.o)
                0x00000000230005ce                bl_flash_config_update
 .text.aos_loop_proc
                0x00000000230005d2       0xe4 /home/melody/work/BL602_Demo/bl_iot_sdk/customer_app/sdk_app_timer/build_out/sdk_app_timer/libsdk_app_timer.a(main.o)
 .text.vApplicationStackOverflowHook
                0x00000000230006b6       0x12 /home/melody/work/BL602_Demo/bl_iot_sdk/customer_app/sdk_app_timer/build_out/sdk_app_timer/libsdk_app_timer.a(main.o)
                0x00000000230006b6                vApplicationStackOverflowHook
 .text.vApplicationMallocFailedHook
                0x00000000230006c8       0x18 /home/melody/work/BL602_Demo/bl_iot_sdk/customer_app/sdk_app_timer/build_out/sdk_app_timer/libsdk_app_timer.a(main.o)
                0x00000000230006c8                vApplicationMallocFailedHook
 .text.vApplicationIdleHook
                0x00000000230006e0        0x6 /home/melody/work/BL602_Demo/bl_iot_sdk/customer_app/sdk_app_timer/build_out/sdk_app_timer/libsdk_app_timer.a(main.o)
                0x00000000230006e0                vApplicationIdleHook
 .text.vApplicationGetIdleTaskMemory
                0x00000000230006e6       0x1c /home/melody/work/BL602_Demo/bl_iot_sdk/customer_app/sdk_app_timer/build_out/sdk_app_timer/libsdk_app_timer.a(main.o)
                0x00000000230006e6                vApplicationGetIdleTaskMemory
 .text.vApplicationGetTimerTaskMemory
                0x0000000023000702       0x1c /home/melody/work/BL602_Demo/bl_iot_sdk/customer_app/sdk_app_timer/build_out/sdk_app_timer/libsdk_app_timer.a(main.o)
                0x0000000023000702                vApplicationGetTimerTaskMemory
 .text.vAssertCalled
                0x000000002300071e       0x18 /home/melody/work/BL602_Demo/bl_iot_sdk/customer_app/sdk_app_timer/build_out/sdk_app_timer/libsdk_app_timer.a(main.o)
                0x000000002300071e                vAssertCalled
 .text.bfl_main
                0x0000000023000736      0x166 /home/melody/work/BL602_Demo/bl_iot_sdk/customer_app/sdk_app_timer/build_out/sdk_app_timer/libsdk_app_timer.a(main.o)
                0x0000000023000736                bfl_main
 .text.testfunc01
                0x000000002300089c       0x3e /home/melody/work/BL602_Demo/bl_iot_sdk/customer_app/sdk_app_timer/build_out/sdk_app_timer/libsdk_app_timer.a(demo.o)
                0x000000002300089c                testfunc01
 .text.testfunc02
                0x00000000230008da       0x3e /home/melody/work/BL602_Demo/bl_iot_sdk/customer_app/sdk_app_timer/build_out/sdk_app_timer/libsdk_app_timer.a(demo.o)
                0x00000000230008da                testfunc02
 .text.testfunc03
                0x0000000023000918       0x3e /home/melody/work/BL602_Demo/bl_iot_sdk/customer_app/sdk_app_timer/build_out/sdk_app_timer/libsdk_app_timer.a(demo.o)
                0x0000000023000918                testfunc03
 .text.testfunc04
                0x0000000023000956       0x3e /home/melody/work/BL602_Demo/bl_iot_sdk/customer_app/sdk_app_timer/build_out/sdk_app_timer/libsdk_app_timer.a(demo.o)
                0x0000000023000956                testfunc04
 .text.testfunc05
                0x0000000023000994       0x3e /home/melody/work/BL602_Demo/bl_iot_sdk/customer_app/sdk_app_timer/build_out/sdk_app_timer/libsdk_app_timer.a(demo.o)
                0x0000000023000994                testfunc05
 .text.testfunc06
                0x00000000230009d2       0x3e /home/melody/work/BL602_Demo/bl_iot_sdk/customer_app/sdk_app_timer/build_out/sdk_app_timer/libsdk_app_timer.a(demo.o)
                0x00000000230009d2                testfunc06
 .text.testfunc07
                0x0000000023000a10       0x3e /home/melody/work/BL602_Demo/bl_iot_sdk/customer_app/sdk_app_timer/build_out/sdk_app_timer/libsdk_app_timer.a(demo.o)
                0x0000000023000a10                testfunc07
 .text.testfunc08
                0x0000000023000a4e       0x3e /home/melody/work/BL602_Demo/bl_iot_sdk/customer_app/sdk_app_timer/build_out/sdk_app_timer/libsdk_app_timer.a(demo.o)
                0x0000000023000a4e                testfunc08
 .text.cmd_timer_func
                0x0000000023000a8c       0x96 /home/melody/work/BL602_Demo/bl_iot_sdk/customer_app/sdk_app_timer/build_out/sdk_app_timer/libsdk_app_timer.a(demo.o)
                0x0000000023000a8c                cmd_timer_func
 .text.cmd_timer_add
                0x0000000023000b22       0x44 /home/melody/work/BL602_Demo/bl_iot_sdk/customer_app/sdk_app_timer/build_out/sdk_app_timer/libsdk_app_timer.a(demo.o)
                0x0000000023000b22                cmd_timer_add
 .text.cmd_timer_delete
                0x0000000023000b66       0x92 /home/melody/work/BL602_Demo/bl_iot_sdk/customer_app/sdk_app_timer/build_out/sdk_app_timer/libsdk_app_timer.a(demo.o)
                0x0000000023000b66                cmd_timer_delete
 .text.timer_cli_init
                0x0000000023000bf8        0x4 /home/melody/work/BL602_Demo/bl_iot_sdk/customer_app/sdk_app_timer/build_out/sdk_app_timer/libsdk_app_timer.a(demo.o)
                0x0000000023000bf8                timer_cli_init
 .text.bl_printk
                0x0000000023000bfc       0x2a /home/melody/work/BL602_Demo/bl_iot_sdk/customer_app/sdk_app_timer/build_out/utils/libutils.a(utils_log.o)
                0x0000000023000bfc                bl_printk
 .text.vfs_init
                0x0000000023000c26       0x4a /home/melody/work/BL602_Demo/bl_iot_sdk/customer_app/sdk_app_timer/build_out/vfs/libvfs.a(vfs.o)
                0x0000000023000c26                vfs_init
 .text.aos_open
                0x0000000023000c70       0xc6 /home/melody/work/BL602_Demo/bl_iot_sdk/customer_app/sdk_app_timer/build_out/vfs/libvfs.a(vfs.o)
                0x0000000023000c70                aos_open
 .text.aos_close
                0x0000000023000d36       0x58 /home/melody/work/BL602_Demo/bl_iot_sdk/customer_app/sdk_app_timer/build_out/vfs/libvfs.a(vfs.o)
                0x0000000023000d36                aos_close
 .text.aos_read
                0x0000000023000d8e       0x2e /home/melody/work/BL602_Demo/bl_iot_sdk/customer_app/sdk_app_timer/build_out/vfs/libvfs.a(vfs.o)
                0x0000000023000d8e                aos_read
 .text.aos_write
                0x0000000023000dbc       0x2e /home/melody/work/BL602_Demo/bl_iot_sdk/customer_app/sdk_app_timer/build_out/vfs/libvfs.a(vfs.o)
                0x0000000023000dbc                aos_write
 .text.aos_ioctl
                0x0000000023000dea       0x48 /home/melody/work/BL602_Demo/bl_iot_sdk/customer_app/sdk_app_timer/build_out/vfs/libvfs.a(vfs.o)
                0x0000000023000dea                aos_ioctl
 .text.aos_stat
                0x0000000023000e32       0xba /home/melody/work/BL602_Demo/bl_iot_sdk/customer_app/sdk_app_timer/build_out/vfs/libvfs.a(vfs.o)
                0x0000000023000e32                aos_stat
 .text.aos_opendir
                0x0000000023000eec       0xb0 /home/melody/work/BL602_Demo/bl_iot_sdk/customer_app/sdk_app_timer/build_out/vfs/libvfs.a(vfs.o)
                0x0000000023000eec                aos_opendir
 .text.aos_closedir
                0x0000000023000f9c       0x70 /home/melody/work/BL602_Demo/bl_iot_sdk/customer_app/sdk_app_timer/build_out/vfs/libvfs.a(vfs.o)
                0x0000000023000f9c                aos_closedir
 .text.aos_readdir
                0x000000002300100c       0x3a /home/melody/work/BL602_Demo/bl_iot_sdk/customer_app/sdk_app_timer/build_out/vfs/libvfs.a(vfs.o)
                0x000000002300100c                aos_readdir
 .text.new_file
                0x0000000023001046       0x46 /home/melody/work/BL602_Demo/bl_iot_sdk/customer_app/sdk_app_timer/build_out/vfs/libvfs.a(vfs_file.o)
                0x0000000023001046                new_file
 .text.del_file
                0x000000002300108c       0x18 /home/melody/work/BL602_Demo/bl_iot_sdk/customer_app/sdk_app_timer/build_out/vfs/libvfs.a(vfs_file.o)
                0x000000002300108c                del_file
 .text.get_fd   0x00000000230010a4       0x1c /home/melody/work/BL602_Demo/bl_iot_sdk/customer_app/sdk_app_timer/build_out/vfs/libvfs.a(vfs_file.o)
                0x00000000230010a4                get_fd
 .text.get_file
                0x00000000230010c0       0x26 /home/melody/work/BL602_Demo/bl_iot_sdk/customer_app/sdk_app_timer/build_out/vfs/libvfs.a(vfs_file.o)
                0x00000000230010c0                get_file
 .text.inode_init
                0x00000000230010e6       0x1e /home/melody/work/BL602_Demo/bl_iot_sdk/customer_app/sdk_app_timer/build_out/vfs/libvfs.a(vfs_inode.o)
                0x00000000230010e6                inode_init
 .text.inode_alloc
                0x0000000023001104       0x1e /home/melody/work/BL602_Demo/bl_iot_sdk/customer_app/sdk_app_timer/build_out/vfs/libvfs.a(vfs_inode.o)
                0x0000000023001104                inode_alloc
 .text.inode_open
                0x0000000023001122       0x86 /home/melody/work/BL602_Demo/bl_iot_sdk/customer_app/sdk_app_timer/build_out/vfs/libvfs.a(vfs_inode.o)
                0x0000000023001122                inode_open
 .text.inode_forearch_name
                0x00000000230011a8       0x46 /home/melody/work/BL602_Demo/bl_iot_sdk/customer_app/sdk_app_timer/build_out/vfs/libvfs.a(vfs_inode.o)
                0x00000000230011a8                inode_forearch_name
 .text.inode_ref
                0x00000000230011ee        0xc /home/melody/work/BL602_Demo/bl_iot_sdk/customer_app/sdk_app_timer/build_out/vfs/libvfs.a(vfs_inode.o)
                0x00000000230011ee                inode_ref
 .text.inode_unref
                0x00000000230011fa        0xe /home/melody/work/BL602_Demo/bl_iot_sdk/customer_app/sdk_app_timer/build_out/vfs/libvfs.a(vfs_inode.o)
                0x00000000230011fa                inode_unref
 .text.inode_reserve
                0x0000000023001208       0x8a /home/melody/work/BL602_Demo/bl_iot_sdk/customer_app/sdk_app_timer/build_out/vfs/libvfs.a(vfs_inode.o)
                0x0000000023001208                inode_reserve
 .text.get_context
                0x0000000023001292       0x30 /home/melody/work/BL602_Demo/bl_iot_sdk/customer_app/sdk_app_timer/build_out/yloop/libyloop.a(yloop.o)
 .text.aos_loop_set_eventfd
                0x00000000230012c2       0x14 /home/melody/work/BL602_Demo/bl_iot_sdk/customer_app/sdk_app_timer/build_out/yloop/libyloop.a(yloop.o)
                0x00000000230012c2                aos_loop_set_eventfd
 .text.aos_loop_init
                0x00000000230012d6       0x7c /home/melody/work/BL602_Demo/bl_iot_sdk/customer_app/sdk_app_timer/build_out/yloop/libyloop.a(yloop.o)
                0x00000000230012d6                aos_loop_init
 .text.aos_poll_read_fd
                0x0000000023001352       0xe4 /home/melody/work/BL602_Demo/bl_iot_sdk/customer_app/sdk_app_timer/build_out/yloop/libyloop.a(yloop.o)
                0x0000000023001352                aos_poll_read_fd
 .text.aos_loop_run
                0x0000000023001436      0x118 /home/melody/work/BL602_Demo/bl_iot_sdk/customer_app/sdk_app_timer/build_out/yloop/libyloop.a(yloop.o)
                0x0000000023001436                aos_loop_run
 .text.vfs_poll_notify
                0x000000002300154e        0x4 /home/melody/work/BL602_Demo/bl_iot_sdk/customer_app/sdk_app_timer/build_out/yloop/libyloop.a(select.o)
 .text.aos_poll
                0x0000000023001552      0x132 /home/melody/work/BL602_Demo/bl_iot_sdk/customer_app/sdk_app_timer/build_out/yloop/libyloop.a(select.o)
                0x0000000023001552                aos_poll
 .text.aos_fcntl
                0x0000000023001684       0x14 /home/melody/work/BL602_Demo/bl_iot_sdk/customer_app/sdk_app_timer/build_out/yloop/libyloop.a(select.o)
                0x0000000023001684                aos_fcntl
 .text.dfl_entry
                0x0000000023001698       0x22 /home/melody/work/BL602_Demo/bl_iot_sdk/customer_app/sdk_app_timer/build_out/yloop/libyloop.a(aos_freertos.o)
 .text.aos_task_new
                0x00000000230016ba       0xba /home/melody/work/BL602_Demo/bl_iot_sdk/customer_app/sdk_app_timer/build_out/yloop/libyloop.a(aos_freertos.o)
                0x00000000230016ba                aos_task_new
 .text.aos_task_exit
                0x0000000023001774        0x6 /home/melody/work/BL602_Demo/bl_iot_sdk/customer_app/sdk_app_timer/build_out/yloop/libyloop.a(aos_freertos.o)
                0x0000000023001774                aos_task_exit
 .text.aos_task_key_create
                0x000000002300177a       0x64 /home/melody/work/BL602_Demo/bl_iot_sdk/customer_app/sdk_app_timer/build_out/yloop/libyloop.a(aos_freertos.o)
                0x000000002300177a                aos_task_key_create
 .text.aos_task_setspecific
                0x00000000230017de       0x40 /home/melody/work/BL602_Demo/bl_iot_sdk/customer_app/sdk_app_timer/build_out/yloop/libyloop.a(aos_freertos.o)
                0x00000000230017de                aos_task_setspecific
 .text.aos_task_getspecific
                0x000000002300181e       0x3a /home/melody/work/BL602_Demo/bl_iot_sdk/customer_app/sdk_app_timer/build_out/yloop/libyloop.a(aos_freertos.o)
                0x000000002300181e                aos_task_getspecific
 .text.aos_mutex_new
                0x0000000023001858       0x20 /home/melody/work/BL602_Demo/bl_iot_sdk/customer_app/sdk_app_timer/build_out/yloop/libyloop.a(aos_freertos.o)
                0x0000000023001858                aos_mutex_new
 .text.aos_mutex_free
                0x0000000023001878        0x6 /home/melody/work/BL602_Demo/bl_iot_sdk/customer_app/sdk_app_timer/build_out/yloop/libyloop.a(aos_freertos.o)
                0x0000000023001878                aos_mutex_free
 .text.aos_mutex_lock
                0x000000002300187e       0x18 /home/melody/work/BL602_Demo/bl_iot_sdk/customer_app/sdk_app_timer/build_out/yloop/libyloop.a(aos_freertos.o)
                0x000000002300187e                aos_mutex_lock
 .text.aos_mutex_unlock
                0x0000000023001896       0x1e /home/melody/work/BL602_Demo/bl_iot_sdk/customer_app/sdk_app_timer/build_out/yloop/libyloop.a(aos_freertos.o)
                0x0000000023001896                aos_mutex_unlock
 .text.aos_sem_new
                0x00000000230018b4       0x1c /home/melody/work/BL602_Demo/bl_iot_sdk/customer_app/sdk_app_timer/build_out/yloop/libyloop.a(aos_freertos.o)
                0x00000000230018b4                aos_sem_new
 .text.aos_sem_free
                0x00000000230018d0        0xa /home/melody/work/BL602_Demo/bl_iot_sdk/customer_app/sdk_app_timer/build_out/yloop/libyloop.a(aos_freertos.o)
                0x00000000230018d0                aos_sem_free
 .text.aos_sem_wait
                0x00000000230018da       0x20 /home/melody/work/BL602_Demo/bl_iot_sdk/customer_app/sdk_app_timer/build_out/yloop/libyloop.a(aos_freertos.o)
                0x00000000230018da                aos_sem_wait
 .text.aos_sem_signal
                0x00000000230018fa       0x34 /home/melody/work/BL602_Demo/bl_iot_sdk/customer_app/sdk_app_timer/build_out/yloop/libyloop.a(aos_freertos.o)
                0x00000000230018fa                aos_sem_signal
 .text.aos_malloc
                0x000000002300192e        0x4 /home/melody/work/BL602_Demo/bl_iot_sdk/customer_app/sdk_app_timer/build_out/yloop/libyloop.a(aos_freertos.o)
                0x000000002300192e                aos_malloc
 .text.aos_free
                0x0000000023001932        0x4 /home/melody/work/BL602_Demo/bl_iot_sdk/customer_app/sdk_app_timer/build_out/yloop/libyloop.a(aos_freertos.o)
                0x0000000023001932                aos_free
 .text.aos_now_ms
                0x0000000023001936       0x3a /home/melody/work/BL602_Demo/bl_iot_sdk/customer_app/sdk_app_timer/build_out/yloop/libyloop.a(aos_freertos.o)
                0x0000000023001936                aos_now_ms
 .text.event_poll
                0x0000000023001970       0x56 /home/melody/work/BL602_Demo/bl_iot_sdk/customer_app/sdk_app_timer/build_out/yloop/libyloop.a(device.o)
 .text.event_open
                0x00000000230019c6       0x3e /home/melody/work/BL602_Demo/bl_iot_sdk/customer_app/sdk_app_timer/build_out/yloop/libyloop.a(device.o)
 .text._event_write.isra.0
                0x0000000023001a04       0xac /home/melody/work/BL602_Demo/bl_iot_sdk/customer_app/sdk_app_timer/build_out/yloop/libyloop.a(device.o)
 .text.event_ioctl
                0x0000000023001ab0       0x24 /home/melody/work/BL602_Demo/bl_iot_sdk/customer_app/sdk_app_timer/build_out/yloop/libyloop.a(device.o)
 .text.event_write
                0x0000000023001ad4        0x6 /home/melody/work/BL602_Demo/bl_iot_sdk/customer_app/sdk_app_timer/build_out/yloop/libyloop.a(device.o)
 .text.event_close
                0x0000000023001ada       0x4a /home/melody/work/BL602_Demo/bl_iot_sdk/customer_app/sdk_app_timer/build_out/yloop/libyloop.a(device.o)
 .text.event_read
                0x0000000023001b24       0x80 /home/melody/work/BL602_Demo/bl_iot_sdk/customer_app/sdk_app_timer/build_out/yloop/libyloop.a(device.o)
 .text.vfs_device_init
                0x0000000023001ba4       0x3e /home/melody/work/BL602_Demo/bl_iot_sdk/customer_app/sdk_app_timer/build_out/yloop/libyloop.a(device.o)
                0x0000000023001ba4                vfs_device_init
 .text.event_read_cb
                0x0000000023001be2       0x5a /home/melody/work/BL602_Demo/bl_iot_sdk/customer_app/sdk_app_timer/build_out/yloop/libyloop.a(local_event.o)
 .text.aos_event_service_init
                0x0000000023001c3c       0x42 /home/melody/work/BL602_Demo/bl_iot_sdk/customer_app/sdk_app_timer/build_out/yloop/libyloop.a(local_event.o)
                0x0000000023001c3c                aos_event_service_init
 .text.format_int
                0x0000000023001c7e      0x25a /home/melody/work/BL602_Demo/bl_iot_sdk/customer_app/sdk_app_timer/build_out/bl602/libbl602.a(debug.o)
 .text.cvt      0x0000000023001ed8      0x23a /home/melody/work/BL602_Demo/bl_iot_sdk/customer_app/sdk_app_timer/build_out/bl602/libbl602.a(debug.o)
 .text.ecvtbuf  0x0000000023002112        0x4 /home/melody/work/BL602_Demo/bl_iot_sdk/customer_app/sdk_app_timer/build_out/bl602/libbl602.a(debug.o)
                0x0000000023002112                ecvtbuf
 .text.fcvtbuf  0x0000000023002116        0x4 /home/melody/work/BL602_Demo/bl_iot_sdk/customer_app/sdk_app_timer/build_out/bl602/libbl602.a(debug.o)
                0x0000000023002116                fcvtbuf
 .text.flt      0x000000002300211a      0x436 /home/melody/work/BL602_Demo/bl_iot_sdk/customer_app/sdk_app_timer/build_out/bl602/libbl602.a(debug.o)
 .text.vsnprintf
                0x0000000023002550      0x4d2 /home/melody/work/BL602_Demo/bl_iot_sdk/customer_app/sdk_app_timer/build_out/bl602/libbl602.a(debug.o)
                0x0000000023002550                vsnprintf
 .text.vsprintf
                0x0000000023002a22        0xc /home/melody/work/BL602_Demo/bl_iot_sdk/customer_app/sdk_app_timer/build_out/bl602/libbl602.a(debug.o)
                0x0000000023002a22                vsprintf
 .text.vprint   0x0000000023002a2e       0x40 /home/melody/work/BL602_Demo/bl_iot_sdk/customer_app/sdk_app_timer/build_out/bl602/libbl602.a(debug.o)
                0x0000000023002a2e                vprint
 .text.bl_putchar
                0x0000000023002a6e       0x16 /home/melody/work/BL602_Demo/bl_iot_sdk/customer_app/sdk_app_timer/build_out/bl602/libbl602.a(debug.o)
                0x0000000023002a6e                bl_putchar
 .text.puts     0x0000000023002a84       0x38 /home/melody/work/BL602_Demo/bl_iot_sdk/customer_app/sdk_app_timer/build_out/bl602/libbl602.a(debug.o)
                0x0000000023002a84                puts
 .text.printf   0x0000000023002abc       0x2a /home/melody/work/BL602_Demo/bl_iot_sdk/customer_app/sdk_app_timer/build_out/bl602/libbl602.a(debug.o)
                0x0000000023002abc                printf
 .text.sprintf  0x0000000023002ae6       0x22 /home/melody/work/BL602_Demo/bl_iot_sdk/customer_app/sdk_app_timer/build_out/bl602/libbl602.a(debug.o)
                0x0000000023002ae6                sprintf
 .text.snprintf
                0x0000000023002b08       0x1c /home/melody/work/BL602_Demo/bl_iot_sdk/customer_app/sdk_app_timer/build_out/bl602/libbl602.a(debug.o)
                0x0000000023002b08                snprintf
 .text.fdt32_ld
                0x0000000023002b24       0x1e /home/melody/work/BL602_Demo/bl_iot_sdk/customer_app/sdk_app_timer/build_out/blfdt/libblfdt.a(fdt_ro.o)
 .text.nextprop_.part.0
                0x0000000023002b42       0x4a /home/melody/work/BL602_Demo/bl_iot_sdk/customer_app/sdk_app_timer/build_out/blfdt/libblfdt.a(fdt_ro.o)
 .text.fdt_get_property_by_offset_
                0x0000000023002b8c       0x3e /home/melody/work/BL602_Demo/bl_iot_sdk/customer_app/sdk_app_timer/build_out/blfdt/libblfdt.a(fdt_ro.o)
 .text.fdt_get_string
                0x0000000023002bca       0xc8 /home/melody/work/BL602_Demo/bl_iot_sdk/customer_app/sdk_app_timer/build_out/blfdt/libblfdt.a(fdt_ro.o)
                0x0000000023002bca                fdt_get_string
 .text.fdt_get_name
                0x0000000023002c92       0x72 /home/melody/work/BL602_Demo/bl_iot_sdk/customer_app/sdk_app_timer/build_out/blfdt/libblfdt.a(fdt_ro.o)
                0x0000000023002c92                fdt_get_name
 .text.fdt_subnode_offset_namelen
                0x0000000023002d04       0x9a /home/melody/work/BL602_Demo/bl_iot_sdk/customer_app/sdk_app_timer/build_out/blfdt/libblfdt.a(fdt_ro.o)
                0x0000000023002d04                fdt_subnode_offset_namelen
 .text.fdt_subnode_offset
                0x0000000023002d9e       0x22 /home/melody/work/BL602_Demo/bl_iot_sdk/customer_app/sdk_app_timer/build_out/blfdt/libblfdt.a(fdt_ro.o)
                0x0000000023002d9e                fdt_subnode_offset
 .text.fdt_first_property_offset
                0x0000000023002dc0       0x22 /home/melody/work/BL602_Demo/bl_iot_sdk/customer_app/sdk_app_timer/build_out/blfdt/libblfdt.a(fdt_ro.o)
                0x0000000023002dc0                fdt_first_property_offset
 .text.fdt_next_property_offset
                0x0000000023002de2       0x24 /home/melody/work/BL602_Demo/bl_iot_sdk/customer_app/sdk_app_timer/build_out/blfdt/libblfdt.a(fdt_ro.o)
                0x0000000023002de2                fdt_next_property_offset
 .text.fdt_get_property_namelen_
                0x0000000023002e06       0x88 /home/melody/work/BL602_Demo/bl_iot_sdk/customer_app/sdk_app_timer/build_out/blfdt/libblfdt.a(fdt_ro.o)
 .text.fdt_getprop_namelen
                0x0000000023002e8e       0x48 /home/melody/work/BL602_Demo/bl_iot_sdk/customer_app/sdk_app_timer/build_out/blfdt/libblfdt.a(fdt_ro.o)
                0x0000000023002e8e                fdt_getprop_namelen
 .text.fdt_getprop
                0x0000000023002ed6       0x26 /home/melody/work/BL602_Demo/bl_iot_sdk/customer_app/sdk_app_timer/build_out/blfdt/libblfdt.a(fdt_ro.o)
                0x0000000023002ed6                fdt_getprop
 .text.fdt_stringlist_count
                0x0000000023002efc       0x48 /home/melody/work/BL602_Demo/bl_iot_sdk/customer_app/sdk_app_timer/build_out/blfdt/libblfdt.a(fdt_ro.o)
                0x0000000023002efc                fdt_stringlist_count
 .text.fdt_stringlist_get
                0x0000000023002f44       0x6e /home/melody/work/BL602_Demo/bl_iot_sdk/customer_app/sdk_app_timer/build_out/blfdt/libblfdt.a(fdt_ro.o)
                0x0000000023002f44                fdt_stringlist_get
 .text.fdt32_ld
                0x0000000023002fb2       0x1e /home/melody/work/BL602_Demo/bl_iot_sdk/customer_app/sdk_app_timer/build_out/blfdt/libblfdt.a(fdt.o)
 .text.fdt_ro_probe_
                0x0000000023002fd0       0x5a /home/melody/work/BL602_Demo/bl_iot_sdk/customer_app/sdk_app_timer/build_out/blfdt/libblfdt.a(fdt.o)
                0x0000000023002fd0                fdt_ro_probe_
 .text.fdt_offset_ptr
                0x000000002300302a       0x6e /home/melody/work/BL602_Demo/bl_iot_sdk/customer_app/sdk_app_timer/build_out/blfdt/libblfdt.a(fdt.o)
                0x000000002300302a                fdt_offset_ptr
 .text.fdt_next_tag
                0x0000000023003098      0x104 /home/melody/work/BL602_Demo/bl_iot_sdk/customer_app/sdk_app_timer/build_out/blfdt/libblfdt.a(fdt.o)
                0x0000000023003098                fdt_next_tag
 .text.fdt_check_node_offset_
                0x000000002300319c       0x26 /home/melody/work/BL602_Demo/bl_iot_sdk/customer_app/sdk_app_timer/build_out/blfdt/libblfdt.a(fdt.o)
                0x000000002300319c                fdt_check_node_offset_
 .text.fdt_check_prop_offset_
                0x00000000230031c2       0x26 /home/melody/work/BL602_Demo/bl_iot_sdk/customer_app/sdk_app_timer/build_out/blfdt/libblfdt.a(fdt.o)
                0x00000000230031c2                fdt_check_prop_offset_
 .text.fdt_next_node
                0x00000000230031e8       0x80 /home/melody/work/BL602_Demo/bl_iot_sdk/customer_app/sdk_app_timer/build_out/blfdt/libblfdt.a(fdt.o)
                0x00000000230031e8                fdt_next_node
 .text.cmd_blog_info_dump
                0x0000000023003268      0x16c /home/melody/work/BL602_Demo/bl_iot_sdk/customer_app/sdk_app_timer/build_out/blog/libblog.a(blog.o)
                0x0000000023003268                cmd_blog_info_dump
 .text.cmd_blog_set_level
                0x00000000230033d4      0x1ba /home/melody/work/BL602_Demo/bl_iot_sdk/customer_app/sdk_app_timer/build_out/blog/libblog.a(blog.o)
                0x00000000230033d4                cmd_blog_set_level
 .text.blog_init
                0x000000002300358e       0x7c /home/melody/work/BL602_Demo/bl_iot_sdk/customer_app/sdk_app_timer/build_out/blog/libblog.a(blog.o)
                0x000000002300358e                blog_init
 .text.cmd_sys_time_now
                0x000000002300360a       0x36 /home/melody/work/BL602_Demo/bl_iot_sdk/customer_app/sdk_app_timer/build_out/bltime/libbltime.a(bl_sys_time_cli.o)
 .text.bl_sys_time_cli_init
                0x0000000023003640        0x4 /home/melody/work/BL602_Demo/bl_iot_sdk/customer_app/sdk_app_timer/build_out/bltime/libbltime.a(bl_sys_time_cli.o)
                0x0000000023003640                bl_sys_time_cli_init
 .text.bl_sys_time_get
                0x0000000023003644       0x50 /home/melody/work/BL602_Demo/bl_iot_sdk/customer_app/sdk_app_timer/build_out/bltime/libbltime.a(bl_sys_time.o)
                0x0000000023003644                bl_sys_time_get
 .text.bl_sys_time_sync_state
                0x0000000023003694       0x62 /home/melody/work/BL602_Demo/bl_iot_sdk/customer_app/sdk_app_timer/build_out/bltime/libbltime.a(bl_sys_time.o)
                0x0000000023003694                bl_sys_time_sync_state
 .text.cli_command_get
                0x00000000230036f6       0x44 /home/melody/work/BL602_Demo/bl_iot_sdk/customer_app/sdk_app_timer/build_out/cli/libcli.a(cli.o)
 .text.exit_cmd
                0x000000002300373a        0xc /home/melody/work/BL602_Demo/bl_iot_sdk/customer_app/sdk_app_timer/build_out/cli/libcli.a(cli.o)
 .text.cb_idnoe
                0x0000000023003746       0x98 /home/melody/work/BL602_Demo/bl_iot_sdk/customer_app/sdk_app_timer/build_out/cli/libcli.a(cli.o)
 .text.ota_cmd  0x00000000230037de       0x18 /home/melody/work/BL602_Demo/bl_iot_sdk/customer_app/sdk_app_timer/build_out/cli/libcli.a(cli.o)
 .text.tftp_ota_thread
                0x00000000230037f6        0x6 /home/melody/work/BL602_Demo/bl_iot_sdk/customer_app/sdk_app_timer/build_out/cli/libcli.a(cli.o)
                0x00000000230037f6                tftp_ota_thread
 .text.cat_cmd  0x00000000230037fc       0x7a /home/melody/work/BL602_Demo/bl_iot_sdk/customer_app/sdk_app_timer/build_out/cli/libcli.a(cli.o)
 .text.hexdump_cmd
                0x0000000023003876       0x78 /home/melody/work/BL602_Demo/bl_iot_sdk/customer_app/sdk_app_timer/build_out/cli/libcli.a(cli.o)
 .text.aos_cli_init
                0x00000000230038ee       0x62 /home/melody/work/BL602_Demo/bl_iot_sdk/customer_app/sdk_app_timer/build_out/cli/libcli.a(cli.o)
                0x00000000230038ee                aos_cli_init
 .text.aos_cli_event_cb_read_get
                0x0000000023003950        0xa /home/melody/work/BL602_Demo/bl_iot_sdk/customer_app/sdk_app_timer/build_out/cli/libcli.a(cli.o)
                0x0000000023003950                aos_cli_event_cb_read_get
 .text.cli_putstr
                0x000000002300395a       0x46 /home/melody/work/BL602_Demo/bl_iot_sdk/customer_app/sdk_app_timer/build_out/cli/libcli.a(cli.o)
                0x000000002300395a                cli_putstr
 .text.ps_cmd   0x00000000230039a0       0x8c /home/melody/work/BL602_Demo/bl_iot_sdk/customer_app/sdk_app_timer/build_out/cli/libcli.a(cli.o)
 .text.aos_cli_printf
                0x0000000023003a2c       0x8a /home/melody/work/BL602_Demo/bl_iot_sdk/customer_app/sdk_app_timer/build_out/cli/libcli.a(cli.o)
                0x0000000023003a2c                aos_cli_printf
 .text.proc_onecmd
                0x0000000023003ab6      0x112 /home/melody/work/BL602_Demo/bl_iot_sdk/customer_app/sdk_app_timer/build_out/cli/libcli.a(cli.o)
                0x0000000023003ab6                proc_onecmd
 .text.ls_cmd   0x0000000023003bc8      0x236 /home/melody/work/BL602_Demo/bl_iot_sdk/customer_app/sdk_app_timer/build_out/cli/libcli.a(cli.o)
 .text.uptime_cmd
                0x0000000023003dfe       0xb8 /home/melody/work/BL602_Demo/bl_iot_sdk/customer_app/sdk_app_timer/build_out/cli/libcli.a(cli.o)
 .text.reset_cmd
                0x0000000023003eb6       0x18 /home/melody/work/BL602_Demo/bl_iot_sdk/customer_app/sdk_app_timer/build_out/cli/libcli.a(cli.o)
 .text.poweroff_cmd
                0x0000000023003ece       0x18 /home/melody/work/BL602_Demo/bl_iot_sdk/customer_app/sdk_app_timer/build_out/cli/libcli.a(cli.o)
 .text.reboot_cmd
                0x0000000023003ee6       0x18 /home/melody/work/BL602_Demo/bl_iot_sdk/customer_app/sdk_app_timer/build_out/cli/libcli.a(cli.o)
 .text.version_cmd
                0x0000000023003efe       0xa2 /home/melody/work/BL602_Demo/bl_iot_sdk/customer_app/sdk_app_timer/build_out/cli/libcli.a(cli.o)
 .text.devname_cmd
                0x0000000023003fa0       0x14 /home/melody/work/BL602_Demo/bl_iot_sdk/customer_app/sdk_app_timer/build_out/cli/libcli.a(cli.o)
 .text.echo_cmd
                0x0000000023003fb4       0x9c /home/melody/work/BL602_Demo/bl_iot_sdk/customer_app/sdk_app_timer/build_out/cli/libcli.a(cli.o)
 .text.mmem_cmd
                0x0000000023004050       0xc4 /home/melody/work/BL602_Demo/bl_iot_sdk/customer_app/sdk_app_timer/build_out/cli/libcli.a(cli.o)
 .text.pmem_cmd
                0x0000000023004114      0x178 /home/melody/work/BL602_Demo/bl_iot_sdk/customer_app/sdk_app_timer/build_out/cli/libcli.a(cli.o)
 .text.help_cmd
                0x000000002300428c       0xe2 /home/melody/work/BL602_Demo/bl_iot_sdk/customer_app/sdk_app_timer/build_out/cli/libcli.a(cli.o)
 .text.cli_getchar
                0x000000002300436e       0x46 /home/melody/work/BL602_Demo/bl_iot_sdk/customer_app/sdk_app_timer/build_out/cli/libcli.a(cli.o)
                0x000000002300436e                cli_getchar
 .text.cli_main_input
                0x00000000230043b4      0x7ae /home/melody/work/BL602_Demo/bl_iot_sdk/customer_app/sdk_app_timer/build_out/cli/libcli.a(cli.o)
 .text.console_cb_read
                0x0000000023004b62       0x40 /home/melody/work/BL602_Demo/bl_iot_sdk/customer_app/sdk_app_timer/build_out/cli/libcli.a(cli.o)
 .text.prvCopyDataToQueue
                0x0000000023004ba2       0xa4 /home/melody/work/BL602_Demo/bl_iot_sdk/customer_app/sdk_app_timer/build_out/freertos_riscv_ram/libfreertos_riscv_ram.a(queue.o)
 .text.prvCopyDataFromQueue
                0x0000000023004c46       0x1e /home/melody/work/BL602_Demo/bl_iot_sdk/customer_app/sdk_app_timer/build_out/freertos_riscv_ram/libfreertos_riscv_ram.a(queue.o)
 .text.prvUnlockQueue
                0x0000000023004c64       0xb6 /home/melody/work/BL602_Demo/bl_iot_sdk/customer_app/sdk_app_timer/build_out/freertos_riscv_ram/libfreertos_riscv_ram.a(queue.o)
 .text.xQueueGenericReset
                0x0000000023004d1a       0x92 /home/melody/work/BL602_Demo/bl_iot_sdk/customer_app/sdk_app_timer/build_out/freertos_riscv_ram/libfreertos_riscv_ram.a(queue.o)
                0x0000000023004d1a                xQueueGenericReset
 .text.xQueueGenericCreateStatic
                0x0000000023004dac       0x80 /home/melody/work/BL602_Demo/bl_iot_sdk/customer_app/sdk_app_timer/build_out/freertos_riscv_ram/libfreertos_riscv_ram.a(queue.o)
                0x0000000023004dac                xQueueGenericCreateStatic
 .text.xQueueGenericCreate
                0x0000000023004e2c       0x80 /home/melody/work/BL602_Demo/bl_iot_sdk/customer_app/sdk_app_timer/build_out/freertos_riscv_ram/libfreertos_riscv_ram.a(queue.o)
                0x0000000023004e2c                xQueueGenericCreate
 .text.xQueueCreateCountingSemaphore
                0x0000000023004eac       0x38 /home/melody/work/BL602_Demo/bl_iot_sdk/customer_app/sdk_app_timer/build_out/freertos_riscv_ram/libfreertos_riscv_ram.a(queue.o)
                0x0000000023004eac                xQueueCreateCountingSemaphore
 .text.xQueueGenericSend
                0x0000000023004ee4      0x158 /home/melody/work/BL602_Demo/bl_iot_sdk/customer_app/sdk_app_timer/build_out/freertos_riscv_ram/libfreertos_riscv_ram.a(queue.o)
                0x0000000023004ee4                xQueueGenericSend
 .text.xQueueCreateMutexStatic
                0x000000002300503c       0x38 /home/melody/work/BL602_Demo/bl_iot_sdk/customer_app/sdk_app_timer/build_out/freertos_riscv_ram/libfreertos_riscv_ram.a(queue.o)
                0x000000002300503c                xQueueCreateMutexStatic
 .text.xQueueCreateMutex
                0x0000000023005074       0x34 /home/melody/work/BL602_Demo/bl_iot_sdk/customer_app/sdk_app_timer/build_out/freertos_riscv_ram/libfreertos_riscv_ram.a(queue.o)
                0x0000000023005074                xQueueCreateMutex
 .text.xQueueGenericSendFromISR
                0x00000000230050a8       0xba /home/melody/work/BL602_Demo/bl_iot_sdk/customer_app/sdk_app_timer/build_out/freertos_riscv_ram/libfreertos_riscv_ram.a(queue.o)
                0x00000000230050a8                xQueueGenericSendFromISR
 .text.xQueueGiveFromISR
                0x0000000023005162       0x7a /home/melody/work/BL602_Demo/bl_iot_sdk/customer_app/sdk_app_timer/build_out/freertos_riscv_ram/libfreertos_riscv_ram.a(queue.o)
                0x0000000023005162                xQueueGiveFromISR
 .text.xQueueReceive
                0x00000000230051dc      0x14c /home/melody/work/BL602_Demo/bl_iot_sdk/customer_app/sdk_app_timer/build_out/freertos_riscv_ram/libfreertos_riscv_ram.a(queue.o)
                0x00000000230051dc                xQueueReceive
 .text.xQueueSemaphoreTake
                0x0000000023005328      0x188 /home/melody/work/BL602_Demo/bl_iot_sdk/customer_app/sdk_app_timer/build_out/freertos_riscv_ram/libfreertos_riscv_ram.a(queue.o)
                0x0000000023005328                xQueueSemaphoreTake
 .text.vQueueDelete
                0x00000000230054b0       0x86 /home/melody/work/BL602_Demo/bl_iot_sdk/customer_app/sdk_app_timer/build_out/freertos_riscv_ram/libfreertos_riscv_ram.a(queue.o)
                0x00000000230054b0                vQueueDelete
 .text.vQueueAddToRegistry
                0x0000000023005536       0x28 /home/melody/work/BL602_Demo/bl_iot_sdk/customer_app/sdk_app_timer/build_out/freertos_riscv_ram/libfreertos_riscv_ram.a(queue.o)
                0x0000000023005536                vQueueAddToRegistry
 .text.vQueueWaitForMessageRestricted
                0x000000002300555e       0x6c /home/melody/work/BL602_Demo/bl_iot_sdk/customer_app/sdk_app_timer/build_out/freertos_riscv_ram/libfreertos_riscv_ram.a(queue.o)
                0x000000002300555e                vQueueWaitForMessageRestricted
 .text.prvResetNextTaskUnblockTime.part.0
                0x00000000230055ca       0x18 /home/melody/work/BL602_Demo/bl_iot_sdk/customer_app/sdk_app_timer/build_out/freertos_riscv_ram/libfreertos_riscv_ram.a(tasks.o)
 .text.prvInitialiseNewTask.isra.2
                0x00000000230055e2       0xce /home/melody/work/BL602_Demo/bl_iot_sdk/customer_app/sdk_app_timer/build_out/freertos_riscv_ram/libfreertos_riscv_ram.a(tasks.o)
 .text.prvDeleteTCB
                0x00000000230056b0       0x36 /home/melody/work/BL602_Demo/bl_iot_sdk/customer_app/sdk_app_timer/build_out/freertos_riscv_ram/libfreertos_riscv_ram.a(tasks.o)
 .text.prvAddCurrentTaskToDelayedList
                0x00000000230056e6       0xc2 /home/melody/work/BL602_Demo/bl_iot_sdk/customer_app/sdk_app_timer/build_out/freertos_riscv_ram/libfreertos_riscv_ram.a(tasks.o)
 .text.vTaskEnterCritical.part.7
                0x00000000230057a8       0x14 /home/melody/work/BL602_Demo/bl_iot_sdk/customer_app/sdk_app_timer/build_out/freertos_riscv_ram/libfreertos_riscv_ram.a(tasks.o)
 .text.vTaskExitCritical.part.8
                0x00000000230057bc       0x1c /home/melody/work/BL602_Demo/bl_iot_sdk/customer_app/sdk_app_timer/build_out/freertos_riscv_ram/libfreertos_riscv_ram.a(tasks.o)
 .text.prvAddNewTaskToReadyList
                0x00000000230057d8      0x160 /home/melody/work/BL602_Demo/bl_iot_sdk/customer_app/sdk_app_timer/build_out/freertos_riscv_ram/libfreertos_riscv_ram.a(tasks.o)
 .text.prvIdleTask
                0x0000000023005938       0xa2 /home/melody/work/BL602_Demo/bl_iot_sdk/customer_app/sdk_app_timer/build_out/freertos_riscv_ram/libfreertos_riscv_ram.a(tasks.o)
 .text.xTaskCreateStatic
                0x00000000230059da       0xa0 /home/melody/work/BL602_Demo/bl_iot_sdk/customer_app/sdk_app_timer/build_out/freertos_riscv_ram/libfreertos_riscv_ram.a(tasks.o)
                0x00000000230059da                xTaskCreateStatic
 .text.vTaskDelete
                0x0000000023005a7a      0x132 /home/melody/work/BL602_Demo/bl_iot_sdk/customer_app/sdk_app_timer/build_out/freertos_riscv_ram/libfreertos_riscv_ram.a(tasks.o)
                0x0000000023005a7a                vTaskDelete
 .text.eTaskGetState
                0x0000000023005bac       0xce /home/melody/work/BL602_Demo/bl_iot_sdk/customer_app/sdk_app_timer/build_out/freertos_riscv_ram/libfreertos_riscv_ram.a(tasks.o)
                0x0000000023005bac                eTaskGetState
 .text.vTaskStartScheduler
                0x0000000023005c7a       0x74 /home/melody/work/BL602_Demo/bl_iot_sdk/customer_app/sdk_app_timer/build_out/freertos_riscv_ram/libfreertos_riscv_ram.a(tasks.o)
                0x0000000023005c7a                vTaskStartScheduler
 .text.vTaskSuspendAll
                0x0000000023005cee       0x10 /home/melody/work/BL602_Demo/bl_iot_sdk/customer_app/sdk_app_timer/build_out/freertos_riscv_ram/libfreertos_riscv_ram.a(tasks.o)
                0x0000000023005cee                vTaskSuspendAll
 .text.xTaskGetTickCount
                0x0000000023005cfe        0xa /home/melody/work/BL602_Demo/bl_iot_sdk/customer_app/sdk_app_timer/build_out/freertos_riscv_ram/libfreertos_riscv_ram.a(tasks.o)
                0x0000000023005cfe                xTaskGetTickCount
 .text.xTaskGetTickCount2
                0x0000000023005d08       0x18 /home/melody/work/BL602_Demo/bl_iot_sdk/customer_app/sdk_app_timer/build_out/freertos_riscv_ram/libfreertos_riscv_ram.a(tasks.o)
                0x0000000023005d08                xTaskGetTickCount2
 .text.xTaskGetTickCountFromISR
                0x0000000023005d20        0xa /home/melody/work/BL602_Demo/bl_iot_sdk/customer_app/sdk_app_timer/build_out/freertos_riscv_ram/libfreertos_riscv_ram.a(tasks.o)
                0x0000000023005d20                xTaskGetTickCountFromISR
 .text.xTaskIncrementTick
                0x0000000023005d2a      0x1a0 /home/melody/work/BL602_Demo/bl_iot_sdk/customer_app/sdk_app_timer/build_out/freertos_riscv_ram/libfreertos_riscv_ram.a(tasks.o)
                0x0000000023005d2a                xTaskIncrementTick
 .text.xTaskResumeAll
                0x0000000023005eca      0x154 /home/melody/work/BL602_Demo/bl_iot_sdk/customer_app/sdk_app_timer/build_out/freertos_riscv_ram/libfreertos_riscv_ram.a(tasks.o)
                0x0000000023005eca                xTaskResumeAll
 .text.vTaskSwitchContext
                0x000000002300601e       0xca /home/melody/work/BL602_Demo/bl_iot_sdk/customer_app/sdk_app_timer/build_out/freertos_riscv_ram/libfreertos_riscv_ram.a(tasks.o)
                0x000000002300601e                vTaskSwitchContext
 .text.vTaskPlaceOnEventList
                0x00000000230060e8       0x30 /home/melody/work/BL602_Demo/bl_iot_sdk/customer_app/sdk_app_timer/build_out/freertos_riscv_ram/libfreertos_riscv_ram.a(tasks.o)
                0x00000000230060e8                vTaskPlaceOnEventList
 .text.vTaskPlaceOnEventListRestricted
                0x0000000023006118       0x3a /home/melody/work/BL602_Demo/bl_iot_sdk/customer_app/sdk_app_timer/build_out/freertos_riscv_ram/libfreertos_riscv_ram.a(tasks.o)
                0x0000000023006118                vTaskPlaceOnEventListRestricted
 .text.xTaskRemoveFromEventList
                0x0000000023006152       0x98 /home/melody/work/BL602_Demo/bl_iot_sdk/customer_app/sdk_app_timer/build_out/freertos_riscv_ram/libfreertos_riscv_ram.a(tasks.o)
                0x0000000023006152                xTaskRemoveFromEventList
 .text.vTaskInternalSetTimeOutState
                0x00000000230061ea       0x16 /home/melody/work/BL602_Demo/bl_iot_sdk/customer_app/sdk_app_timer/build_out/freertos_riscv_ram/libfreertos_riscv_ram.a(tasks.o)
                0x00000000230061ea                vTaskInternalSetTimeOutState
 .text.xTaskCheckForTimeOut
                0x0000000023006200       0xb2 /home/melody/work/BL602_Demo/bl_iot_sdk/customer_app/sdk_app_timer/build_out/freertos_riscv_ram/libfreertos_riscv_ram.a(tasks.o)
                0x0000000023006200                xTaskCheckForTimeOut
 .text.vTaskMissedYield
                0x00000000230062b2        0xc /home/melody/work/BL602_Demo/bl_iot_sdk/customer_app/sdk_app_timer/build_out/freertos_riscv_ram/libfreertos_riscv_ram.a(tasks.o)
                0x00000000230062b2                vTaskMissedYield
 .text.vTaskGetInfo
                0x00000000230062be       0xd6 /home/melody/work/BL602_Demo/bl_iot_sdk/customer_app/sdk_app_timer/build_out/freertos_riscv_ram/libfreertos_riscv_ram.a(tasks.o)
                0x00000000230062be                vTaskGetInfo
 .text.prvListTasksWithinSingleList.part.11
                0x0000000023006394       0x8a /home/melody/work/BL602_Demo/bl_iot_sdk/customer_app/sdk_app_timer/build_out/freertos_riscv_ram/libfreertos_riscv_ram.a(tasks.o)
 .text.uxTaskGetSystemState
                0x000000002300641e      0x114 /home/melody/work/BL602_Demo/bl_iot_sdk/customer_app/sdk_app_timer/build_out/freertos_riscv_ram/libfreertos_riscv_ram.a(tasks.o)
                0x000000002300641e                uxTaskGetSystemState
 .text.xTaskGetCurrentTaskHandle
                0x0000000023006532        0xa /home/melody/work/BL602_Demo/bl_iot_sdk/customer_app/sdk_app_timer/build_out/freertos_riscv_ram/libfreertos_riscv_ram.a(tasks.o)
                0x0000000023006532                xTaskGetCurrentTaskHandle
 .text.xTaskGetSchedulerState
                0x000000002300653c       0x1c /home/melody/work/BL602_Demo/bl_iot_sdk/customer_app/sdk_app_timer/build_out/freertos_riscv_ram/libfreertos_riscv_ram.a(tasks.o)
                0x000000002300653c                xTaskGetSchedulerState
 .text.xTaskPriorityInherit
                0x0000000023006558       0xe2 /home/melody/work/BL602_Demo/bl_iot_sdk/customer_app/sdk_app_timer/build_out/freertos_riscv_ram/libfreertos_riscv_ram.a(tasks.o)
                0x0000000023006558                xTaskPriorityInherit
 .text.xTaskPriorityDisinherit
                0x000000002300663a       0xd8 /home/melody/work/BL602_Demo/bl_iot_sdk/customer_app/sdk_app_timer/build_out/freertos_riscv_ram/libfreertos_riscv_ram.a(tasks.o)
                0x000000002300663a                xTaskPriorityDisinherit
 .text.vTaskPriorityDisinheritAfterTimeout
                0x0000000023006712      0x106 /home/melody/work/BL602_Demo/bl_iot_sdk/customer_app/sdk_app_timer/build_out/freertos_riscv_ram/libfreertos_riscv_ram.a(tasks.o)
                0x0000000023006712                vTaskPriorityDisinheritAfterTimeout
 .text.vTaskEnterCritical
                0x0000000023006818       0x14 /home/melody/work/BL602_Demo/bl_iot_sdk/customer_app/sdk_app_timer/build_out/freertos_riscv_ram/libfreertos_riscv_ram.a(tasks.o)
                0x0000000023006818                vTaskEnterCritical
 .text.vTaskExitCritical
                0x000000002300682c       0x1c /home/melody/work/BL602_Demo/bl_iot_sdk/customer_app/sdk_app_timer/build_out/freertos_riscv_ram/libfreertos_riscv_ram.a(tasks.o)
                0x000000002300682c                vTaskExitCritical
 .text.vTaskList
                0x0000000023006848       0xfe /home/melody/work/BL602_Demo/bl_iot_sdk/customer_app/sdk_app_timer/build_out/freertos_riscv_ram/libfreertos_riscv_ram.a(tasks.o)
                0x0000000023006848                vTaskList
 .text.pvTaskIncrementMutexHeldCount
                0x0000000023006946       0x18 /home/melody/work/BL602_Demo/bl_iot_sdk/customer_app/sdk_app_timer/build_out/freertos_riscv_ram/libfreertos_riscv_ram.a(tasks.o)
                0x0000000023006946                pvTaskIncrementMutexHeldCount
 .text.ulTaskNotifyTake
                0x000000002300695e       0xa6 /home/melody/work/BL602_Demo/bl_iot_sdk/customer_app/sdk_app_timer/build_out/freertos_riscv_ram/libfreertos_riscv_ram.a(tasks.o)
                0x000000002300695e                ulTaskNotifyTake
 .text.vTaskNotifyGiveFromISR
                0x0000000023006a04       0xc0 /home/melody/work/BL602_Demo/bl_iot_sdk/customer_app/sdk_app_timer/build_out/freertos_riscv_ram/libfreertos_riscv_ram.a(tasks.o)
                0x0000000023006a04                vTaskNotifyGiveFromISR
 .text.prvCheckForValidListAndQueue
                0x0000000023006ac4       0x84 /home/melody/work/BL602_Demo/bl_iot_sdk/customer_app/sdk_app_timer/build_out/freertos_riscv_ram/libfreertos_riscv_ram.a(timers.o)
 .text.prvInsertTimerInActiveList
                0x0000000023006b48       0x58 /home/melody/work/BL602_Demo/bl_iot_sdk/customer_app/sdk_app_timer/build_out/freertos_riscv_ram/libfreertos_riscv_ram.a(timers.o)
 .text.xTimerCreateTimerTask
                0x0000000023006ba0       0x5c /home/melody/work/BL602_Demo/bl_iot_sdk/customer_app/sdk_app_timer/build_out/freertos_riscv_ram/libfreertos_riscv_ram.a(timers.o)
                0x0000000023006ba0                xTimerCreateTimerTask
 .text.xTimerGenericCommand
                0x0000000023006bfc       0x94 /home/melody/work/BL602_Demo/bl_iot_sdk/customer_app/sdk_app_timer/build_out/freertos_riscv_ram/libfreertos_riscv_ram.a(timers.o)
                0x0000000023006bfc                xTimerGenericCommand
 .text.prvSwitchTimerLists
                0x0000000023006c90       0x8a /home/melody/work/BL602_Demo/bl_iot_sdk/customer_app/sdk_app_timer/build_out/freertos_riscv_ram/libfreertos_riscv_ram.a(timers.o)
 .text.prvTimerTask
                0x0000000023006d1a      0x1f2 /home/melody/work/BL602_Demo/bl_iot_sdk/customer_app/sdk_app_timer/build_out/freertos_riscv_ram/libfreertos_riscv_ram.a(timers.o)
 .text.vPortSetupTimerInterrupt
                0x0000000023006f0c       0x4a /home/melody/work/BL602_Demo/bl_iot_sdk/customer_app/sdk_app_timer/build_out/freertos_riscv_ram/libfreertos_riscv_ram.a(port.o)
                0x0000000023006f0c                vPortSetupTimerInterrupt
 .text.xPortStartScheduler
                0x0000000023006f56       0x40 /home/melody/work/BL602_Demo/bl_iot_sdk/customer_app/sdk_app_timer/build_out/freertos_riscv_ram/libfreertos_riscv_ram.a(port.o)
                0x0000000023006f56                xPortStartScheduler
 *fill*         0x0000000023006f96       0x6a 
 .text          0x0000000023007000      0x538 /home/melody/work/BL602_Demo/bl_iot_sdk/customer_app/sdk_app_timer/build_out/freertos_riscv_ram/libfreertos_riscv_ram.a(portASM.o)
                0x0000000023007000                freertos_risc_v_trap_handler
                0x0000000023007300                xPortStartFirstTask
                0x0000000023007400                pxPortInitialiseStack
 .text.prvInsertBlockIntoFreeList
                0x0000000023007538       0x52 /home/melody/work/BL602_Demo/bl_iot_sdk/customer_app/sdk_app_timer/build_out/freertos_riscv_ram/libfreertos_riscv_ram.a(heap_5.o)
 .text.pvPortMalloc
                0x000000002300758a       0xe8 /home/melody/work/BL602_Demo/bl_iot_sdk/customer_app/sdk_app_timer/build_out/freertos_riscv_ram/libfreertos_riscv_ram.a(heap_5.o)
                0x000000002300758a                pvPortMalloc
 .text.vPortFree
                0x0000000023007672       0x92 /home/melody/work/BL602_Demo/bl_iot_sdk/customer_app/sdk_app_timer/build_out/freertos_riscv_ram/libfreertos_riscv_ram.a(heap_5.o)
                0x0000000023007672                vPortFree
 .text.xPortGetFreeHeapSize
                0x0000000023007704        0xa /home/melody/work/BL602_Demo/bl_iot_sdk/customer_app/sdk_app_timer/build_out/freertos_riscv_ram/libfreertos_riscv_ram.a(heap_5.o)
                0x0000000023007704                xPortGetFreeHeapSize
 .text.vPortDefineHeapRegions
                0x000000002300770e      0x104 /home/melody/work/BL602_Demo/bl_iot_sdk/customer_app/sdk_app_timer/build_out/freertos_riscv_ram/libfreertos_riscv_ram.a(heap_5.o)
                0x000000002300770e                vPortDefineHeapRegions
 .text.vListInitialise
                0x0000000023007812       0x14 /home/melody/work/BL602_Demo/bl_iot_sdk/customer_app/sdk_app_timer/build_out/freertos_riscv_ram/libfreertos_riscv_ram.a(list.o)
                0x0000000023007812                vListInitialise
 .text.vListInitialiseItem
                0x0000000023007826        0x6 /home/melody/work/BL602_Demo/bl_iot_sdk/customer_app/sdk_app_timer/build_out/freertos_riscv_ram/libfreertos_riscv_ram.a(list.o)
                0x0000000023007826                vListInitialiseItem
 .text.vListInsertEnd
                0x000000002300782c       0x16 /home/melody/work/BL602_Demo/bl_iot_sdk/customer_app/sdk_app_timer/build_out/freertos_riscv_ram/libfreertos_riscv_ram.a(list.o)
                0x000000002300782c                vListInsertEnd
 .text.vListInsert
                0x0000000023007842       0x30 /home/melody/work/BL602_Demo/bl_iot_sdk/customer_app/sdk_app_timer/build_out/freertos_riscv_ram/libfreertos_riscv_ram.a(list.o)
                0x0000000023007842                vListInsert
 .text.uxListRemove
                0x0000000023007872       0x32 /home/melody/work/BL602_Demo/bl_iot_sdk/customer_app/sdk_app_timer/build_out/freertos_riscv_ram/libfreertos_riscv_ram.a(list.o)
                0x0000000023007872                uxListRemove
 .text.bl_uart_init
                0x00000000230078a4       0xec /home/melody/work/BL602_Demo/bl_iot_sdk/customer_app/sdk_app_timer/build_out/hal_drv/libhal_drv.a(bl_uart.o)
                0x00000000230078a4                bl_uart_init
 .text.bl_uart_data_send
                0x0000000023007990       0x36 /home/melody/work/BL602_Demo/bl_iot_sdk/customer_app/sdk_app_timer/build_out/hal_drv/libhal_drv.a(bl_uart.o)
                0x0000000023007990                bl_uart_data_send
 .text.bl_uart_data_recv
                0x00000000230079c6       0x30 /home/melody/work/BL602_Demo/bl_iot_sdk/customer_app/sdk_app_timer/build_out/hal_drv/libhal_drv.a(bl_uart.o)
                0x00000000230079c6                bl_uart_data_recv
 .text.bl_uart_int_rx_enable
                0x00000000230079f6       0x2c /home/melody/work/BL602_Demo/bl_iot_sdk/customer_app/sdk_app_timer/build_out/hal_drv/libhal_drv.a(bl_uart.o)
                0x00000000230079f6                bl_uart_int_rx_enable
 .text.bl_uart_int_tx_enable
                0x0000000023007a22       0x14 /home/melody/work/BL602_Demo/bl_iot_sdk/customer_app/sdk_app_timer/build_out/hal_drv/libhal_drv.a(bl_uart.o)
                0x0000000023007a22                bl_uart_int_tx_enable
 .text.bl_uart_int_tx_disable
                0x0000000023007a36       0x14 /home/melody/work/BL602_Demo/bl_iot_sdk/customer_app/sdk_app_timer/build_out/hal_drv/libhal_drv.a(bl_uart.o)
                0x0000000023007a36                bl_uart_int_tx_disable
 .text.uart_generic_notify_handler
                0x0000000023007a4a      0x1d6 /home/melody/work/BL602_Demo/bl_iot_sdk/customer_app/sdk_app_timer/build_out/hal_drv/libhal_drv.a(bl_uart.o)
 .text.UART0_IRQHandler
                0x0000000023007c20        0x6 /home/melody/work/BL602_Demo/bl_iot_sdk/customer_app/sdk_app_timer/build_out/hal_drv/libhal_drv.a(bl_uart.o)
                0x0000000023007c20                UART0_IRQHandler
 .text.UART1_IRQHandler
                0x0000000023007c26        0x6 /home/melody/work/BL602_Demo/bl_iot_sdk/customer_app/sdk_app_timer/build_out/hal_drv/libhal_drv.a(bl_uart.o)
                0x0000000023007c26                UART1_IRQHandler
 .text.bl_uart_flush
                0x0000000023007c2c       0x24 /home/melody/work/BL602_Demo/bl_iot_sdk/customer_app/sdk_app_timer/build_out/hal_drv/libhal_drv.a(bl_uart.o)
                0x0000000023007c2c                bl_uart_flush
 .text.bl_uart_getdefconfig
                0x0000000023007c50        0x8 /home/melody/work/BL602_Demo/bl_iot_sdk/customer_app/sdk_app_timer/build_out/hal_drv/libhal_drv.a(bl_uart.o)
                0x0000000023007c50                bl_uart_getdefconfig
 .text.bl_uart_setconfig
                0x0000000023007c58       0x52 /home/melody/work/BL602_Demo/bl_iot_sdk/customer_app/sdk_app_timer/build_out/hal_drv/libhal_drv.a(bl_uart.o)
                0x0000000023007c58                bl_uart_setconfig
 .text.bl_uart_setbaud
                0x0000000023007caa        0x6 /home/melody/work/BL602_Demo/bl_iot_sdk/customer_app/sdk_app_timer/build_out/hal_drv/libhal_drv.a(bl_uart.o)
                0x0000000023007caa                bl_uart_setbaud
 .text.bl_uart_int_enable
                0x0000000023007cb0       0x7a /home/melody/work/BL602_Demo/bl_iot_sdk/customer_app/sdk_app_timer/build_out/hal_drv/libhal_drv.a(bl_uart.o)
                0x0000000023007cb0                bl_uart_int_enable
 .text.bl_uart_int_cb_notify_register
                0x0000000023007d2a       0x2e /home/melody/work/BL602_Demo/bl_iot_sdk/customer_app/sdk_app_timer/build_out/hal_drv/libhal_drv.a(bl_uart.o)
                0x0000000023007d2a                bl_uart_int_cb_notify_register
 .text.bl_uart_int_cb_notify_unregister
                0x0000000023007d58       0x32 /home/melody/work/BL602_Demo/bl_iot_sdk/customer_app/sdk_app_timer/build_out/hal_drv/libhal_drv.a(bl_uart.o)
                0x0000000023007d58                bl_uart_int_cb_notify_unregister
 .text.bl_chip_info
                0x0000000023007d8a       0xaa /home/melody/work/BL602_Demo/bl_iot_sdk/customer_app/sdk_app_timer/build_out/hal_drv/libhal_drv.a(bl_chip.o)
                0x0000000023007d8a                bl_chip_info
 .text.bl_chip_banner
                0x0000000023007e34        0xe /home/melody/work/BL602_Demo/bl_iot_sdk/customer_app/sdk_app_timer/build_out/hal_drv/libhal_drv.a(bl_chip.o)
                0x0000000023007e34                bl_chip_banner
 .text.bl_chip_memory_ram
                0x0000000023007e42       0x9a /home/melody/work/BL602_Demo/bl_iot_sdk/customer_app/sdk_app_timer/build_out/hal_drv/libhal_drv.a(bl_chip.o)
                0x0000000023007e42                bl_chip_memory_ram
 .text.bl_sys_reset_por
                0x0000000023007edc       0x14 /home/melody/work/BL602_Demo/bl_iot_sdk/customer_app/sdk_app_timer/build_out/hal_drv/libhal_drv.a(bl_sys.o)
                0x0000000023007edc                bl_sys_reset_por
 .text.bl_sys_reset_system
                0x0000000023007ef0        0x8 /home/melody/work/BL602_Demo/bl_iot_sdk/customer_app/sdk_app_timer/build_out/hal_drv/libhal_drv.a(bl_sys.o)
                0x0000000023007ef0                bl_sys_reset_system
 .text.bl_dma_int_process
                0x0000000023007ef8       0xa8 /home/melody/work/BL602_Demo/bl_iot_sdk/customer_app/sdk_app_timer/build_out/hal_drv/libhal_drv.a(bl_dma.o)
 .text.bl_dma_irq_register.part.2
                0x0000000023007fa0       0x5c /home/melody/work/BL602_Demo/bl_iot_sdk/customer_app/sdk_app_timer/build_out/hal_drv/libhal_drv.a(bl_dma.o)
 .text.bl_dma_int_clear
                0x0000000023007ffc       0x32 /home/melody/work/BL602_Demo/bl_iot_sdk/customer_app/sdk_app_timer/build_out/hal_drv/libhal_drv.a(bl_dma.o)
                0x0000000023007ffc                bl_dma_int_clear
 .text.bl_dma_IRQHandler
                0x000000002300802e       0x46 /home/melody/work/BL602_Demo/bl_iot_sdk/customer_app/sdk_app_timer/build_out/hal_drv/libhal_drv.a(bl_dma.o)
                0x000000002300802e                bl_dma_IRQHandler
 .text.bl_dma_init
                0x0000000023008074       0x88 /home/melody/work/BL602_Demo/bl_iot_sdk/customer_app/sdk_app_timer/build_out/hal_drv/libhal_drv.a(bl_dma.o)
                0x0000000023008074                bl_dma_init
 .text.bl_irq_enable
                0x00000000230080fc       0x12 /home/melody/work/BL602_Demo/bl_iot_sdk/customer_app/sdk_app_timer/build_out/hal_drv/libhal_drv.a(bl_irq.o)
                0x00000000230080fc                bl_irq_enable
 .text.bl_irq_register_with_ctx
                0x000000002300810e       0x30 /home/melody/work/BL602_Demo/bl_iot_sdk/customer_app/sdk_app_timer/build_out/hal_drv/libhal_drv.a(bl_irq.o)
                0x000000002300810e                bl_irq_register_with_ctx
 .text.bl_irq_ctx_get
                0x000000002300813e       0x20 /home/melody/work/BL602_Demo/bl_iot_sdk/customer_app/sdk_app_timer/build_out/hal_drv/libhal_drv.a(bl_irq.o)
                0x000000002300813e                bl_irq_ctx_get
 .text.bl_irq_register
                0x000000002300815e        0x6 /home/melody/work/BL602_Demo/bl_iot_sdk/customer_app/sdk_app_timer/build_out/hal_drv/libhal_drv.a(bl_irq.o)
                0x000000002300815e                bl_irq_register
 .text.interrupt_entry
                0x0000000023008164       0x4e /home/melody/work/BL602_Demo/bl_iot_sdk/customer_app/sdk_app_timer/build_out/hal_drv/libhal_drv.a(bl_irq.o)
                0x0000000023008164                interrupt_entry
 .text.exception_entry
                0x00000000230081b2      0x140 /home/melody/work/BL602_Demo/bl_iot_sdk/customer_app/sdk_app_timer/build_out/hal_drv/libhal_drv.a(bl_irq.o)
                0x00000000230081b2                exception_entry
 .text.bl_irq_init
                0x00000000230082f2       0x3e /home/melody/work/BL602_Demo/bl_iot_sdk/customer_app/sdk_app_timer/build_out/hal_drv/libhal_drv.a(bl_irq.o)
                0x00000000230082f2                bl_irq_init
 .text._trng_trigger
                0x0000000023008330       0x2c /home/melody/work/BL602_Demo/bl_iot_sdk/customer_app/sdk_app_timer/build_out/hal_drv/libhal_drv.a(bl_sec.o)
 .text.wait_trng4feed
                0x000000002300835c       0x60 /home/melody/work/BL602_Demo/bl_iot_sdk/customer_app/sdk_app_timer/build_out/hal_drv/libhal_drv.a(bl_sec.o)
 .text.sec_trng_IRQHandler
                0x00000000230083bc       0x72 /home/melody/work/BL602_Demo/bl_iot_sdk/customer_app/sdk_app_timer/build_out/hal_drv/libhal_drv.a(bl_sec.o)
                0x00000000230083bc                sec_trng_IRQHandler
 .text.bl_sec_init
                0x000000002300842e       0x46 /home/melody/work/BL602_Demo/bl_iot_sdk/customer_app/sdk_app_timer/build_out/hal_drv/libhal_drv.a(bl_sec.o)
                0x000000002300842e                bl_sec_init
 .text.bl_sec_test
                0x0000000023008474        0x4 /home/melody/work/BL602_Demo/bl_iot_sdk/customer_app/sdk_app_timer/build_out/hal_drv/libhal_drv.a(bl_sec.o)
                0x0000000023008474                bl_sec_test
 .text.dev_uart_init
                0x0000000023008478       0xec /home/melody/work/BL602_Demo/bl_iot_sdk/customer_app/sdk_app_timer/build_out/hal_drv/libhal_drv.a(hal_uart.o)
 .text.hal_uart_send_trigger
                0x0000000023008564       0x14 /home/melody/work/BL602_Demo/bl_iot_sdk/customer_app/sdk_app_timer/build_out/hal_drv/libhal_drv.a(hal_uart.o)
                0x0000000023008564                hal_uart_send_trigger
 .text.hal_uart_init
                0x0000000023008578       0x6a /home/melody/work/BL602_Demo/bl_iot_sdk/customer_app/sdk_app_timer/build_out/hal_drv/libhal_drv.a(hal_uart.o)
                0x0000000023008578                hal_uart_init
 .text.hal_uart_recv_II
                0x00000000230085e2       0x42 /home/melody/work/BL602_Demo/bl_iot_sdk/customer_app/sdk_app_timer/build_out/hal_drv/libhal_drv.a(hal_uart.o)
                0x00000000230085e2                hal_uart_recv_II
 .text.hal_uart_finalize
                0x0000000023008624       0x14 /home/melody/work/BL602_Demo/bl_iot_sdk/customer_app/sdk_app_timer/build_out/hal_drv/libhal_drv.a(hal_uart.o)
                0x0000000023008624                hal_uart_finalize
 .text.hal_uart_notify_register
                0x0000000023008638       0x16 /home/melody/work/BL602_Demo/bl_iot_sdk/customer_app/sdk_app_timer/build_out/hal_drv/libhal_drv.a(hal_uart.o)
                0x0000000023008638                hal_uart_notify_register
 .text.hal_uart_notify_unregister
                0x000000002300864e       0x16 /home/melody/work/BL602_Demo/bl_iot_sdk/customer_app/sdk_app_timer/build_out/hal_drv/libhal_drv.a(hal_uart.o)
                0x000000002300864e                hal_uart_notify_unregister
 .text.vfs_uart_init
                0x0000000023008664      0x20c /home/melody/work/BL602_Demo/bl_iot_sdk/customer_app/sdk_app_timer/build_out/hal_drv/libhal_drv.a(hal_uart.o)
                0x0000000023008664                vfs_uart_init
 .text.hal_uart_send_flush
                0x0000000023008870       0x14 /home/melody/work/BL602_Demo/bl_iot_sdk/customer_app/sdk_app_timer/build_out/hal_drv/libhal_drv.a(hal_uart.o)
                0x0000000023008870                hal_uart_send_flush
 .text.hal_uart_setbaud
                0x0000000023008884        0x8 /home/melody/work/BL602_Demo/bl_iot_sdk/customer_app/sdk_app_timer/build_out/hal_drv/libhal_drv.a(hal_uart.o)
                0x0000000023008884                hal_uart_setbaud
 .text.hal_uart_setconfig
                0x000000002300888c        0x8 /home/melody/work/BL602_Demo/bl_iot_sdk/customer_app/sdk_app_timer/build_out/hal_drv/libhal_drv.a(hal_uart.o)
                0x000000002300888c                hal_uart_setconfig
 .text.hal_reboot
                0x0000000023008894        0x4 /home/melody/work/BL602_Demo/bl_iot_sdk/customer_app/sdk_app_timer/build_out/hal_drv/libhal_drv.a(hal_sys.o)
                0x0000000023008894                hal_reboot
 .text.hal_sys_reset
                0x0000000023008898        0x4 /home/melody/work/BL602_Demo/bl_iot_sdk/customer_app/sdk_app_timer/build_out/hal_drv/libhal_drv.a(hal_sys.o)
                0x0000000023008898                hal_sys_reset
 .text.hal_poweroff
                0x000000002300889c        0x2 /home/melody/work/BL602_Demo/bl_iot_sdk/customer_app/sdk_app_timer/build_out/hal_drv/libhal_drv.a(hal_sys.o)
                0x000000002300889c                hal_poweroff
 .text.hal_board_get_factory_addr
                0x000000002300889e        0xa /home/melody/work/BL602_Demo/bl_iot_sdk/customer_app/sdk_app_timer/build_out/hal_drv/libhal_drv.a(hal_board.o)
                0x000000002300889e                hal_board_get_factory_addr
 .text.hal_board_cfg
                0x00000000230088a8       0x4c /home/melody/work/BL602_Demo/bl_iot_sdk/customer_app/sdk_app_timer/build_out/hal_drv/libhal_drv.a(hal_board.o)
                0x00000000230088a8                hal_board_cfg
 .text.bl_rtc_get_counter
                0x00000000230088f4       0x16 /home/melody/work/BL602_Demo/bl_iot_sdk/customer_app/sdk_app_timer/build_out/hal_drv/libhal_drv.a(bl_rtc.o)
                0x00000000230088f4                bl_rtc_get_counter
 .text.bl_rtc_get_timestamp_ms
                0x000000002300890a       0x50 /home/melody/work/BL602_Demo/bl_iot_sdk/customer_app/sdk_app_timer/build_out/hal_drv/libhal_drv.a(bl_rtc.o)
                0x000000002300890a                bl_rtc_get_timestamp_ms
 .text.hwtimer_process
                0x000000002300895a       0x78 /home/melody/work/BL602_Demo/bl_iot_sdk/customer_app/sdk_app_timer/build_out/hal_drv/libhal_drv.a(hal_hwtimer.o)
 .text.hal_hwtimer_init
                0x00000000230089d2       0x98 /home/melody/work/BL602_Demo/bl_iot_sdk/customer_app/sdk_app_timer/build_out/hal_drv/libhal_drv.a(hal_hwtimer.o)
                0x00000000230089d2                hal_hwtimer_init
 .text.hal_hwtimer_create
                0x0000000023008a6a       0x88 /home/melody/work/BL602_Demo/bl_iot_sdk/customer_app/sdk_app_timer/build_out/hal_drv/libhal_drv.a(hal_hwtimer.o)
                0x0000000023008a6a                hal_hwtimer_create
 .text.hal_hwtimer_delete
                0x0000000023008af2       0x68 /home/melody/work/BL602_Demo/bl_iot_sdk/customer_app/sdk_app_timer/build_out/hal_drv/libhal_drv.a(hal_hwtimer.o)
                0x0000000023008af2                hal_hwtimer_delete
 .text.utils_list_init
                0x0000000023008b5a        0xa /home/melody/work/BL602_Demo/bl_iot_sdk/customer_app/sdk_app_timer/build_out/utils/libutils.a(utils_list.o)
                0x0000000023008b5a                utils_list_init
 .text.utils_list_pop_front
                0x0000000023008b64        0xc /home/melody/work/BL602_Demo/bl_iot_sdk/customer_app/sdk_app_timer/build_out/utils/libutils.a(utils_list.o)
                0x0000000023008b64                utils_list_pop_front
 .text.utils_hexdump
                0x0000000023008b70       0xf0 /home/melody/work/BL602_Demo/bl_iot_sdk/customer_app/sdk_app_timer/build_out/utils/libutils.a(utils_hexdump.o)
                0x0000000023008b70                utils_hexdump
 .text.utils_time_date_from_epoch
                0x0000000023008c60      0x140 /home/melody/work/BL602_Demo/bl_iot_sdk/customer_app/sdk_app_timer/build_out/utils/libutils.a(utils_time.o)
                0x0000000023008c60                utils_time_date_from_epoch
 .text.aos_register_driver
                0x0000000023008da0       0x88 /home/melody/work/BL602_Demo/bl_iot_sdk/customer_app/sdk_app_timer/build_out/vfs/libvfs.a(vfs_register.o)
                0x0000000023008da0                aos_register_driver
 .text.vfs_uart_notify
                0x0000000023008e28       0x26 /home/melody/work/BL602_Demo/bl_iot_sdk/customer_app/sdk_app_timer/build_out/vfs/libvfs.a(vfs_uart.o)
                0x0000000023008e28                vfs_uart_notify
 .text.vfs_uart_open
                0x0000000023008e4e       0x3a /home/melody/work/BL602_Demo/bl_iot_sdk/customer_app/sdk_app_timer/build_out/vfs/libvfs.a(vfs_uart.o)
                0x0000000023008e4e                vfs_uart_open
 .text.vfs_uart_close
                0x0000000023008e88       0x40 /home/melody/work/BL602_Demo/bl_iot_sdk/customer_app/sdk_app_timer/build_out/vfs/libvfs.a(vfs_uart.o)
                0x0000000023008e88                vfs_uart_close
 .text.vfs_uart_read
                0x0000000023008ec8       0xe0 /home/melody/work/BL602_Demo/bl_iot_sdk/customer_app/sdk_app_timer/build_out/vfs/libvfs.a(vfs_uart.o)
                0x0000000023008ec8                vfs_uart_read
 .text.vfs_uart_poll
                0x0000000023008fa8       0xaa /home/melody/work/BL602_Demo/bl_iot_sdk/customer_app/sdk_app_timer/build_out/vfs/libvfs.a(vfs_uart.o)
                0x0000000023008fa8                vfs_uart_poll
 .text.vfs_uart_write
                0x0000000023009052       0x5c /home/melody/work/BL602_Demo/bl_iot_sdk/customer_app/sdk_app_timer/build_out/vfs/libvfs.a(vfs_uart.o)
                0x0000000023009052                vfs_uart_write
 .text.vfs_uart_sync
                0x00000000230090ae       0x40 /home/melody/work/BL602_Demo/bl_iot_sdk/customer_app/sdk_app_timer/build_out/vfs/libvfs.a(vfs_uart.o)
                0x00000000230090ae                vfs_uart_sync
 .text.uart_notify
                0x00000000230090ee       0x56 /home/melody/work/BL602_Demo/bl_iot_sdk/customer_app/sdk_app_timer/build_out/vfs/libvfs.a(vfs_uart.o)
 .text.uart_ioctl_cmd_waimode
                0x0000000023009144       0xee /home/melody/work/BL602_Demo/bl_iot_sdk/customer_app/sdk_app_timer/build_out/vfs/libvfs.a(vfs_uart.o)
                0x0000000023009144                uart_ioctl_cmd_waimode
 .text.uart_ioctl_cmd_setconfig
                0x0000000023009232       0x2a /home/melody/work/BL602_Demo/bl_iot_sdk/customer_app/sdk_app_timer/build_out/vfs/libvfs.a(vfs_uart.o)
                0x0000000023009232                uart_ioctl_cmd_setconfig
 .text.vfs_uart_ioctl
                0x000000002300925c       0x92 /home/melody/work/BL602_Demo/bl_iot_sdk/customer_app/sdk_app_timer/build_out/vfs/libvfs.a(vfs_uart.o)
                0x000000002300925c                vfs_uart_ioctl
 .text.UART_Init
                0x00000000230092ee       0xf4 /home/melody/work/BL602_Demo/bl_iot_sdk/customer_app/sdk_app_timer/build_out/bl602_std/libbl602_std.a(bl602_uart.o)
                0x00000000230092ee                UART_Init
 .text.UART_FifoConfig
                0x00000000230093e2       0x6a /home/melody/work/BL602_Demo/bl_iot_sdk/customer_app/sdk_app_timer/build_out/bl602_std/libbl602_std.a(bl602_uart.o)
                0x00000000230093e2                UART_FifoConfig
 .text.UART_Enable
                0x000000002300944c       0x34 /home/melody/work/BL602_Demo/bl_iot_sdk/customer_app/sdk_app_timer/build_out/bl602_std/libbl602_std.a(bl602_uart.o)
                0x000000002300944c                UART_Enable
 .text.UART_Disable
                0x0000000023009480       0x30 /home/melody/work/BL602_Demo/bl_iot_sdk/customer_app/sdk_app_timer/build_out/bl602_std/libbl602_std.a(bl602_uart.o)
                0x0000000023009480                UART_Disable
 .text.UART_SetRxTimeoutValue
                0x00000000230094b0       0x1e /home/melody/work/BL602_Demo/bl_iot_sdk/customer_app/sdk_app_timer/build_out/bl602_std/libbl602_std.a(bl602_uart.o)
                0x00000000230094b0                UART_SetRxTimeoutValue
 .text.UART_TxFreeRun
                0x00000000230094ce       0x24 /home/melody/work/BL602_Demo/bl_iot_sdk/customer_app/sdk_app_timer/build_out/bl602_std/libbl602_std.a(bl602_uart.o)
                0x00000000230094ce                UART_TxFreeRun
 .text.UART_IntMask
                0x00000000230094f2       0x3e /home/melody/work/BL602_Demo/bl_iot_sdk/customer_app/sdk_app_timer/build_out/bl602_std/libbl602_std.a(bl602_uart.o)
                0x00000000230094f2                UART_IntMask
 .text.UART_GetTxFifoCount
                0x0000000023009530       0x18 /home/melody/work/BL602_Demo/bl_iot_sdk/customer_app/sdk_app_timer/build_out/bl602_std/libbl602_std.a(bl602_uart.o)
                0x0000000023009530                UART_GetTxFifoCount
 .text.UART_SendData
                0x0000000023009548       0x72 /home/melody/work/BL602_Demo/bl_iot_sdk/customer_app/sdk_app_timer/build_out/bl602_std/libbl602_std.a(bl602_uart.o)
                0x0000000023009548                UART_SendData
 .text.UART_GetRxFifoCount
                0x00000000230095ba       0x1a /home/melody/work/BL602_Demo/bl_iot_sdk/customer_app/sdk_app_timer/build_out/bl602_std/libbl602_std.a(bl602_uart.o)
                0x00000000230095ba                UART_GetRxFifoCount
 .text.DMA_Enable
                0x00000000230095d4        0xe /home/melody/work/BL602_Demo/bl_iot_sdk/customer_app/sdk_app_timer/build_out/bl602_std/libbl602_std.a(bl602_dma.o)
                0x00000000230095d4                DMA_Enable
 .text.DMA_Channel_Enable
                0x00000000230095e2       0x16 /home/melody/work/BL602_Demo/bl_iot_sdk/customer_app/sdk_app_timer/build_out/bl602_std/libbl602_std.a(bl602_dma.o)
                0x00000000230095e2                DMA_Channel_Enable
 .text.DMA_LLI_Init
                0x00000000230095f8       0x36 /home/melody/work/BL602_Demo/bl_iot_sdk/customer_app/sdk_app_timer/build_out/bl602_std/libbl602_std.a(bl602_dma.o)
                0x00000000230095f8                DMA_LLI_Init
 .text.DMA_LLI_Update
                0x000000002300962e       0x16 /home/melody/work/BL602_Demo/bl_iot_sdk/customer_app/sdk_app_timer/build_out/bl602_std/libbl602_std.a(bl602_dma.o)
                0x000000002300962e                DMA_LLI_Update
 .text.DMA_IntMask
                0x0000000023009644       0x7c /home/melody/work/BL602_Demo/bl_iot_sdk/customer_app/sdk_app_timer/build_out/bl602_std/libbl602_std.a(bl602_dma.o)
                0x0000000023009644                DMA_IntMask
 .text.Default_Handler
                0x00000000230096c0        0xa /home/melody/work/BL602_Demo/bl_iot_sdk/customer_app/sdk_app_timer/build_out/bl602_std/libbl602_std.a(bl602_common.o)
                0x00000000230096c0                Default_Handler
 .text.GLB_Set_UART_CLK
                0x00000000230096ca       0x3e /home/melody/work/BL602_Demo/bl_iot_sdk/customer_app/sdk_app_timer/build_out/bl602_std/libbl602_std.a(bl602_glb.o)
                0x00000000230096ca                GLB_Set_UART_CLK
 .text.GLB_AHB_Slave1_Reset
                0x0000000023009708       0x34 /home/melody/work/BL602_Demo/bl_iot_sdk/customer_app/sdk_app_timer/build_out/bl602_std/libbl602_std.a(bl602_glb.o)
                0x0000000023009708                GLB_AHB_Slave1_Reset
 .text.GLB_UART_Fun_Sel
                0x000000002300973c       0x24 /home/melody/work/BL602_Demo/bl_iot_sdk/customer_app/sdk_app_timer/build_out/bl602_std/libbl602_std.a(bl602_glb.o)
                0x000000002300973c                GLB_UART_Fun_Sel
 .text.HBN_Set_UART_CLK_Sel
                0x0000000023009760       0x12 /home/melody/work/BL602_Demo/bl_iot_sdk/customer_app/sdk_app_timer/build_out/bl602_std/libbl602_std.a(bl602_hbn.o)
                0x0000000023009760                HBN_Set_UART_CLK_Sel
 .text.HBN_Get_RTC_Timer_Val
                0x0000000023009772       0x28 /home/melody/work/BL602_Demo/bl_iot_sdk/customer_app/sdk_app_timer/build_out/bl602_std/libbl602_std.a(bl602_hbn.o)
                0x0000000023009772                HBN_Get_RTC_Timer_Val
 .text.TIMER_SetCompValue
                0x000000002300979a       0x18 /home/melody/work/BL602_Demo/bl_iot_sdk/customer_app/sdk_app_timer/build_out/bl602_std/libbl602_std.a(bl602_timer.o)
                0x000000002300979a                TIMER_SetCompValue
 .text.TIMER_SetCountMode
                0x00000000230097b2       0x22 /home/melody/work/BL602_Demo/bl_iot_sdk/customer_app/sdk_app_timer/build_out/bl602_std/libbl602_std.a(bl602_timer.o)
                0x00000000230097b2                TIMER_SetCountMode
 .text.TIMER_ClearIntStatus
                0x00000000230097d4       0x1a /home/melody/work/BL602_Demo/bl_iot_sdk/customer_app/sdk_app_timer/build_out/bl602_std/libbl602_std.a(bl602_timer.o)
                0x00000000230097d4                TIMER_ClearIntStatus
 .text.TIMER_Init
                0x00000000230097ee       0xc0 /home/melody/work/BL602_Demo/bl_iot_sdk/customer_app/sdk_app_timer/build_out/bl602_std/libbl602_std.a(bl602_timer.o)
                0x00000000230097ee                TIMER_Init
 .text.TIMER_Enable
                0x00000000230098ae       0x18 /home/melody/work/BL602_Demo/bl_iot_sdk/customer_app/sdk_app_timer/build_out/bl602_std/libbl602_std.a(bl602_timer.o)
                0x00000000230098ae                TIMER_Enable
 .text.TIMER_Disable
                0x00000000230098c6       0x1c /home/melody/work/BL602_Demo/bl_iot_sdk/customer_app/sdk_app_timer/build_out/bl602_std/libbl602_std.a(bl602_timer.o)
                0x00000000230098c6                TIMER_Disable
 .text.TIMER_IntMask
                0x00000000230098e2       0x66 /home/melody/work/BL602_Demo/bl_iot_sdk/customer_app/sdk_app_timer/build_out/bl602_std/libbl602_std.a(bl602_timer.o)
                0x00000000230098e2                TIMER_IntMask
 .text.bflb_platform_usart_dbg_send
                0x0000000023009948        0xa /home/melody/work/BL602_Demo/bl_iot_sdk/customer_app/sdk_app_timer/build_out/bl602_std/libbl602_std.a(platform_device.o)
                0x0000000023009948                bflb_platform_usart_dbg_send
 .text.bflb_platform_printf
                0x0000000023009952       0x4e /home/melody/work/BL602_Demo/bl_iot_sdk/customer_app/sdk_app_timer/build_out/bl602_std/libbl602_std.a(platform_device.o)
                0x0000000023009952                bflb_platform_printf
 .text.Default_Handler_Stub
                0x00000000230099a0       0x9c /home/melody/work/BL602_Demo/bl_iot_sdk/customer_app/sdk_app_timer/build_out/bl602_std/libbl602_std.a(interrupt.o)
                0x00000000230099a0                HBN_OUT0_IRQHandler
                0x00000000230099a0                L1C_BMX_TO_IRQHandler
                0x00000000230099a0                IRTX_IRQHandler
                0x00000000230099a0                TIMER_CH0_IRQHandler
                0x00000000230099a0                SDIO_IRQHandler
                0x00000000230099a0                WIFI_IPC_PUBLIC_IRQHandler
                0x00000000230099a0                DMA_BMX_ERR_IRQHandler
                0x00000000230099a0                MAC_RX_TRG_IRQHandler
                0x00000000230099a0                EFUSE_IRQHandler
                0x00000000230099a0                TIMER_WDT_IRQHandler
                0x00000000230099a0                MAC_TXRX_TIMER_IRQHandler
                0x00000000230099a0                MAC_GEN_IRQHandler
                0x00000000230099a0                clic_csoft_handler
                0x00000000230099a0                BOR_IRQHandler
                0x00000000230099a0                MAC_PORT_TRG_IRQHandler
                0x00000000230099a0                SPI_IRQHandler
                0x00000000230099a0                HBN_OUT1_IRQHandler
                0x00000000230099a0                SEC_BMX_ERR_IRQHandler
                0x00000000230099a0                SF_CTRL_IRQHandler
                0x00000000230099a0                RF_TOP_INT0_IRQHandler
                0x00000000230099a0                MAC_TXRX_MISC_IRQHandler
                0x00000000230099a0                BZ_PHY_IRQHandler
                0x00000000230099a0                DMA_ALL_IRQHandler
                0x00000000230099a0                SEC_GMAC_IRQHandler
                0x00000000230099a0                BMX_ERR_IRQHandler
                0x00000000230099a0                SEC_PKA_IRQHandler
                0x00000000230099a0                TIMER_CH1_IRQHandler
                0x00000000230099a0                clic_msip_handler
                0x00000000230099a0                I2C_IRQHandler
                0x00000000230099a0                SEC_TRNG_IRQHandler
                0x00000000230099a0                GPIO_INT0_IRQHandler
                0x00000000230099a0                IRRX_IRQHandler
                0x00000000230099a0                L1C_BMX_ERR_IRQHandler
                0x00000000230099a0                BMX_TO_IRQHandler
                0x00000000230099a0                SEC_CDET_IRQHandler
                0x00000000230099a0                WIFI_IRQHandler
                0x00000000230099a0                clic_mtimer_handler
                0x00000000230099a0                PDS_WAKEUP_IRQHandler
                0x00000000230099a0                GPADC_DMA_IRQHandler
                0x00000000230099a0                BLE_IRQHandler
                0x00000000230099a0                PWM_IRQHandler
                0x00000000230099a0                MAC_TX_TRG_IRQHandler
                0x00000000230099a0                clic_mext_handler
                0x00000000230099a0                RF_TOP_INT1_IRQHandler
                0x00000000230099a0                SEC_AES_IRQHandler
                0x00000000230099a0                SEC_SHA_IRQHandler
                0x00000000230099a0                Default_Handler_Stub
 .text.misaligned_load_trap
                0x0000000023009a3c      0x152 /home/melody/work/BL602_Demo/bl_iot_sdk/customer_app/sdk_app_timer/build_out/freertos_riscv_ram/libfreertos_riscv_ram.a(misaligned_ldst.o)
                0x0000000023009a3c                misaligned_load_trap
 .text.misaligned_store_trap
                0x0000000023009b8e      0x14c /home/melody/work/BL602_Demo/bl_iot_sdk/customer_app/sdk_app_timer/build_out/freertos_riscv_ram/libfreertos_riscv_ram.a(misaligned_ldst.o)
                0x0000000023009b8e                misaligned_store_trap
 .text          0x0000000023009cda      0x200 /home/melody/work/BL602_Demo/bl_iot_sdk/customer_app/sdk_app_timer/build_out/freertos_riscv_ram/libfreertos_riscv_ram.a(fp_asm.o)
                0x0000000023009cda                get_f32_reg
                0x0000000023009dda                put_f32_reg
 .text.backtrace_riscv
                0x0000000023009eda        0x4 /home/melody/work/BL602_Demo/bl_iot_sdk/customer_app/sdk_app_timer/build_out/freertos_riscv_ram/libfreertos_riscv_ram.a(panic_c.o)
                0x0000000023009eda                backtrace_riscv
                0x0000000023009eda                backtrace_now
 *fill*         0x0000000023009ede        0x2 
 .text          0x0000000023009ee0       0xf4 /home/melody/work/BL602_Demo/bl_iot_sdk/toolchain/riscv/Linux/bin/../lib/gcc/riscv64-unknown-elf/8.3.0/../../../../riscv64-unknown-elf/lib/rv32imf/ilp32f/libm.a(lib_a-s_modf.o)
                0x0000000023009ee0                modf
 .text          0x0000000023009fd4       0x4c /home/melody/work/BL602_Demo/bl_iot_sdk/toolchain/riscv/Linux/bin/../lib/gcc/riscv64-unknown-elf/8.3.0/rv32imf/ilp32f/libgcc.a(_clzsi2.o)
                0x0000000023009fd4                __clzsi2
 .text          0x000000002300a020      0x480 /home/melody/work/BL602_Demo/bl_iot_sdk/toolchain/riscv/Linux/bin/../lib/gcc/riscv64-unknown-elf/8.3.0/rv32imf/ilp32f/libgcc.a(_divdi3.o)
                0x000000002300a020                __divdi3
 .text          0x000000002300a4a0      0x458 /home/melody/work/BL602_Demo/bl_iot_sdk/toolchain/riscv/Linux/bin/../lib/gcc/riscv64-unknown-elf/8.3.0/rv32imf/ilp32f/libgcc.a(_moddi3.o)
                0x000000002300a4a0                __moddi3
 .text          0x000000002300a8f8      0x434 /home/melody/work/BL602_Demo/bl_iot_sdk/toolchain/riscv/Linux/bin/../lib/gcc/riscv64-unknown-elf/8.3.0/rv32imf/ilp32f/libgcc.a(_udivdi3.o)
                0x000000002300a8f8                __udivdi3
 .text          0x000000002300ad2c      0x410 /home/melody/work/BL602_Demo/bl_iot_sdk/toolchain/riscv/Linux/bin/../lib/gcc/riscv64-unknown-elf/8.3.0/rv32imf/ilp32f/libgcc.a(_umoddi3.o)
                0x000000002300ad2c                __umoddi3
 .text          0x000000002300b13c      0xb50 /home/melody/work/BL602_Demo/bl_iot_sdk/toolchain/riscv/Linux/bin/../lib/gcc/riscv64-unknown-elf/8.3.0/rv32imf/ilp32f/libgcc.a(adddf3.o)
                0x000000002300b13c                __adddf3
 .text          0x000000002300bc8c      0x8ac /home/melody/work/BL602_Demo/bl_iot_sdk/toolchain/riscv/Linux/bin/../lib/gcc/riscv64-unknown-elf/8.3.0/rv32imf/ilp32f/libgcc.a(divdf3.o)
                0x000000002300bc8c                __divdf3
 .text          0x000000002300c538       0xc8 /home/melody/work/BL602_Demo/bl_iot_sdk/toolchain/riscv/Linux/bin/../lib/gcc/riscv64-unknown-elf/8.3.0/rv32imf/ilp32f/libgcc.a(eqdf2.o)
                0x000000002300c538                __eqdf2
                0x000000002300c538                __nedf2
 .text          0x000000002300c600       0xec /home/melody/work/BL602_Demo/bl_iot_sdk/toolchain/riscv/Linux/bin/../lib/gcc/riscv64-unknown-elf/8.3.0/rv32imf/ilp32f/libgcc.a(gedf2.o)
                0x000000002300c600                __gtdf2
                0x000000002300c600                __gedf2
 .text          0x000000002300c6ec       0xec /home/melody/work/BL602_Demo/bl_iot_sdk/toolchain/riscv/Linux/bin/../lib/gcc/riscv64-unknown-elf/8.3.0/rv32imf/ilp32f/libgcc.a(ledf2.o)
                0x000000002300c6ec                __ltdf2
                0x000000002300c6ec                __ledf2
 .text          0x000000002300c7d8      0x79c /home/melody/work/BL602_Demo/bl_iot_sdk/toolchain/riscv/Linux/bin/../lib/gcc/riscv64-unknown-elf/8.3.0/rv32imf/ilp32f/libgcc.a(muldf3.o)
                0x000000002300c7d8                __muldf3
 .text          0x000000002300cf74      0xb38 /home/melody/work/BL602_Demo/bl_iot_sdk/toolchain/riscv/Linux/bin/../lib/gcc/riscv64-unknown-elf/8.3.0/rv32imf/ilp32f/libgcc.a(subdf3.o)
                0x000000002300cf74                __subdf3
 .text          0x000000002300daac       0xfc /home/melody/work/BL602_Demo/bl_iot_sdk/toolchain/riscv/Linux/bin/../lib/gcc/riscv64-unknown-elf/8.3.0/rv32imf/ilp32f/libgcc.a(fixdfsi.o)
                0x000000002300daac                __fixdfsi
 .text          0x000000002300dba8       0x18 /home/melody/work/BL602_Demo/bl_iot_sdk/toolchain/riscv/Linux/bin/../lib/gcc/riscv64-unknown-elf/8.3.0/../../../../riscv64-unknown-elf/lib/rv32imf/ilp32f/libc.a(lib_a-atoi.o)
                0x000000002300dba8                atoi
                0x000000002300dbb4                _atoi_r
 .text          0x000000002300dbc0        0xc /home/melody/work/BL602_Demo/bl_iot_sdk/toolchain/riscv/Linux/bin/../lib/gcc/riscv64-unknown-elf/8.3.0/../../../../riscv64-unknown-elf/lib/rv32imf/ilp32f/libc.a(lib_a-errno.o)
                0x000000002300dbc0                __errno
 .text          0x000000002300dbcc       0xdc /home/melody/work/BL602_Demo/bl_iot_sdk/toolchain/riscv/Linux/bin/../lib/gcc/riscv64-unknown-elf/8.3.0/../../../../riscv64-unknown-elf/lib/rv32imf/ilp32f/libc.a(lib_a-memchr.o)
                0x000000002300dbcc                memchr
 .text          0x000000002300dca8       0x88 /home/melody/work/BL602_Demo/bl_iot_sdk/toolchain/riscv/Linux/bin/../lib/gcc/riscv64-unknown-elf/8.3.0/../../../../riscv64-unknown-elf/lib/rv32imf/ilp32f/libc.a(lib_a-memcmp.o)
                0x000000002300dca8                memcmp
 .text          0x000000002300dd30      0x11c /home/melody/work/BL602_Demo/bl_iot_sdk/toolchain/riscv/Linux/bin/../lib/gcc/riscv64-unknown-elf/8.3.0/../../../../riscv64-unknown-elf/lib/rv32imf/ilp32f/libc.a(lib_a-memcpy.o)
                0x000000002300dd30                memcpy
 .text          0x000000002300de4c       0xdc /home/melody/work/BL602_Demo/bl_iot_sdk/toolchain/riscv/Linux/bin/../lib/gcc/riscv64-unknown-elf/8.3.0/../../../../riscv64-unknown-elf/lib/rv32imf/ilp32f/libc.a(lib_a-memset.o)
                0x000000002300de4c                memset
 .text          0x000000002300df28      0x16c /home/melody/work/BL602_Demo/bl_iot_sdk/toolchain/riscv/Linux/bin/../lib/gcc/riscv64-unknown-elf/8.3.0/../../../../riscv64-unknown-elf/lib/rv32imf/ilp32f/libc.a(lib_a-strchr.o)
                0x000000002300df28                strchr
 .text          0x000000002300e094      0x17c /home/melody/work/BL602_Demo/bl_iot_sdk/toolchain/riscv/Linux/bin/../lib/gcc/riscv64-unknown-elf/8.3.0/../../../../riscv64-unknown-elf/lib/rv32imf/ilp32f/libc.a(lib_a-strcmp.o)
                0x000000002300e094                strcmp
 .text          0x000000002300e210       0xb0 /home/melody/work/BL602_Demo/bl_iot_sdk/toolchain/riscv/Linux/bin/../lib/gcc/riscv64-unknown-elf/8.3.0/../../../../riscv64-unknown-elf/lib/rv32imf/ilp32f/libc.a(lib_a-strcpy.o)
                0x000000002300e210                strcpy
 .text          0x000000002300e2c0       0x8c /home/melody/work/BL602_Demo/bl_iot_sdk/toolchain/riscv/Linux/bin/../lib/gcc/riscv64-unknown-elf/8.3.0/../../../../riscv64-unknown-elf/lib/rv32imf/ilp32f/libc.a(lib_a-strlen.o)
                0x000000002300e2c0                strlen
 .text          0x000000002300e34c       0xf0 /home/melody/work/BL602_Demo/bl_iot_sdk/toolchain/riscv/Linux/bin/../lib/gcc/riscv64-unknown-elf/8.3.0/../../../../riscv64-unknown-elf/lib/rv32imf/ilp32f/libc.a(lib_a-strncmp.o)
                0x000000002300e34c                strncmp
 .text          0x000000002300e43c       0xcc /home/melody/work/BL602_Demo/bl_iot_sdk/toolchain/riscv/Linux/bin/../lib/gcc/riscv64-unknown-elf/8.3.0/../../../../riscv64-unknown-elf/lib/rv32imf/ilp32f/libc.a(lib_a-strncpy.o)
                0x000000002300e43c                strncpy
 .text          0x000000002300e508       0x44 /home/melody/work/BL602_Demo/bl_iot_sdk/toolchain/riscv/Linux/bin/../lib/gcc/riscv64-unknown-elf/8.3.0/../../../../riscv64-unknown-elf/lib/rv32imf/ilp32f/libc.a(lib_a-strnlen.o)
                0x000000002300e508                strnlen