Archive member included to satisfy reference by file (symbol)

/home/melody/work/BL602_Demo/bl_iot_sdk/customer_app/sdk_app_easyflash/build_out/bl602/libbl602.a(start.o)
                              (bl602_start)
/home/melody/work/BL602_Demo/bl_iot_sdk/customer_app/sdk_app_easyflash/build_out/hal_drv/libhal_drv.a(hal_boot2.o)
                              /home/melody/work/BL602_Demo/bl_iot_sdk/customer_app/sdk_app_easyflash/build_out/bl602/libbl602.a(start.o) (hal_boot2_get_flash_addr)
/home/melody/work/BL602_Demo/bl_iot_sdk/customer_app/sdk_app_easyflash/build_out/hal_drv/libhal_drv.a(bl_boot2.o)
                              /home/melody/work/BL602_Demo/bl_iot_sdk/customer_app/sdk_app_easyflash/build_out/hal_drv/libhal_drv.a(hal_boot2.o) (PtTable_Update_Entry)
/home/melody/work/BL602_Demo/bl_iot_sdk/customer_app/sdk_app_easyflash/build_out/hal_drv/libhal_drv.a(bl_flash.o)
                              /home/melody/work/BL602_Demo/bl_iot_sdk/customer_app/sdk_app_easyflash/build_out/hal_drv/libhal_drv.a(bl_boot2.o) (bl_flash_erase)
/home/melody/work/BL602_Demo/bl_iot_sdk/customer_app/sdk_app_easyflash/build_out/sdk_app_easyflash/libsdk_app_easyflash.a(main.o)
                              /home/melody/work/BL602_Demo/bl_iot_sdk/customer_app/sdk_app_easyflash/build_out/bl602/libbl602.a(start.o) (bfl_main)
/home/melody/work/BL602_Demo/bl_iot_sdk/customer_app/sdk_app_easyflash/build_out/utils/libutils.a(utils_log.o)
                              /home/melody/work/BL602_Demo/bl_iot_sdk/customer_app/sdk_app_easyflash/build_out/hal_drv/libhal_drv.a(hal_boot2.o) (bl_printk)
/home/melody/work/BL602_Demo/bl_iot_sdk/customer_app/sdk_app_easyflash/build_out/vfs/libvfs.a(vfs.o)
                              /home/melody/work/BL602_Demo/bl_iot_sdk/customer_app/sdk_app_easyflash/build_out/sdk_app_easyflash/libsdk_app_easyflash.a(main.o) (vfs_init)
/home/melody/work/BL602_Demo/bl_iot_sdk/customer_app/sdk_app_easyflash/build_out/vfs/libvfs.a(vfs_file.o)
                              /home/melody/work/BL602_Demo/bl_iot_sdk/customer_app/sdk_app_easyflash/build_out/vfs/libvfs.a(vfs.o) (new_file)
/home/melody/work/BL602_Demo/bl_iot_sdk/customer_app/sdk_app_easyflash/build_out/vfs/libvfs.a(vfs_inode.o)
                              /home/melody/work/BL602_Demo/bl_iot_sdk/customer_app/sdk_app_easyflash/build_out/vfs/libvfs.a(vfs.o) (inode_init)
/home/melody/work/BL602_Demo/bl_iot_sdk/customer_app/sdk_app_easyflash/build_out/yloop/libyloop.a(yloop.o)
                              /home/melody/work/BL602_Demo/bl_iot_sdk/customer_app/sdk_app_easyflash/build_out/sdk_app_easyflash/libsdk_app_easyflash.a(main.o) (aos_loop_init)
/home/melody/work/BL602_Demo/bl_iot_sdk/customer_app/sdk_app_easyflash/build_out/yloop/libyloop.a(select.o)
                              /home/melody/work/BL602_Demo/bl_iot_sdk/customer_app/sdk_app_easyflash/build_out/yloop/libyloop.a(yloop.o) (aos_poll)
/home/melody/work/BL602_Demo/bl_iot_sdk/customer_app/sdk_app_easyflash/build_out/yloop/libyloop.a(aos_freertos.o)
                              /home/melody/work/BL602_Demo/bl_iot_sdk/customer_app/sdk_app_easyflash/build_out/yloop/libyloop.a(yloop.o) (aos_task_key_create)
/home/melody/work/BL602_Demo/bl_iot_sdk/customer_app/sdk_app_easyflash/build_out/yloop/libyloop.a(device.o)
                              /home/melody/work/BL602_Demo/bl_iot_sdk/customer_app/sdk_app_easyflash/build_out/sdk_app_easyflash/libsdk_app_easyflash.a(main.o) (vfs_device_init)
/home/melody/work/BL602_Demo/bl_iot_sdk/customer_app/sdk_app_easyflash/build_out/yloop/libyloop.a(local_event.o)
                              /home/melody/work/BL602_Demo/bl_iot_sdk/customer_app/sdk_app_easyflash/build_out/yloop/libyloop.a(yloop.o) (aos_event_service_init)
/home/melody/work/BL602_Demo/bl_iot_sdk/customer_app/sdk_app_easyflash/build_out/bl602/libbl602.a(debug.o)
                              /home/melody/work/BL602_Demo/bl_iot_sdk/customer_app/sdk_app_easyflash/build_out/utils/libutils.a(utils_log.o) (vprint)
/home/melody/work/BL602_Demo/bl_iot_sdk/customer_app/sdk_app_easyflash/build_out/bl602_std/libbl602_std.a(bl602_glb.o)
                              /home/melody/work/BL602_Demo/bl_iot_sdk/customer_app/sdk_app_easyflash/build_out/sdk_app_easyflash/libsdk_app_easyflash.a(main.o) (GLB_Set_EM_Sel)
/home/melody/work/BL602_Demo/bl_iot_sdk/customer_app/sdk_app_easyflash/build_out/bl602_std/libbl602_std.a(bl602_hbn.o)
                              /home/melody/work/BL602_Demo/bl_iot_sdk/customer_app/sdk_app_easyflash/build_out/bl602_std/libbl602_std.a(bl602_glb.o) (HBN_Set_UART_CLK_Sel)
/home/melody/work/BL602_Demo/bl_iot_sdk/customer_app/sdk_app_easyflash/build_out/bl602_std/libbl602_std.a(bl602_aon.o)
                              /home/melody/work/BL602_Demo/bl_iot_sdk/customer_app/sdk_app_easyflash/build_out/bl602_std/libbl602_std.a(bl602_glb.o) (AON_Power_On_XTAL)
/home/melody/work/BL602_Demo/bl_iot_sdk/customer_app/sdk_app_easyflash/build_out/bl602_std/libbl602_std.a(bl602_pds.o)
[...]
Memory Configuration

Name             Origin             Length             Attributes
rom              0x0000000021015000 0x000000000000b000 axrl !w
flash            0x0000000023000000 0x0000000000400000 axrl !w
ram_tcm          0x000000004200c000 0x0000000000036000 axw
ram_wifi         0x0000000042042000 0x000000000000a000 axw
*default*        0x0000000000000000 0xffffffffffffffff

Linker script and memory map

START GROUP
LOAD /home/melody/work/BL602_Demo/bl_iot_sdk/customer_app/sdk_app_easyflash/build_out/bl602/libbl602.a
LOAD /home/melody/work/BL602_Demo/bl_iot_sdk/customer_app/sdk_app_easyflash/build_out/bl602_std/libbl602_std.a
LOAD /home/melody/work/BL602_Demo/bl_iot_sdk/customer_app/sdk_app_easyflash/build_out/blfdt/libblfdt.a
LOAD /home/melody/work/BL602_Demo/bl_iot_sdk/customer_app/sdk_app_easyflash/build_out/blmtd/libblmtd.a
LOAD /home/melody/work/BL602_Demo/bl_iot_sdk/customer_app/sdk_app_easyflash/build_out/blog/libblog.a
LOAD /home/melody/work/BL602_Demo/bl_iot_sdk/customer_app/sdk_app_easyflash/build_out/blog_testc/libblog_testc.a
LOAD /home/melody/work/BL602_Demo/bl_iot_sdk/customer_app/sdk_app_easyflash/build_out/bloop/libbloop.a
LOAD /home/melody/work/BL602_Demo/bl_iot_sdk/customer_app/sdk_app_easyflash/build_out/bltime/libbltime.a
LOAD /home/melody/work/BL602_Demo/bl_iot_sdk/customer_app/sdk_app_easyflash/build_out/cli/libcli.a
LOAD /home/melody/work/BL602_Demo/bl_iot_sdk/customer_app/sdk_app_easyflash/build_out/easyflash4/libeasyflash4.a
LOAD /home/melody/work/BL602_Demo/bl_iot_sdk/customer_app/sdk_app_easyflash/build_out/freertos_riscv_ram/libfreertos_riscv_ram.a
LOAD /home/melody/work/BL602_Demo/bl_iot_sdk/customer_app/sdk_app_easyflash/build_out/hal_drv/libhal_drv.a
LOAD /home/melody/work/BL602_Demo/bl_iot_sdk/customer_app/sdk_app_easyflash/build_out/looprt/liblooprt.a
LOAD /home/melody/work/BL602_Demo/bl_iot_sdk/customer_app/sdk_app_easyflash/build_out/loopset/libloopset.a
LOAD /home/melody/work/BL602_Demo/bl_iot_sdk/customer_app/sdk_app_easyflash/build_out/romfs/libromfs.a
LOAD /home/melody/work/BL602_Demo/bl_iot_sdk/customer_app/sdk_app_easyflash/build_out/sdk_app_easyflash/libsdk_app_easyflash.a
LOAD /home/melody/work/BL602_Demo/bl_iot_sdk/customer_app/sdk_app_easyflash/build_out/utils/libutils.a
LOAD /home/melody/work/BL602_Demo/bl_iot_sdk/customer_app/sdk_app_easyflash/build_out/vfs/libvfs.a
LOAD /home/melody/work/BL602_Demo/bl_iot_sdk/customer_app/sdk_app_easyflash/build_out/yloop/libyloop.a
END GROUP
LOAD /home/melody/work/BL602_Demo/bl_iot_sdk/toolchain/riscv/Linux/bin/../lib/gcc/riscv64-unknown-elf/8.3.0/../../../../riscv64-unknown-elf/lib/rv32imf/ilp32f/libm.a
LOAD /home/melody/work/BL602_Demo/bl_iot_sdk/toolchain/riscv/Linux/bin/../lib/gcc/riscv64-unknown-elf/8.3.0/rv32imf/ilp32f/libgcc.a
START GROUP
LOAD /home/melody/work/BL602_Demo/bl_iot_sdk/toolchain/riscv/Linux/bin/../lib/gcc/riscv64-unknown-elf/8.3.0/../../../../riscv64-unknown-elf/lib/rv32imf/ilp32f/libc.a
LOAD /home/melody/work/BL602_Demo/bl_iot_sdk/toolchain/riscv/Linux/bin/../lib/gcc/riscv64-unknown-elf/8.3.0/../../../../riscv64-unknown-elf/lib/rv32imf/ilp32f/libgloss.a
END GROUP
LOAD /home/melody/work/BL602_Demo/bl_iot_sdk/toolchain/riscv/Linux/bin/../lib/gcc/riscv64-unknown-elf/8.3.0/rv32imf/ilp32f/libgcc.a
                0x0000000000000000                __EM_SIZE = DEFINED (ble_controller_init)?0x2000:0x0
                0x0000000000000800                __stack_size = DEFINED (__stack_size)?__stack_size:0x800
                0x0000000042049c00                BOOT2_PT_ADDR = 0x42049c00
                0x0000000042049c18                BOOT2_FLASHCFG_ADDR = 0x42049c18

.init           0x0000000023000000      0x242
 *(SORT_NONE(.init))
 .init          0x0000000023000000       0xf6 /home/melody/work/BL602_Demo/bl_iot_sdk/customer_app/sdk_app_easyflash/build_out/bl602/libbl602.a(start.o)
                0x0000000023000000                bl602_start
 *fill*         0x00000000230000f6        0xa 
 .init          0x0000000023000100      0x142 /home/melody/work/BL602_Demo/bl_iot_sdk/customer_app/sdk_app_easyflash/build_out/bl602_std/libbl602_std.a(interrupt.o)
                0x0000000023000100                __Vectors

.text           0x0000000023000300    0x115fc
 *(.text.unlikely .text.unlikely.*)
 *(.text.startup .text.startup.*)
 *(.text .text.*)
 .text._dump_partition
                0x0000000023000300      0x148 /home/melody/work/BL602_Demo/bl_iot_sdk/customer_app/sdk_app_easyflash/build_out/hal_drv/libhal_drv.a(hal_boot2.o)
 .text.hal_boot2_get_flash_addr
                0x0000000023000448       0x18 /home/melody/work/BL602_Demo/bl_iot_sdk/customer_app/sdk_app_easyflash/build_out/hal_drv/libhal_drv.a(hal_boot2.o)
                0x0000000023000448                hal_boot2_get_flash_addr
 .text.hal_boot2_partition_bus_addr
                0x0000000023000460      0x170 /home/melody/work/BL602_Demo/bl_iot_sdk/customer_app/sdk_app_easyflash/build_out/hal_drv/libhal_drv.a(hal_boot2.o)
                0x0000000023000460                hal_boot2_partition_bus_addr
 .text.hal_boot2_partition_bus_addr_active
                0x00000000230005d0       0x3a /home/melody/work/BL602_Demo/bl_iot_sdk/customer_app/sdk_app_easyflash/build_out/hal_drv/libhal_drv.a(hal_boot2.o)
                0x00000000230005d0                hal_boot2_partition_bus_addr_active
 .text.hal_boot2_partition_bus_addr_inactive
                0x000000002300060a       0x3a /home/melody/work/BL602_Demo/bl_iot_sdk/customer_app/sdk_app_easyflash/build_out/hal_drv/libhal_drv.a(hal_boot2.o)
                0x000000002300060a                hal_boot2_partition_bus_addr_inactive
 .text.hal_boot2_partition_addr
                0x0000000023000644       0xb8 /home/melody/work/BL602_Demo/bl_iot_sdk/customer_app/sdk_app_easyflash/build_out/hal_drv/libhal_drv.a(hal_boot2.o)
                0x0000000023000644                hal_boot2_partition_addr
 .text.hal_boot2_partition_addr_active
                0x00000000230006fc       0x3a /home/melody/work/BL602_Demo/bl_iot_sdk/customer_app/sdk_app_easyflash/build_out/hal_drv/libhal_drv.a(hal_boot2.o)
                0x00000000230006fc                hal_boot2_partition_addr_active
 .text.hal_boot2_partition_addr_inactive
                0x0000000023000736       0x3a /home/melody/work/BL602_Demo/bl_iot_sdk/customer_app/sdk_app_easyflash/build_out/hal_drv/libhal_drv.a(hal_boot2.o)
                0x0000000023000736                hal_boot2_partition_addr_inactive
 .text.hal_boot2_init
                0x0000000023000770       0x7a /home/melody/work/BL602_Demo/bl_iot_sdk/customer_app/sdk_app_easyflash/build_out/hal_drv/libhal_drv.a(hal_boot2.o)
                0x0000000023000770                hal_boot2_init
 .text.bl_flash_erase
                0x00000000230007ea       0x30 /home/melody/work/BL602_Demo/bl_iot_sdk/customer_app/sdk_app_easyflash/build_out/hal_drv/libhal_drv.a(bl_flash.o)
                0x00000000230007ea                bl_flash_erase
 .text.bl_flash_write
                0x000000002300081a       0x32 /home/melody/work/BL602_Demo/bl_iot_sdk/customer_app/sdk_app_easyflash/build_out/hal_drv/libhal_drv.a(bl_flash.o)
                0x000000002300081a                bl_flash_write
 .text.bl_flash_read
                0x000000002300084c       0x32 /home/melody/work/BL602_Demo/bl_iot_sdk/customer_app/sdk_app_easyflash/build_out/hal_drv/libhal_drv.a(bl_flash.o)
                0x000000002300084c                bl_flash_read
 .text.bl_flash_config_update
                0x000000002300087e      0x200 /home/melody/work/BL602_Demo/bl_iot_sdk/customer_app/sdk_app_easyflash/build_out/hal_drv/libhal_drv.a(bl_flash.o)
                0x000000002300087e                bl_flash_config_update
 .text.proc_hellow_entry
                0x0000000023000a7e       0x22 /home/melody/work/BL602_Demo/bl_iot_sdk/customer_app/sdk_app_easyflash/build_out/sdk_app_easyflash/libsdk_app_easyflash.a(main.o)
 .text.aos_loop_proc
                0x0000000023000aa0       0xc0 /home/melody/work/BL602_Demo/bl_iot_sdk/customer_app/sdk_app_easyflash/build_out/sdk_app_easyflash/libsdk_app_easyflash.a(main.o)
 .text.vApplicationStackOverflowHook
                0x0000000023000b60        0x2 /home/melody/work/BL602_Demo/bl_iot_sdk/customer_app/sdk_app_easyflash/build_out/sdk_app_easyflash/libsdk_app_easyflash.a(main.o)
                0x0000000023000b60                vApplicationStackOverflowHook
 .text.vApplicationMallocFailedHook
                0x0000000023000b62       0x1a /home/melody/work/BL602_Demo/bl_iot_sdk/customer_app/sdk_app_easyflash/build_out/sdk_app_easyflash/libsdk_app_easyflash.a(main.o)
                0x0000000023000b62                vApplicationMallocFailedHook
 .text.vApplicationIdleHook
                0x0000000023000b7c        0x6 /home/melody/work/BL602_Demo/bl_iot_sdk/customer_app/sdk_app_easyflash/build_out/sdk_app_easyflash/libsdk_app_easyflash.a(main.o)
                0x0000000023000b7c                vApplicationIdleHook
 .text.vApplicationGetIdleTaskMemory
                0x0000000023000b82       0x1c /home/melody/work/BL602_Demo/bl_iot_sdk/customer_app/sdk_app_easyflash/build_out/sdk_app_easyflash/libsdk_app_easyflash.a(main.o)
                0x0000000023000b82                vApplicationGetIdleTaskMemory
 .text.vApplicationGetTimerTaskMemory
                0x0000000023000b9e       0x1c /home/melody/work/BL602_Demo/bl_iot_sdk/customer_app/sdk_app_easyflash/build_out/sdk_app_easyflash/libsdk_app_easyflash.a(main.o)
                0x0000000023000b9e                vApplicationGetTimerTaskMemory
 .text.vAssertCalled
                0x0000000023000bba       0x18 /home/melody/work/BL602_Demo/bl_iot_sdk/customer_app/sdk_app_easyflash/build_out/sdk_app_easyflash/libsdk_app_easyflash.a(main.o)
                0x0000000023000bba                vAssertCalled
 .text.bfl_main
                0x0000000023000bd2      0x1a4 /home/melody/work/BL602_Demo/bl_iot_sdk/customer_app/sdk_app_easyflash/build_out/sdk_app_easyflash/libsdk_app_easyflash.a(main.o)
                0x0000000023000bd2                bfl_main
 .text.bl_printk
                0x0000000023000d76       0x2a /home/melody/work/BL602_Demo/bl_iot_sdk/customer_app/sdk_app_easyflash/build_out/utils/libutils.a(utils_log.o)
                0x0000000023000d76                bl_printk
 .text.vfs_init
                0x0000000023000da0       0x4a /home/melody/work/BL602_Demo/bl_iot_sdk/customer_app/sdk_app_easyflash/build_out/vfs/libvfs.a(vfs.o)
                0x0000000023000da0                vfs_init
 .text.aos_open
                0x0000000023000dea       0xc6 /home/melody/work/BL602_Demo/bl_iot_sdk/customer_app/sdk_app_easyflash/build_out/vfs/libvfs.a(vfs.o)
                0x0000000023000dea                aos_open
 .text.aos_close
                0x0000000023000eb0       0x58 /home/melody/work/BL602_Demo/bl_iot_sdk/customer_app/sdk_app_easyflash/build_out/vfs/libvfs.a(vfs.o)
                0x0000000023000eb0                aos_close
 .text.aos_read
                0x0000000023000f08       0x2e /home/melody/work/BL602_Demo/bl_iot_sdk/customer_app/sdk_app_easyflash/build_out/vfs/libvfs.a(vfs.o)
                0x0000000023000f08                aos_read
 .text.aos_write
                0x0000000023000f36       0x2e /home/melody/work/BL602_Demo/bl_iot_sdk/customer_app/sdk_app_easyflash/build_out/vfs/libvfs.a(vfs.o)
                0x0000000023000f36                aos_write
 .text.aos_ioctl
                0x0000000023000f64       0x48 /home/melody/work/BL602_Demo/bl_iot_sdk/customer_app/sdk_app_easyflash/build_out/vfs/libvfs.a(vfs.o)
                0x0000000023000f64                aos_ioctl
 .text.aos_stat
                0x0000000023000fac       0xba /home/melody/work/BL602_Demo/bl_iot_sdk/customer_app/sdk_app_easyflash/build_out/vfs/libvfs.a(vfs.o)
                0x0000000023000fac                aos_stat
 .text.aos_opendir
                0x0000000023001066       0xb0 /home/melody/work/BL602_Demo/bl_iot_sdk/customer_app/sdk_app_easyflash/build_out/vfs/libvfs.a(vfs.o)
                0x0000000023001066                aos_opendir
 .text.aos_closedir
                0x0000000023001116       0x70 /home/melody/work/BL602_Demo/bl_iot_sdk/customer_app/sdk_app_easyflash/build_out/vfs/libvfs.a(vfs.o)
                0x0000000023001116                aos_closedir
 .text.aos_readdir
                0x0000000023001186       0x3a /home/melody/work/BL602_Demo/bl_iot_sdk/customer_app/sdk_app_easyflash/build_out/vfs/libvfs.a(vfs.o)
                0x0000000023001186                aos_readdir
 .text.new_file
                0x00000000230011c0       0x46 /home/melody/work/BL602_Demo/bl_iot_sdk/customer_app/sdk_app_easyflash/build_out/vfs/libvfs.a(vfs_file.o)
                0x00000000230011c0                new_file
 .text.del_file
                0x0000000023001206       0x18 /home/melody/work/BL602_Demo/bl_iot_sdk/customer_app/sdk_app_easyflash/build_out/vfs/libvfs.a(vfs_file.o)
                0x0000000023001206                del_file
 .text.get_fd   0x000000002300121e       0x1c /home/melody/work/BL602_Demo/bl_iot_sdk/customer_app/sdk_app_easyflash/build_out/vfs/libvfs.a(vfs_file.o)
                0x000000002300121e                get_fd
 .text.get_file
                0x000000002300123a       0x26 /home/melody/work/BL602_Demo/bl_iot_sdk/customer_app/sdk_app_easyflash/build_out/vfs/libvfs.a(vfs_file.o)
                0x000000002300123a                get_file
 .text.inode_init
                0x0000000023001260       0x1e /home/melody/work/BL602_Demo/bl_iot_sdk/customer_app/sdk_app_easyflash/build_out/vfs/libvfs.a(vfs_inode.o)
                0x0000000023001260                inode_init
 .text.inode_alloc
                0x000000002300127e       0x1e /home/melody/work/BL602_Demo/bl_iot_sdk/customer_app/sdk_app_easyflash/build_out/vfs/libvfs.a(vfs_inode.o)
                0x000000002300127e                inode_alloc
 .text.inode_open
                0x000000002300129c       0x86 /home/melody/work/BL602_Demo/bl_iot_sdk/customer_app/sdk_app_easyflash/build_out/vfs/libvfs.a(vfs_inode.o)
                0x000000002300129c                inode_open
 .text.inode_forearch_name
                0x0000000023001322       0x46 /home/melody/work/BL602_Demo/bl_iot_sdk/customer_app/sdk_app_easyflash/build_out/vfs/libvfs.a(vfs_inode.o)
                0x0000000023001322                inode_forearch_name
 .text.inode_ref
                0x0000000023001368        0xc /home/melody/work/BL602_Demo/bl_iot_sdk/customer_app/sdk_app_easyflash/build_out/vfs/libvfs.a(vfs_inode.o)
                0x0000000023001368                inode_ref
 .text.inode_unref
                0x0000000023001374        0xe /home/melody/work/BL602_Demo/bl_iot_sdk/customer_app/sdk_app_easyflash/build_out/vfs/libvfs.a(vfs_inode.o)
                0x0000000023001374                inode_unref
 .text.inode_reserve
                0x0000000023001382       0x8a /home/melody/work/BL602_Demo/bl_iot_sdk/customer_app/sdk_app_easyflash/build_out/vfs/libvfs.a(vfs_inode.o)
                0x0000000023001382                inode_reserve
 .text.get_context
                0x000000002300140c       0x30 /home/melody/work/BL602_Demo/bl_iot_sdk/customer_app/sdk_app_easyflash/build_out/yloop/libyloop.a(yloop.o)
 .text.aos_loop_set_eventfd
                0x000000002300143c       0x14 /home/melody/work/BL602_Demo/bl_iot_sdk/customer_app/sdk_app_easyflash/build_out/yloop/libyloop.a(yloop.o)
                0x000000002300143c                aos_loop_set_eventfd
 .text.aos_loop_init
                0x0000000023001450       0x7c /home/melody/work/BL602_Demo/bl_iot_sdk/customer_app/sdk_app_easyflash/build_out/yloop/libyloop.a(yloop.o)
                0x0000000023001450                aos_loop_init
 .text.aos_poll_read_fd
                0x00000000230014cc       0xe4 /home/melody/work/BL602_Demo/bl_iot_sdk/customer_app/sdk_app_easyflash/build_out/yloop/libyloop.a(yloop.o)
                0x00000000230014cc                aos_poll_read_fd
 .text.aos_loop_run
                0x00000000230015b0      0x118 /home/melody/work/BL602_Demo/bl_iot_sdk/customer_app/sdk_app_easyflash/build_out/yloop/libyloop.a(yloop.o)
                0x00000000230015b0                aos_loop_run
 .text.vfs_poll_notify
                0x00000000230016c8        0x4 /home/melody/work/BL602_Demo/bl_iot_sdk/customer_app/sdk_app_easyflash/build_out/yloop/libyloop.a(select.o)
 .text.aos_poll
                0x00000000230016cc      0x132 /home/melody/work/BL602_Demo/bl_iot_sdk/customer_app/sdk_app_easyflash/build_out/yloop/libyloop.a(select.o)
                0x00000000230016cc                aos_poll
 .text.aos_fcntl
                0x00000000230017fe       0x14 /home/melody/work/BL602_Demo/bl_iot_sdk/customer_app/sdk_app_easyflash/build_out/yloop/libyloop.a(select.o)
                0x00000000230017fe                aos_fcntl
 .text.dfl_entry
                0x0000000023001812       0x22 /home/melody/work/BL602_Demo/bl_iot_sdk/customer_app/sdk_app_easyflash/build_out/yloop/libyloop.a(aos_freertos.o)
 .text.aos_task_new
                0x0000000023001834       0xba /home/melody/work/BL602_Demo/bl_iot_sdk/customer_app/sdk_app_easyflash/build_out/yloop/libyloop.a(aos_freertos.o)
                0x0000000023001834                aos_task_new
 .text.aos_task_exit
                0x00000000230018ee        0x6 /home/melody/work/BL602_Demo/bl_iot_sdk/customer_app/sdk_app_easyflash/build_out/yloop/libyloop.a(aos_freertos.o)
                0x00000000230018ee                aos_task_exit
 .text.aos_task_key_create
                0x00000000230018f4       0x64 /home/melody/work/BL602_Demo/bl_iot_sdk/customer_app/sdk_app_easyflash/build_out/yloop/libyloop.a(aos_freertos.o)
                0x00000000230018f4                aos_task_key_create
 .text.aos_task_setspecific
                0x0000000023001958       0x40 /home/melody/work/BL602_Demo/bl_iot_sdk/customer_app/sdk_app_easyflash/build_out/yloop/libyloop.a(aos_freertos.o)
                0x0000000023001958                aos_task_setspecific
 .text.aos_task_getspecific
                0x0000000023001998       0x3a /home/melody/work/BL602_Demo/bl_iot_sdk/customer_app/sdk_app_easyflash/build_out/yloop/libyloop.a(aos_freertos.o)
                0x0000000023001998                aos_task_getspecific
 .text.aos_mutex_new
                0x00000000230019d2       0x20 /home/melody/work/BL602_Demo/bl_iot_sdk/customer_app/sdk_app_easyflash/build_out/yloop/libyloop.a(aos_freertos.o)
                0x00000000230019d2                aos_mutex_new
 .text.aos_mutex_free
                0x00000000230019f2        0x6 /home/melody/work/BL602_Demo/bl_iot_sdk/customer_app/sdk_app_easyflash/build_out/yloop/libyloop.a(aos_freertos.o)
                0x00000000230019f2                aos_mutex_free
 .text.aos_mutex_lock
                0x00000000230019f8       0x18 /home/melody/work/BL602_Demo/bl_iot_sdk/customer_app/sdk_app_easyflash/build_out/yloop/libyloop.a(aos_freertos.o)
                0x00000000230019f8                aos_mutex_lock
 .text.aos_mutex_unlock
                0x0000000023001a10       0x1e /home/melody/work/BL602_Demo/bl_iot_sdk/customer_app/sdk_app_easyflash/build_out/yloop/libyloop.a(aos_freertos.o)
                0x0000000023001a10                aos_mutex_unlock
 .text.aos_sem_new
                0x0000000023001a2e       0x1c /home/melody/work/BL602_Demo/bl_iot_sdk/customer_app/sdk_app_easyflash/build_out/yloop/libyloop.a(aos_freertos.o)
                0x0000000023001a2e                aos_sem_new
 .text.aos_sem_free
                0x0000000023001a4a        0xa /home/melody/work/BL602_Demo/bl_iot_sdk/customer_app/sdk_app_easyflash/build_out/yloop/libyloop.a(aos_freertos.o)
                0x0000000023001a4a                aos_sem_free
 .text.aos_sem_wait
                0x0000000023001a54       0x20 /home/melody/work/BL602_Demo/bl_iot_sdk/customer_app/sdk_app_easyflash/build_out/yloop/libyloop.a(aos_freertos.o)
                0x0000000023001a54                aos_sem_wait
 .text.aos_sem_signal
                0x0000000023001a74       0x34 /home/melody/work/BL602_Demo/bl_iot_sdk/customer_app/sdk_app_easyflash/build_out/yloop/libyloop.a(aos_freertos.o)
                0x0000000023001a74                aos_sem_signal
 .text.aos_malloc
                0x0000000023001aa8        0x4 /home/melody/work/BL602_Demo/bl_iot_sdk/customer_app/sdk_app_easyflash/build_out/yloop/libyloop.a(aos_freertos.o)
                0x0000000023001aa8                aos_malloc
 .text.aos_free
                0x0000000023001aac        0x4 /home/melody/work/BL602_Demo/bl_iot_sdk/customer_app/sdk_app_easyflash/build_out/yloop/libyloop.a(aos_freertos.o)
                0x0000000023001aac                aos_free
 .text.aos_now_ms
                0x0000000023001ab0       0x3a /home/melody/work/BL602_Demo/bl_iot_sdk/customer_app/sdk_app_easyflash/build_out/yloop/libyloop.a(aos_freertos.o)
                0x0000000023001ab0                aos_now_ms
 .text.event_poll
                0x0000000023001aea       0x56 /home/melody/work/BL602_Demo/bl_iot_sdk/customer_app/sdk_app_easyflash/build_out/yloop/libyloop.a(device.o)
 .text.event_open
                0x0000000023001b40       0x3e /home/melody/work/BL602_Demo/bl_iot_sdk/customer_app/sdk_app_easyflash/build_out/yloop/libyloop.a(device.o)
 .text._event_write.isra.0
                0x0000000023001b7e       0xac /home/melody/work/BL602_Demo/bl_iot_sdk/customer_app/sdk_app_easyflash/build_out/yloop/libyloop.a(device.o)
 .text.event_ioctl
                0x0000000023001c2a       0x24 /home/melody/work/BL602_Demo/bl_iot_sdk/customer_app/sdk_app_easyflash/build_out/yloop/libyloop.a(device.o)
 .text.event_write
                0x0000000023001c4e        0x6 /home/melody/work/BL602_Demo/bl_iot_sdk/customer_app/sdk_app_easyflash/build_out/yloop/libyloop.a(device.o)
 .text.event_close
                0x0000000023001c54       0x4a /home/melody/work/BL602_Demo/bl_iot_sdk/customer_app/sdk_app_easyflash/build_out/yloop/libyloop.a(device.o)
 .text.event_read
                0x0000000023001c9e       0x80 /home/melody/work/BL602_Demo/bl_iot_sdk/customer_app/sdk_app_easyflash/build_out/yloop/libyloop.a(device.o)
 .text.vfs_device_init
                0x0000000023001d1e       0x3e /home/melody/work/BL602_Demo/bl_iot_sdk/customer_app/sdk_app_easyflash/build_out/yloop/libyloop.a(device.o)
                0x0000000023001d1e                vfs_device_init
 .text.event_read_cb
                0x0000000023001d5c       0x5a /home/melody/work/BL602_Demo/bl_iot_sdk/customer_app/sdk_app_easyflash/build_out/yloop/libyloop.a(local_event.o)
 .text.aos_event_service_init
                0x0000000023001db6       0x42 /home/melody/work/BL602_Demo/bl_iot_sdk/customer_app/sdk_app_easyflash/build_out/yloop/libyloop.a(local_event.o)
                0x0000000023001db6                aos_event_service_init
 .text.format_int
                0x0000000023001df8      0x25a /home/melody/work/BL602_Demo/bl_iot_sdk/customer_app/sdk_app_easyflash/build_out/bl602/libbl602.a(debug.o)
 .text.cvt      0x0000000023002052      0x23a /home/melody/work/BL602_Demo/bl_iot_sdk/customer_app/sdk_app_easyflash/build_out/bl602/libbl602.a(debug.o)
 .text.ecvtbuf  0x000000002300228c        0x4 /home/melody/work/BL602_Demo/bl_iot_sdk/customer_app/sdk_app_easyflash/build_out/bl602/libbl602.a(debug.o)
                0x000000002300228c                ecvtbuf
 .text.fcvtbuf  0x0000000023002290        0x4 /home/melody/work/BL602_Demo/bl_iot_sdk/customer_app/sdk_app_easyflash/build_out/bl602/libbl602.a(debug.o)
                0x0000000023002290                fcvtbuf
 .text.flt      0x0000000023002294      0x436 /home/melody/work/BL602_Demo/bl_iot_sdk/customer_app/sdk_app_easyflash/build_out/bl602/libbl602.a(debug.o)
 .text.vsnprintf
                0x00000000230026ca      0x4d2 /home/melody/work/BL602_Demo/bl_iot_sdk/customer_app/sdk_app_easyflash/build_out/bl602/libbl602.a(debug.o)
                0x00000000230026ca                vsnprintf
 .text.vsprintf
                0x0000000023002b9c        0xc /home/melody/work/BL602_Demo/bl_iot_sdk/customer_app/sdk_app_easyflash/build_out/bl602/libbl602.a(debug.o)
                0x0000000023002b9c                vsprintf
 .text.vprint   0x0000000023002ba8       0x40 /home/melody/work/BL602_Demo/bl_iot_sdk/customer_app/sdk_app_easyflash/build_out/bl602/libbl602.a(debug.o)
                0x0000000023002ba8                vprint
 .text.bl_putchar
                0x0000000023002be8       0x16 /home/melody/work/BL602_Demo/bl_iot_sdk/customer_app/sdk_app_easyflash/build_out/bl602/libbl602.a(debug.o)
                0x0000000023002be8                bl_putchar
 .text.puts     0x0000000023002bfe       0x38 /home/melody/work/BL602_Demo/bl_iot_sdk/customer_app/sdk_app_easyflash/build_out/bl602/libbl602.a(debug.o)
                0x0000000023002bfe                puts
 .text.printf   0x0000000023002c36       0x2a /home/melody/work/BL602_Demo/bl_iot_sdk/customer_app/sdk_app_easyflash/build_out/bl602/libbl602.a(debug.o)
                0x0000000023002c36                printf
 .text.sprintf  0x0000000023002c60       0x22 /home/melody/work/BL602_Demo/bl_iot_sdk/customer_app/sdk_app_easyflash/build_out/bl602/libbl602.a(debug.o)
                0x0000000023002c60                sprintf
 .text.snprintf
                0x0000000023002c82       0x1c /home/melody/work/BL602_Demo/bl_iot_sdk/customer_app/sdk_app_easyflash/build_out/bl602/libbl602.a(debug.o)
                0x0000000023002c82                snprintf
 .text.GLB_Set_UART_CLK
                0x0000000023002c9e       0x3e /home/melody/work/BL602_Demo/bl_iot_sdk/customer_app/sdk_app_easyflash/build_out/bl602_std/libbl602_std.a(bl602_glb.o)
                0x0000000023002c9e                GLB_Set_UART_CLK
 .text.GLB_Set_EM_Sel
                0x0000000023002cdc       0x10 /home/melody/work/BL602_Demo/bl_iot_sdk/customer_app/sdk_app_easyflash/build_out/bl602_std/libbl602_std.a(bl602_glb.o)
                0x0000000023002cdc                GLB_Set_EM_Sel
 .text.GLB_UART_Fun_Sel
                0x0000000023002cec       0x24 /home/melody/work/BL602_Demo/bl_iot_sdk/customer_app/sdk_app_easyflash/build_out/bl602_std/libbl602_std.a(bl602_glb.o)
                0x0000000023002cec                GLB_UART_Fun_Sel
 .text.HBN_Set_UART_CLK_Sel
                0x0000000023002d10       0x12 /home/melody/work/BL602_Demo/bl_iot_sdk/customer_app/sdk_app_easyflash/build_out/bl602_std/libbl602_std.a(bl602_hbn.o)
                0x0000000023002d10                HBN_Set_UART_CLK_Sel
 .text.HBN_Get_RTC_Timer_Val
                0x0000000023002d22       0x28 /home/melody/work/BL602_Demo/bl_iot_sdk/customer_app/sdk_app_easyflash/build_out/bl602_std/libbl602_std.a(bl602_hbn.o)
                0x0000000023002d22                HBN_Get_RTC_Timer_Val
 .text.fdt32_ld
                0x0000000023002d4a       0x1e /home/melody/work/BL602_Demo/bl_iot_sdk/customer_app/sdk_app_easyflash/build_out/blfdt/libblfdt.a(fdt_ro.o)
 .text.nextprop_.part.0
                0x0000000023002d68       0x4a /home/melody/work/BL602_Demo/bl_iot_sdk/customer_app/sdk_app_easyflash/build_out/blfdt/libblfdt.a(fdt_ro.o)
 .text.fdt_get_property_by_offset_
                0x0000000023002db2       0x3e /home/melody/work/BL602_Demo/bl_iot_sdk/customer_app/sdk_app_easyflash/build_out/blfdt/libblfdt.a(fdt_ro.o)
 .text.fdt_get_string
                0x0000000023002df0       0xc8 /home/melody/work/BL602_Demo/bl_iot_sdk/customer_app/sdk_app_easyflash/build_out/blfdt/libblfdt.a(fdt_ro.o)
                0x0000000023002df0                fdt_get_string
 .text.fdt_get_name
                0x0000000023002eb8       0x72 /home/melody/work/BL602_Demo/bl_iot_sdk/customer_app/sdk_app_easyflash/build_out/blfdt/libblfdt.a(fdt_ro.o)
                0x0000000023002eb8                fdt_get_name
 .text.fdt_subnode_offset_namelen
                0x0000000023002f2a       0x9a /home/melody/work/BL602_Demo/bl_iot_sdk/customer_app/sdk_app_easyflash/build_out/blfdt/libblfdt.a(fdt_ro.o)
                0x0000000023002f2a                fdt_subnode_offset_namelen
 .text.fdt_subnode_offset
                0x0000000023002fc4       0x22 /home/melody/work/BL602_Demo/bl_iot_sdk/customer_app/sdk_app_easyflash/build_out/blfdt/libblfdt.a(fdt_ro.o)
                0x0000000023002fc4                fdt_subnode_offset
 .text.fdt_first_property_offset
                0x0000000023002fe6       0x24 /home/melody/work/BL602_Demo/bl_iot_sdk/customer_app/sdk_app_easyflash/build_out/blfdt/libblfdt.a(fdt_ro.o)
                0x0000000023002fe6                fdt_first_property_offset
 .text.fdt_next_property_offset
                0x000000002300300a       0x24 /home/melody/work/BL602_Demo/bl_iot_sdk/customer_app/sdk_app_easyflash/build_out/blfdt/libblfdt.a(fdt_ro.o)
                0x000000002300300a                fdt_next_property_offset
 .text.fdt_get_property_namelen_
                0x000000002300302e       0x8a /home/melody/work/BL602_Demo/bl_iot_sdk/customer_app/sdk_app_easyflash/build_out/blfdt/libblfdt.a(fdt_ro.o)
 .text.fdt_getprop_namelen
                0x00000000230030b8       0x48 /home/melody/work/BL602_Demo/bl_iot_sdk/customer_app/sdk_app_easyflash/build_out/blfdt/libblfdt.a(fdt_ro.o)
                0x00000000230030b8                fdt_getprop_namelen
 .text.fdt_getprop
                0x0000000023003100       0x26 /home/melody/work/BL602_Demo/bl_iot_sdk/customer_app/sdk_app_easyflash/build_out/blfdt/libblfdt.a(fdt_ro.o)
                0x0000000023003100                fdt_getprop
 .text.fdt_stringlist_count
                0x0000000023003126       0x48 /home/melody/work/BL602_Demo/bl_iot_sdk/customer_app/sdk_app_easyflash/build_out/blfdt/libblfdt.a(fdt_ro.o)
                0x0000000023003126                fdt_stringlist_count
 .text.fdt_stringlist_get
                0x000000002300316e       0x6e /home/melody/work/BL602_Demo/bl_iot_sdk/customer_app/sdk_app_easyflash/build_out/blfdt/libblfdt.a(fdt_ro.o)
                0x000000002300316e                fdt_stringlist_get
 .text.fdt32_ld
                0x00000000230031dc       0x1e /home/melody/work/BL602_Demo/bl_iot_sdk/customer_app/sdk_app_easyflash/build_out/blfdt/libblfdt.a(fdt.o)
 .text.fdt_ro_probe_
                0x00000000230031fa       0x5a /home/melody/work/BL602_Demo/bl_iot_sdk/customer_app/sdk_app_easyflash/build_out/blfdt/libblfdt.a(fdt.o)
                0x00000000230031fa                fdt_ro_probe_
 .text.fdt_offset_ptr
                0x0000000023003254       0x6e /home/melody/work/BL602_Demo/bl_iot_sdk/customer_app/sdk_app_easyflash/build_out/blfdt/libblfdt.a(fdt.o)
                0x0000000023003254                fdt_offset_ptr
 .text.fdt_next_tag
                0x00000000230032c2      0x106 /home/melody/work/BL602_Demo/bl_iot_sdk/customer_app/sdk_app_easyflash/build_out/blfdt/libblfdt.a(fdt.o)
                0x00000000230032c2                fdt_next_tag
 .text.fdt_check_node_offset_
                0x00000000230033c8       0x26 /home/melody/work/BL602_Demo/bl_iot_sdk/customer_app/sdk_app_easyflash/build_out/blfdt/libblfdt.a(fdt.o)
                0x00000000230033c8                fdt_check_node_offset_
 .text.fdt_check_prop_offset_
                0x00000000230033ee       0x26 /home/melody/work/BL602_Demo/bl_iot_sdk/customer_app/sdk_app_easyflash/build_out/blfdt/libblfdt.a(fdt.o)
                0x00000000230033ee                fdt_check_prop_offset_
 .text.fdt_next_node
                0x0000000023003414       0x82 /home/melody/work/BL602_Demo/bl_iot_sdk/customer_app/sdk_app_easyflash/build_out/blfdt/libblfdt.a(fdt.o)
                0x0000000023003414                fdt_next_node
 .text.cmd_blog_info_dump
                0x0000000023003496      0x16c /home/melody/work/BL602_Demo/bl_iot_sdk/customer_app/sdk_app_easyflash/build_out/blog/libblog.a(blog.o)
                0x0000000023003496                cmd_blog_info_dump
 .text.cmd_blog_set_level
                0x0000000023003602      0x1ba /home/melody/work/BL602_Demo/bl_iot_sdk/customer_app/sdk_app_easyflash/build_out/blog/libblog.a(blog.o)
                0x0000000023003602                cmd_blog_set_level
 .text.blog_init
                0x00000000230037bc       0x7c /home/melody/work/BL602_Demo/bl_iot_sdk/customer_app/sdk_app_easyflash/build_out/blog/libblog.a(blog.o)
                0x00000000230037bc                blog_init
 .text.cmd_sys_time_now
                0x0000000023003838       0x36 /home/melody/work/BL602_Demo/bl_iot_sdk/customer_app/sdk_app_easyflash/build_out/bltime/libbltime.a(bl_sys_time_cli.o)
 .text.bl_sys_time_cli_init
                0x000000002300386e        0x4 /home/melody/work/BL602_Demo/bl_iot_sdk/customer_app/sdk_app_easyflash/build_out/bltime/libbltime.a(bl_sys_time_cli.o)
                0x000000002300386e                bl_sys_time_cli_init
 .text.bl_sys_time_get
                0x0000000023003872       0x50 /home/melody/work/BL602_Demo/bl_iot_sdk/customer_app/sdk_app_easyflash/build_out/bltime/libbltime.a(bl_sys_time.o)
                0x0000000023003872                bl_sys_time_get
 .text.bl_sys_time_sync_state
                0x00000000230038c2       0x62 /home/melody/work/BL602_Demo/bl_iot_sdk/customer_app/sdk_app_easyflash/build_out/bltime/libbltime.a(bl_sys_time.o)
                0x00000000230038c2                bl_sys_time_sync_state
 .text.cli_command_get
                0x0000000023003924       0x44 /home/melody/work/BL602_Demo/bl_iot_sdk/customer_app/sdk_app_easyflash/build_out/cli/libcli.a(cli.o)
 .text.exit_cmd
                0x0000000023003968        0xc /home/melody/work/BL602_Demo/bl_iot_sdk/customer_app/sdk_app_easyflash/build_out/cli/libcli.a(cli.o)
 .text.cb_idnoe
                0x0000000023003974       0x98 /home/melody/work/BL602_Demo/bl_iot_sdk/customer_app/sdk_app_easyflash/build_out/cli/libcli.a(cli.o)
 .text.ota_cmd  0x0000000023003a0c       0x18 /home/melody/work/BL602_Demo/bl_iot_sdk/customer_app/sdk_app_easyflash/build_out/cli/libcli.a(cli.o)
 .text.tftp_ota_thread
                0x0000000023003a24        0x6 /home/melody/work/BL602_Demo/bl_iot_sdk/customer_app/sdk_app_easyflash/build_out/cli/libcli.a(cli.o)
                0x0000000023003a24                tftp_ota_thread
 .text.cat_cmd  0x0000000023003a2a       0x7a /home/melody/work/BL602_Demo/bl_iot_sdk/customer_app/sdk_app_easyflash/build_out/cli/libcli.a(cli.o)
 .text.hexdump_cmd
                0x0000000023003aa4       0x78 /home/melody/work/BL602_Demo/bl_iot_sdk/customer_app/sdk_app_easyflash/build_out/cli/libcli.a(cli.o)
 .text.aos_cli_init
                0x0000000023003b1c       0x62 /home/melody/work/BL602_Demo/bl_iot_sdk/customer_app/sdk_app_easyflash/build_out/cli/libcli.a(cli.o)
                0x0000000023003b1c                aos_cli_init
 .text.aos_cli_event_cb_read_get
                0x0000000023003b7e        0xa /home/melody/work/BL602_Demo/bl_iot_sdk/customer_app/sdk_app_easyflash/build_out/cli/libcli.a(cli.o)
                0x0000000023003b7e                aos_cli_event_cb_read_get
 .text.cli_putstr
                0x0000000023003b88       0x46 /home/melody/work/BL602_Demo/bl_iot_sdk/customer_app/sdk_app_easyflash/build_out/cli/libcli.a(cli.o)
                0x0000000023003b88                cli_putstr
 .text.ps_cmd   0x0000000023003bce       0x8e /home/melody/work/BL602_Demo/bl_iot_sdk/customer_app/sdk_app_easyflash/build_out/cli/libcli.a(cli.o)
 .text.aos_cli_printf
                0x0000000023003c5c       0x8a /home/melody/work/BL602_Demo/bl_iot_sdk/customer_app/sdk_app_easyflash/build_out/cli/libcli.a(cli.o)
                0x0000000023003c5c                aos_cli_printf
 .text.proc_onecmd
                0x0000000023003ce6      0x112 /home/melody/work/BL602_Demo/bl_iot_sdk/customer_app/sdk_app_easyflash/build_out/cli/libcli.a(cli.o)
                0x0000000023003ce6                proc_onecmd
 .text.ls_cmd   0x0000000023003df8      0x236 /home/melody/work/BL602_Demo/bl_iot_sdk/customer_app/sdk_app_easyflash/build_out/cli/libcli.a(cli.o)
 .text.uptime_cmd
                0x000000002300402e       0xb8 /home/melody/work/BL602_Demo/bl_iot_sdk/customer_app/sdk_app_easyflash/build_out/cli/libcli.a(cli.o)
 .text.reset_cmd
                0x00000000230040e6       0x18 /home/melody/work/BL602_Demo/bl_iot_sdk/customer_app/sdk_app_easyflash/build_out/cli/libcli.a(cli.o)
 .text.poweroff_cmd
                0x00000000230040fe       0x18 /home/melody/work/BL602_Demo/bl_iot_sdk/customer_app/sdk_app_easyflash/build_out/cli/libcli.a(cli.o)
 .text.reboot_cmd
                0x0000000023004116       0x18 /home/melody/work/BL602_Demo/bl_iot_sdk/customer_app/sdk_app_easyflash/build_out/cli/libcli.a(cli.o)
 .text.version_cmd
                0x000000002300412e       0xa2 /home/melody/work/BL602_Demo/bl_iot_sdk/customer_app/sdk_app_easyflash/build_out/cli/libcli.a(cli.o)
 .text.devname_cmd
                0x00000000230041d0       0x14 /home/melody/work/BL602_Demo/bl_iot_sdk/customer_app/sdk_app_easyflash/build_out/cli/libcli.a(cli.o)
 .text.echo_cmd
                0x00000000230041e4       0x9c /home/melody/work/BL602_Demo/bl_iot_sdk/customer_app/sdk_app_easyflash/build_out/cli/libcli.a(cli.o)
 .text.mmem_cmd
                0x0000000023004280       0xc4 /home/melody/work/BL602_Demo/bl_iot_sdk/customer_app/sdk_app_easyflash/build_out/cli/libcli.a(cli.o)
 .text.pmem_cmd
                0x0000000023004344      0x178 /home/melody/work/BL602_Demo/bl_iot_sdk/customer_app/sdk_app_easyflash/build_out/cli/libcli.a(cli.o)
 .text.help_cmd
                0x00000000230044bc       0xe2 /home/melody/work/BL602_Demo/bl_iot_sdk/customer_app/sdk_app_easyflash/build_out/cli/libcli.a(cli.o)
 .text.cli_getchar
                0x000000002300459e       0x46 /home/melody/work/BL602_Demo/bl_iot_sdk/customer_app/sdk_app_easyflash/build_out/cli/libcli.a(cli.o)
                0x000000002300459e                cli_getchar
 .text.cli_main_input
                0x00000000230045e4      0x7ae /home/melody/work/BL602_Demo/bl_iot_sdk/customer_app/sdk_app_easyflash/build_out/cli/libcli.a(cli.o)
 .text.console_cb_read
                0x0000000023004d92       0x40 /home/melody/work/BL602_Demo/bl_iot_sdk/customer_app/sdk_app_easyflash/build_out/cli/libcli.a(cli.o)
 .text.easyflash_init
                0x0000000023004dd2       0x5c /home/melody/work/BL602_Demo/bl_iot_sdk/customer_app/sdk_app_easyflash/build_out/easyflash4/libeasyflash4.a(easyflash.o)
                0x0000000023004dd2                easyflash_init
 .text.get_status
                0x0000000023004e2e       0x1e /home/melody/work/BL602_Demo/bl_iot_sdk/customer_app/sdk_app_easyflash/build_out/easyflash4/libeasyflash4.a(ef_env.o)
 .text.update_sector_cache
                0x0000000023004e4c       0x5c /home/melody/work/BL602_Demo/bl_iot_sdk/customer_app/sdk_app_easyflash/build_out/easyflash4/libeasyflash4.a(ef_env.o)
 .text.get_next_sector_addr
                0x0000000023004ea8       0x2e /home/melody/work/BL602_Demo/bl_iot_sdk/customer_app/sdk_app_easyflash/build_out/easyflash4/libeasyflash4.a(ef_env.o)
 .text.gc_check_cb
                0x0000000023004ed6       0x10 /home/melody/work/BL602_Demo/bl_iot_sdk/customer_app/sdk_app_easyflash/build_out/easyflash4/libeasyflash4.a(ef_env.o)
 .text.update_env_cache
                0x0000000023004ee6       0xa0 /home/melody/work/BL602_Demo/bl_iot_sdk/customer_app/sdk_app_easyflash/build_out/easyflash4/libeasyflash4.a(ef_env.o)
 .text.find_env_cb
                0x0000000023004f86       0x52 /home/melody/work/BL602_Demo/bl_iot_sdk/customer_app/sdk_app_easyflash/build_out/easyflash4/libeasyflash4.a(ef_env.o)
 .text.sector_statistics_cb
                0x0000000023004fd8       0x28 /home/melody/work/BL602_Demo/bl_iot_sdk/customer_app/sdk_app_easyflash/build_out/easyflash4/libeasyflash4.a(ef_env.o)
 .text.alloc_env_cb
                0x0000000023005000       0x34 /home/melody/work/BL602_Demo/bl_iot_sdk/customer_app/sdk_app_easyflash/build_out/easyflash4/libeasyflash4.a(ef_env.o)
 .text.write_status
                0x0000000023005034       0x96 /home/melody/work/BL602_Demo/bl_iot_sdk/customer_app/sdk_app_easyflash/build_out/easyflash4/libeasyflash4.a(ef_env.o)
 .text.read_env
                0x00000000230050ca      0x124 /home/melody/work/BL602_Demo/bl_iot_sdk/customer_app/sdk_app_easyflash/build_out/easyflash4/libeasyflash4.a(ef_env.o)
 .text.update_sec_status
                0x00000000230051ee       0x76 /home/melody/work/BL602_Demo/bl_iot_sdk/customer_app/sdk_app_easyflash/build_out/easyflash4/libeasyflash4.a(ef_env.o)
 .text.format_sector.constprop.16
                0x0000000023005264       0xa4 /home/melody/work/BL602_Demo/bl_iot_sdk/customer_app/sdk_app_easyflash/build_out/easyflash4/libeasyflash4.a(ef_env.o)
 .text.check_sec_hdr_cb
                0x0000000023005308       0x3c /home/melody/work/BL602_Demo/bl_iot_sdk/customer_app/sdk_app_easyflash/build_out/easyflash4/libeasyflash4.a(ef_env.o)
 .text.print_env_cb
                0x0000000023005344       0xec /home/melody/work/BL602_Demo/bl_iot_sdk/customer_app/sdk_app_easyflash/build_out/easyflash4/libeasyflash4.a(ef_env.o)
 .text.get_next_env_addr
                0x0000000023005430      0x10a /home/melody/work/BL602_Demo/bl_iot_sdk/customer_app/sdk_app_easyflash/build_out/easyflash4/libeasyflash4.a(ef_env.o)
 .text.read_sector_meta_data
                0x000000002300553a      0x1f0 /home/melody/work/BL602_Demo/bl_iot_sdk/customer_app/sdk_app_easyflash/build_out/easyflash4/libeasyflash4.a(ef_env.o)
 .text.sector_iterator
                0x000000002300572a       0x74 /home/melody/work/BL602_Demo/bl_iot_sdk/customer_app/sdk_app_easyflash/build_out/easyflash4/libeasyflash4.a(ef_env.o)
 .text.alloc_env
                0x000000002300579e       0xa6 /home/melody/work/BL602_Demo/bl_iot_sdk/customer_app/sdk_app_easyflash/build_out/easyflash4/libeasyflash4.a(ef_env.o)
 .text.gc_collect
                0x0000000023005844       0x64 /home/melody/work/BL602_Demo/bl_iot_sdk/customer_app/sdk_app_easyflash/build_out/easyflash4/libeasyflash4.a(ef_env.o)
 .text.new_env  0x00000000230058a8       0x50 /home/melody/work/BL602_Demo/bl_iot_sdk/customer_app/sdk_app_easyflash/build_out/easyflash4/libeasyflash4.a(ef_env.o)
 .text.check_and_recovery_gc_cb
                0x00000000230058f8       0x2e /home/melody/work/BL602_Demo/bl_iot_sdk/customer_app/sdk_app_easyflash/build_out/easyflash4/libeasyflash4.a(ef_env.o)
 .text.env_iterator
                0x0000000023005926       0x74 /home/melody/work/BL602_Demo/bl_iot_sdk/customer_app/sdk_app_easyflash/build_out/easyflash4/libeasyflash4.a(ef_env.o)
 .text.find_env
                0x000000002300599a       0xe6 /home/melody/work/BL602_Demo/bl_iot_sdk/customer_app/sdk_app_easyflash/build_out/easyflash4/libeasyflash4.a(ef_env.o)
 .text.del_env  0x0000000023005a80       0xd6 /home/melody/work/BL602_Demo/bl_iot_sdk/customer_app/sdk_app_easyflash/build_out/easyflash4/libeasyflash4.a(ef_env.o)
 .text.move_env
                0x0000000023005b56      0x14a /home/melody/work/BL602_Demo/bl_iot_sdk/customer_app/sdk_app_easyflash/build_out/easyflash4/libeasyflash4.a(ef_env.o)
 .text.check_and_recovery_env_cb
                0x0000000023005ca0       0x8c /home/melody/work/BL602_Demo/bl_iot_sdk/customer_app/sdk_app_easyflash/build_out/easyflash4/libeasyflash4.a(ef_env.o)
 .text.do_gc    0x0000000023005d2c       0xc2 /home/melody/work/BL602_Demo/bl_iot_sdk/customer_app/sdk_app_easyflash/build_out/easyflash4/libeasyflash4.a(ef_env.o)
 .text.create_env_blob
                0x0000000023005dee      0x1a2 /home/melody/work/BL602_Demo/bl_iot_sdk/customer_app/sdk_app_easyflash/build_out/easyflash4/libeasyflash4.a(ef_env.o)
 .text.ef_get_env_blob
                0x0000000023005f90       0xf6 /home/melody/work/BL602_Demo/bl_iot_sdk/customer_app/sdk_app_easyflash/build_out/easyflash4/libeasyflash4.a(ef_env.o)
                0x0000000023005f90                ef_get_env_blob
 .text.ef_del_env
                0x0000000023006086       0x84 /home/melody/work/BL602_Demo/bl_iot_sdk/customer_app/sdk_app_easyflash/build_out/easyflash4/libeasyflash4.a(ef_env.o)
                0x0000000023006086                ef_del_env
 .text.ef_set_env_blob
                0x000000002300610a      0x196 /home/melody/work/BL602_Demo/bl_iot_sdk/customer_app/sdk_app_easyflash/build_out/easyflash4/libeasyflash4.a(ef_env.o)
                0x000000002300610a                ef_set_env_blob
 .text.ef_set_env
                0x00000000230062a0       0x20 /home/melody/work/BL602_Demo/bl_iot_sdk/customer_app/sdk_app_easyflash/build_out/easyflash4/libeasyflash4.a(ef_env.o)
                0x00000000230062a0                ef_set_env
 .text.ef_save_env
                0x00000000230062c0        0x4 /home/melody/work/BL602_Demo/bl_iot_sdk/customer_app/sdk_app_easyflash/build_out/easyflash4/libeasyflash4.a(ef_env.o)
                0x00000000230062c0                ef_save_env
 .text.ef_env_set_default
                0x00000000230062c4       0xf4 /home/melody/work/BL602_Demo/bl_iot_sdk/customer_app/sdk_app_easyflash/build_out/easyflash4/libeasyflash4.a(ef_env.o)
                0x00000000230062c4                ef_env_set_default
 .text.ef_print_env
                0x00000000230063b8       0x54 /home/melody/work/BL602_Demo/bl_iot_sdk/customer_app/sdk_app_easyflash/build_out/easyflash4/libeasyflash4.a(ef_env.o)
                0x00000000230063b8                ef_print_env
 .text.ef_load_env
                0x000000002300640c       0x94 /home/melody/work/BL602_Demo/bl_iot_sdk/customer_app/sdk_app_easyflash/build_out/easyflash4/libeasyflash4.a(ef_env.o)
                0x000000002300640c                ef_load_env
 .text.ef_env_init
                0x00000000230064a0       0xb0 /home/melody/work/BL602_Demo/bl_iot_sdk/customer_app/sdk_app_easyflash/build_out/easyflash4/libeasyflash4.a(ef_env.o)
                0x00000000230064a0                ef_env_init
 .text.ef_port_read
                0x0000000023006550       0x20 /home/melody/work/BL602_Demo/bl_iot_sdk/customer_app/sdk_app_easyflash/build_out/easyflash4/libeasyflash4.a(ef_port.o)
                0x0000000023006550                ef_port_read
 .text.ef_port_write
                0x0000000023006570       0x24 /home/melody/work/BL602_Demo/bl_iot_sdk/customer_app/sdk_app_easyflash/build_out/easyflash4/libeasyflash4.a(ef_port.o)
                0x0000000023006570                ef_port_write
 .text.ef_port_env_lock
                0x0000000023006594        0xe /home/melody/work/BL602_Demo/bl_iot_sdk/customer_app/sdk_app_easyflash/build_out/easyflash4/libeasyflash4.a(ef_port.o)
                0x0000000023006594                ef_port_env_lock
 .text.ef_port_env_unlock
                0x00000000230065a2       0x12 /home/melody/work/BL602_Demo/bl_iot_sdk/customer_app/sdk_app_easyflash/build_out/easyflash4/libeasyflash4.a(ef_port.o)
                0x00000000230065a2                ef_port_env_unlock
 .text.ef_log_debug
                0x00000000230065b4       0x1e /home/melody/work/BL602_Demo/bl_iot_sdk/customer_app/sdk_app_easyflash/build_out/easyflash4/libeasyflash4.a(ef_port.o)
                0x00000000230065b4                ef_log_debug
 .text.ef_port_erase
                0x00000000230065d2       0x4c /home/melody/work/BL602_Demo/bl_iot_sdk/customer_app/sdk_app_easyflash/build_out/easyflash4/libeasyflash4.a(ef_port.o)
                0x00000000230065d2                ef_port_erase
 .text.ef_log_info
                0x000000002300661e       0x20 /home/melody/work/BL602_Demo/bl_iot_sdk/customer_app/sdk_app_easyflash/build_out/easyflash4/libeasyflash4.a(ef_port.o)
                0x000000002300661e                ef_log_info
 .text.ef_port_init
                0x000000002300663e       0xa4 /home/melody/work/BL602_Demo/bl_iot_sdk/customer_app/sdk_app_easyflash/build_out/easyflash4/libeasyflash4.a(ef_port.o)
                0x000000002300663e                ef_port_init
 .text.ef_print
                0x00000000230066e2       0x20 /home/melody/work/BL602_Demo/bl_iot_sdk/customer_app/sdk_app_easyflash/build_out/easyflash4/libeasyflash4.a(ef_port.o)
                0x00000000230066e2                ef_print
 .text.ef_calc_crc32
                0x0000000023006702       0x30 /home/melody/work/BL602_Demo/bl_iot_sdk/customer_app/sdk_app_easyflash/build_out/easyflash4/libeasyflash4.a(ef_utils.o)
                0x0000000023006702                ef_calc_crc32
 .text.psm_get_cmd
                0x0000000023006732        0x2 /home/melody/work/BL602_Demo/bl_iot_sdk/customer_app/sdk_app_easyflash/build_out/easyflash4/libeasyflash4.a(easyflash_cli.o)
 .text.psm_test_cmd
                0x0000000023006734      0x1ba /home/melody/work/BL602_Demo/bl_iot_sdk/customer_app/sdk_app_easyflash/build_out/easyflash4/libeasyflash4.a(easyflash_cli.o)
                0x0000000023006734                psm_test_cmd
 .text.psm_erase_cmd
                0x00000000230068ee        0x4 /home/melody/work/BL602_Demo/bl_iot_sdk/customer_app/sdk_app_easyflash/build_out/easyflash4/libeasyflash4.a(easyflash_cli.o)
 .text.psm_dump_cmd
                0x00000000230068f2        0x4 /home/melody/work/BL602_Demo/bl_iot_sdk/customer_app/sdk_app_easyflash/build_out/easyflash4/libeasyflash4.a(easyflash_cli.o)
 .text.psm_unset_cmd
                0x00000000230068f6       0x24 /home/melody/work/BL602_Demo/bl_iot_sdk/customer_app/sdk_app_easyflash/build_out/easyflash4/libeasyflash4.a(easyflash_cli.o)
 .text.psm_set_cmd
                0x000000002300691a       0x26 /home/melody/work/BL602_Demo/bl_iot_sdk/customer_app/sdk_app_easyflash/build_out/easyflash4/libeasyflash4.a(easyflash_cli.o)
 .text.easyflash_cli_init
                0x0000000023006940        0x4 /home/melody/work/BL602_Demo/bl_iot_sdk/customer_app/sdk_app_easyflash/build_out/easyflash4/libeasyflash4.a(easyflash_cli.o)
                0x0000000023006940                easyflash_cli_init
 .text.prvCopyDataToQueue
                0x0000000023006944       0xa4 /home/melody/work/BL602_Demo/bl_iot_sdk/customer_app/sdk_app_easyflash/build_out/freertos_riscv_ram/libfreertos_riscv_ram.a(queue.o)
 .text.prvCopyDataFromQueue
                0x00000000230069e8       0x1e /home/melody/work/BL602_Demo/bl_iot_sdk/customer_app/sdk_app_easyflash/build_out/freertos_riscv_ram/libfreertos_riscv_ram.a(queue.o)
 .text.prvUnlockQueue
                0x0000000023006a06       0xb6 /home/melody/work/BL602_Demo/bl_iot_sdk/customer_app/sdk_app_easyflash/build_out/freertos_riscv_ram/libfreertos_riscv_ram.a(queue.o)
 .text.xQueueGenericReset
                0x0000000023006abc       0x92 /home/melody/work/BL602_Demo/bl_iot_sdk/customer_app/sdk_app_easyflash/build_out/freertos_riscv_ram/libfreertos_riscv_ram.a(queue.o)
                0x0000000023006abc                xQueueGenericReset
 .text.xQueueGenericCreateStatic
                0x0000000023006b4e       0x80 /home/melody/work/BL602_Demo/bl_iot_sdk/customer_app/sdk_app_easyflash/build_out/freertos_riscv_ram/libfreertos_riscv_ram.a(queue.o)
                0x0000000023006b4e                xQueueGenericCreateStatic
 .text.xQueueGenericCreate
                0x0000000023006bce       0x80 /home/melody/work/BL602_Demo/bl_iot_sdk/customer_app/sdk_app_easyflash/build_out/freertos_riscv_ram/libfreertos_riscv_ram.a(queue.o)
                0x0000000023006bce                xQueueGenericCreate
 .text.xQueueCreateCountingSemaphore
                0x0000000023006c4e       0x38 /home/melody/work/BL602_Demo/bl_iot_sdk/customer_app/sdk_app_easyflash/build_out/freertos_riscv_ram/libfreertos_riscv_ram.a(queue.o)
                0x0000000023006c4e                xQueueCreateCountingSemaphore
 .text.xQueueGenericSend
                0x0000000023006c86      0x158 /home/melody/work/BL602_Demo/bl_iot_sdk/customer_app/sdk_app_easyflash/build_out/freertos_riscv_ram/libfreertos_riscv_ram.a(queue.o)
                0x0000000023006c86                xQueueGenericSend
 .text.xQueueCreateMutexStatic
                0x0000000023006dde       0x38 /home/melody/work/BL602_Demo/bl_iot_sdk/customer_app/sdk_app_easyflash/build_out/freertos_riscv_ram/libfreertos_riscv_ram.a(queue.o)
                0x0000000023006dde                xQueueCreateMutexStatic
 .text.xQueueCreateMutex
                0x0000000023006e16       0x34 /home/melody/work/BL602_Demo/bl_iot_sdk/customer_app/sdk_app_easyflash/build_out/freertos_riscv_ram/libfreertos_riscv_ram.a(queue.o)
                0x0000000023006e16                xQueueCreateMutex
 .text.xQueueGenericSendFromISR
                0x0000000023006e4a       0xba /home/melody/work/BL602_Demo/bl_iot_sdk/customer_app/sdk_app_easyflash/build_out/freertos_riscv_ram/libfreertos_riscv_ram.a(queue.o)
                0x0000000023006e4a                xQueueGenericSendFromISR
 .text.xQueueGiveFromISR
                0x0000000023006f04       0x7a /home/melody/work/BL602_Demo/bl_iot_sdk/customer_app/sdk_app_easyflash/build_out/freertos_riscv_ram/libfreertos_riscv_ram.a(queue.o)
                0x0000000023006f04                xQueueGiveFromISR
 .text.xQueueReceive
                0x0000000023006f7e      0x14c /home/melody/work/BL602_Demo/bl_iot_sdk/customer_app/sdk_app_easyflash/build_out/freertos_riscv_ram/libfreertos_riscv_ram.a(queue.o)
                0x0000000023006f7e                xQueueReceive
 .text.xQueueSemaphoreTake
                0x00000000230070ca      0x188 /home/melody/work/BL602_Demo/bl_iot_sdk/customer_app/sdk_app_easyflash/build_out/freertos_riscv_ram/libfreertos_riscv_ram.a(queue.o)
                0x00000000230070ca                xQueueSemaphoreTake
 .text.vQueueDelete
                0x0000000023007252       0x86 /home/melody/work/BL602_Demo/bl_iot_sdk/customer_app/sdk_app_easyflash/build_out/freertos_riscv_ram/libfreertos_riscv_ram.a(queue.o)
                0x0000000023007252                vQueueDelete
 .text.vQueueAddToRegistry
                0x00000000230072d8       0x28 /home/melody/work/BL602_Demo/bl_iot_sdk/customer_app/sdk_app_easyflash/build_out/freertos_riscv_ram/libfreertos_riscv_ram.a(queue.o)
                0x00000000230072d8                vQueueAddToRegistry
 .text.vQueueWaitForMessageRestricted
                0x0000000023007300       0x6c /home/melody/work/BL602_Demo/bl_iot_sdk/customer_app/sdk_app_easyflash/build_out/freertos_riscv_ram/libfreertos_riscv_ram.a(queue.o)
                0x0000000023007300                vQueueWaitForMessageRestricted
 .text.prvResetNextTaskUnblockTime.part.0
                0x000000002300736c       0x18 /home/melody/work/BL602_Demo/bl_iot_sdk/customer_app/sdk_app_easyflash/build_out/freertos_riscv_ram/libfreertos_riscv_ram.a(tasks.o)
 .text.prvInitialiseNewTask.isra.2
                0x0000000023007384       0xce /home/melody/work/BL602_Demo/bl_iot_sdk/customer_app/sdk_app_easyflash/build_out/freertos_riscv_ram/libfreertos_riscv_ram.a(tasks.o)
 .text.prvDeleteTCB
                0x0000000023007452       0x36 /home/melody/work/BL602_Demo/bl_iot_sdk/customer_app/sdk_app_easyflash/build_out/freertos_riscv_ram/libfreertos_riscv_ram.a(tasks.o)
 .text.prvAddCurrentTaskToDelayedList
                0x0000000023007488       0xc2 /home/melody/work/BL602_Demo/bl_iot_sdk/customer_app/sdk_app_easyflash/build_out/freertos_riscv_ram/libfreertos_riscv_ram.a(tasks.o)
 .text.vTaskEnterCritical.part.7
                0x000000002300754a       0x14 /home/melody/work/BL602_Demo/bl_iot_sdk/customer_app/sdk_app_easyflash/build_out/freertos_riscv_ram/libfreertos_riscv_ram.a(tasks.o)
 .text.vTaskExitCritical.part.8
                0x000000002300755e       0x1c /home/melody/work/BL602_Demo/bl_iot_sdk/customer_app/sdk_app_easyflash/build_out/freertos_riscv_ram/libfreertos_riscv_ram.a(tasks.o)
 .text.prvAddNewTaskToReadyList
                0x000000002300757a      0x160 /home/melody/work/BL602_Demo/bl_iot_sdk/customer_app/sdk_app_easyflash/build_out/freertos_riscv_ram/libfreertos_riscv_ram.a(tasks.o)
 .text.prvIdleTask
                0x00000000230076da       0xa2 /home/melody/work/BL602_Demo/bl_iot_sdk/customer_app/sdk_app_easyflash/build_out/freertos_riscv_ram/libfreertos_riscv_ram.a(tasks.o)
 .text.xTaskCreateStatic
                0x000000002300777c       0xa0 /home/melody/work/BL602_Demo/bl_iot_sdk/customer_app/sdk_app_easyflash/build_out/freertos_riscv_ram/libfreertos_riscv_ram.a(tasks.o)
                0x000000002300777c                xTaskCreateStatic
 .text.vTaskDelete
                0x000000002300781c      0x132 /home/melody/work/BL602_Demo/bl_iot_sdk/customer_app/sdk_app_easyflash/build_out/freertos_riscv_ram/libfreertos_riscv_ram.a(tasks.o)
                0x000000002300781c                vTaskDelete
 .text.eTaskGetState
                0x000000002300794e       0xce /home/melody/work/BL602_Demo/bl_iot_sdk/customer_app/sdk_app_easyflash/build_out/freertos_riscv_ram/libfreertos_riscv_ram.a(tasks.o)
                0x000000002300794e                eTaskGetState
 .text.vTaskStartScheduler
                0x0000000023007a1c       0x74 /home/melody/work/BL602_Demo/bl_iot_sdk/customer_app/sdk_app_easyflash/build_out/freertos_riscv_ram/libfreertos_riscv_ram.a(tasks.o)
                0x0000000023007a1c                vTaskStartScheduler
 .text.vTaskSuspendAll
                0x0000000023007a90       0x10 /home/melody/work/BL602_Demo/bl_iot_sdk/customer_app/sdk_app_easyflash/build_out/freertos_riscv_ram/libfreertos_riscv_ram.a(tasks.o)
                0x0000000023007a90                vTaskSuspendAll
 .text.xTaskGetTickCount
                0x0000000023007aa0        0xa /home/melody/work/BL602_Demo/bl_iot_sdk/customer_app/sdk_app_easyflash/build_out/freertos_riscv_ram/libfreertos_riscv_ram.a(tasks.o)
                0x0000000023007aa0                xTaskGetTickCount
 .text.xTaskGetTickCount2
                0x0000000023007aaa       0x18 /home/melody/work/BL602_Demo/bl_iot_sdk/customer_app/sdk_app_easyflash/build_out/freertos_riscv_ram/libfreertos_riscv_ram.a(tasks.o)
                0x0000000023007aaa                xTaskGetTickCount2
 .text.xTaskGetTickCountFromISR
                0x0000000023007ac2        0xa /home/melody/work/BL602_Demo/bl_iot_sdk/customer_app/sdk_app_easyflash/build_out/freertos_riscv_ram/libfreertos_riscv_ram.a(tasks.o)
                0x0000000023007ac2                xTaskGetTickCountFromISR
 .text.xTaskIncrementTick
                0x0000000023007acc      0x1a0 /home/melody/work/BL602_Demo/bl_iot_sdk/customer_app/sdk_app_easyflash/build_out/freertos_riscv_ram/libfreertos_riscv_ram.a(tasks.o)
                0x0000000023007acc                xTaskIncrementTick
 .text.xTaskResumeAll
                0x0000000023007c6c      0x154 /home/melody/work/BL602_Demo/bl_iot_sdk/customer_app/sdk_app_easyflash/build_out/freertos_riscv_ram/libfreertos_riscv_ram.a(tasks.o)
                0x0000000023007c6c                xTaskResumeAll
 .text.vTaskDelay
                0x0000000023007dc0       0x42 /home/melody/work/BL602_Demo/bl_iot_sdk/customer_app/sdk_app_easyflash/build_out/freertos_riscv_ram/libfreertos_riscv_ram.a(tasks.o)
                0x0000000023007dc0                vTaskDelay
 .text.vTaskSwitchContext
                0x0000000023007e02       0xca /home/melody/work/BL602_Demo/bl_iot_sdk/customer_app/sdk_app_easyflash/build_out/freertos_riscv_ram/libfreertos_riscv_ram.a(tasks.o)
                0x0000000023007e02                vTaskSwitchContext
 .text.vTaskPlaceOnEventList
                0x0000000023007ecc       0x30 /home/melody/work/BL602_Demo/bl_iot_sdk/customer_app/sdk_app_easyflash/build_out/freertos_riscv_ram/libfreertos_riscv_ram.a(tasks.o)
                0x0000000023007ecc                vTaskPlaceOnEventList
 .text.vTaskPlaceOnEventListRestricted
                0x0000000023007efc       0x3a /home/melody/work/BL602_Demo/bl_iot_sdk/customer_app/sdk_app_easyflash/build_out/freertos_riscv_ram/libfreertos_riscv_ram.a(tasks.o)
                0x0000000023007efc                vTaskPlaceOnEventListRestricted
 .text.xTaskRemoveFromEventList
                0x0000000023007f36       0x98 /home/melody/work/BL602_Demo/bl_iot_sdk/customer_app/sdk_app_easyflash/build_out/freertos_riscv_ram/libfreertos_riscv_ram.a(tasks.o)
                0x0000000023007f36                xTaskRemoveFromEventList
 .text.vTaskInternalSetTimeOutState
                0x0000000023007fce       0x16 /home/melody/work/BL602_Demo/bl_iot_sdk/customer_app/sdk_app_easyflash/build_out/freertos_riscv_ram/libfreertos_riscv_ram.a(tasks.o)
                0x0000000023007fce                vTaskInternalSetTimeOutState
 .text.xTaskCheckForTimeOut
                0x0000000023007fe4       0xb2 /home/melody/work/BL602_Demo/bl_iot_sdk/customer_app/sdk_app_easyflash/build_out/freertos_riscv_ram/libfreertos_riscv_ram.a(tasks.o)
                0x0000000023007fe4                xTaskCheckForTimeOut
 .text.vTaskMissedYield
                0x0000000023008096        0xc /home/melody/work/BL602_Demo/bl_iot_sdk/customer_app/sdk_app_easyflash/build_out/freertos_riscv_ram/libfreertos_riscv_ram.a(tasks.o)
                0x0000000023008096                vTaskMissedYield
 .text.vTaskGetInfo
                0x00000000230080a2       0xd6 /home/melody/work/BL602_Demo/bl_iot_sdk/customer_app/sdk_app_easyflash/build_out/freertos_riscv_ram/libfreertos_riscv_ram.a(tasks.o)
                0x00000000230080a2                vTaskGetInfo
 .text.prvListTasksWithinSingleList.part.11
                0x0000000023008178       0x8a /home/melody/work/BL602_Demo/bl_iot_sdk/customer_app/sdk_app_easyflash/build_out/freertos_riscv_ram/libfreertos_riscv_ram.a(tasks.o)
 .text.uxTaskGetSystemState
                0x0000000023008202      0x114 /home/melody/work/BL602_Demo/bl_iot_sdk/customer_app/sdk_app_easyflash/build_out/freertos_riscv_ram/libfreertos_riscv_ram.a(tasks.o)
                0x0000000023008202                uxTaskGetSystemState
 .text.xTaskGetCurrentTaskHandle
                0x0000000023008316        0xa /home/melody/work/BL602_Demo/bl_iot_sdk/customer_app/sdk_app_easyflash/build_out/freertos_riscv_ram/libfreertos_riscv_ram.a(tasks.o)
                0x0000000023008316                xTaskGetCurrentTaskHandle
 .text.xTaskGetSchedulerState
                0x0000000023008320       0x1c /home/melody/work/BL602_Demo/bl_iot_sdk/customer_app/sdk_app_easyflash/build_out/freertos_riscv_ram/libfreertos_riscv_ram.a(tasks.o)
                0x0000000023008320                xTaskGetSchedulerState
 .text.xTaskPriorityInherit
                0x000000002300833c       0xe2 /home/melody/work/BL602_Demo/bl_iot_sdk/customer_app/sdk_app_easyflash/build_out/freertos_riscv_ram/libfreertos_riscv_ram.a(tasks.o)
                0x000000002300833c                xTaskPriorityInherit
 .text.xTaskPriorityDisinherit
                0x000000002300841e       0xd8 /home/melody/work/BL602_Demo/bl_iot_sdk/customer_app/sdk_app_easyflash/build_out/freertos_riscv_ram/libfreertos_riscv_ram.a(tasks.o)
                0x000000002300841e                xTaskPriorityDisinherit
 .text.vTaskPriorityDisinheritAfterTimeout
                0x00000000230084f6      0x106 /home/melody/work/BL602_Demo/bl_iot_sdk/customer_app/sdk_app_easyflash/build_out/freertos_riscv_ram/libfreertos_riscv_ram.a(tasks.o)
                0x00000000230084f6                vTaskPriorityDisinheritAfterTimeout
 .text.vTaskEnterCritical
                0x00000000230085fc       0x14 /home/melody/work/BL602_Demo/bl_iot_sdk/customer_app/sdk_app_easyflash/build_out/freertos_riscv_ram/libfreertos_riscv_ram.a(tasks.o)
                0x00000000230085fc                vTaskEnterCritical
 .text.vTaskExitCritical
                0x0000000023008610       0x1c /home/melody/work/BL602_Demo/bl_iot_sdk/customer_app/sdk_app_easyflash/build_out/freertos_riscv_ram/libfreertos_riscv_ram.a(tasks.o)
                0x0000000023008610                vTaskExitCritical
 .text.vTaskList
                0x000000002300862c       0xfe /home/melody/work/BL602_Demo/bl_iot_sdk/customer_app/sdk_app_easyflash/build_out/freertos_riscv_ram/libfreertos_riscv_ram.a(tasks.o)
                0x000000002300862c                vTaskList
 .text.pvTaskIncrementMutexHeldCount
                0x000000002300872a       0x18 /home/melody/work/BL602_Demo/bl_iot_sdk/customer_app/sdk_app_easyflash/build_out/freertos_riscv_ram/libfreertos_riscv_ram.a(tasks.o)
                0x000000002300872a                pvTaskIncrementMutexHeldCount
 .text.ulTaskNotifyTake
                0x0000000023008742       0xa6 /home/melody/work/BL602_Demo/bl_iot_sdk/customer_app/sdk_app_easyflash/build_out/freertos_riscv_ram/libfreertos_riscv_ram.a(tasks.o)
                0x0000000023008742                ulTaskNotifyTake
 .text.vTaskNotifyGiveFromISR
                0x00000000230087e8       0xc0 /home/melody/work/BL602_Demo/bl_iot_sdk/customer_app/sdk_app_easyflash/build_out/freertos_riscv_ram/libfreertos_riscv_ram.a(tasks.o)
                0x00000000230087e8                vTaskNotifyGiveFromISR
 .text.prvCheckForValidListAndQueue
                0x00000000230088a8       0x84 /home/melody/work/BL602_Demo/bl_iot_sdk/customer_app/sdk_app_easyflash/build_out/freertos_riscv_ram/libfreertos_riscv_ram.a(timers.o)
 .text.prvInsertTimerInActiveList
                0x000000002300892c       0x58 /home/melody/work/BL602_Demo/bl_iot_sdk/customer_app/sdk_app_easyflash/build_out/freertos_riscv_ram/libfreertos_riscv_ram.a(timers.o)
 .text.xTimerCreateTimerTask
                0x0000000023008984       0x5c /home/melody/work/BL602_Demo/bl_iot_sdk/customer_app/sdk_app_easyflash/build_out/freertos_riscv_ram/libfreertos_riscv_ram.a(timers.o)
                0x0000000023008984                xTimerCreateTimerTask
 .text.xTimerGenericCommand
                0x00000000230089e0       0x94 /home/melody/work/BL602_Demo/bl_iot_sdk/customer_app/sdk_app_easyflash/build_out/freertos_riscv_ram/libfreertos_riscv_ram.a(timers.o)
                0x00000000230089e0                xTimerGenericCommand
 .text.prvSwitchTimerLists
                0x0000000023008a74       0x8a /home/melody/work/BL602_Demo/bl_iot_sdk/customer_app/sdk_app_easyflash/build_out/freertos_riscv_ram/libfreertos_riscv_ram.a(timers.o)
 .text.prvTimerTask
                0x0000000023008afe      0x1f2 /home/melody/work/BL602_Demo/bl_iot_sdk/customer_app/sdk_app_easyflash/build_out/freertos_riscv_ram/libfreertos_riscv_ram.a(timers.o)
 .text.vPortSetupTimerInterrupt
                0x0000000023008cf0       0x4a /home/melody/work/BL602_Demo/bl_iot_sdk/customer_app/sdk_app_easyflash/build_out/freertos_riscv_ram/libfreertos_riscv_ram.a(port.o)
                0x0000000023008cf0                vPortSetupTimerInterrupt
 .text.xPortStartScheduler
                0x0000000023008d3a       0x40 /home/melody/work/BL602_Demo/bl_iot_sdk/customer_app/sdk_app_easyflash/build_out/freertos_riscv_ram/libfreertos_riscv_ram.a(port.o)
                0x0000000023008d3a                xPortStartScheduler
 *fill*         0x0000000023008d7a       0x86 
 .text          0x0000000023008e00      0x538 /home/melody/work/BL602_Demo/bl_iot_sdk/customer_app/sdk_app_easyflash/build_out/freertos_riscv_ram/libfreertos_riscv_ram.a(portASM.o)
                0x0000000023008e00                freertos_risc_v_trap_handler
                0x0000000023009100                xPortStartFirstTask
                0x0000000023009200                pxPortInitialiseStack
 .text.prvInsertBlockIntoFreeList
                0x0000000023009338       0x52 /home/melody/work/BL602_Demo/bl_iot_sdk/customer_app/sdk_app_easyflash/build_out/freertos_riscv_ram/libfreertos_riscv_ram.a(heap_5.o)
 .text.pvPortMalloc
                0x000000002300938a       0xe8 /home/melody/work/BL602_Demo/bl_iot_sdk/customer_app/sdk_app_easyflash/build_out/freertos_riscv_ram/libfreertos_riscv_ram.a(heap_5.o)
                0x000000002300938a                pvPortMalloc
 .text.vPortFree
                0x0000000023009472       0x92 /home/melody/work/BL602_Demo/bl_iot_sdk/customer_app/sdk_app_easyflash/build_out/freertos_riscv_ram/libfreertos_riscv_ram.a(heap_5.o)
                0x0000000023009472                vPortFree
 .text.xPortGetFreeHeapSize
                0x0000000023009504        0xa /home/melody/work/BL602_Demo/bl_iot_sdk/customer_app/sdk_app_easyflash/build_out/freertos_riscv_ram/libfreertos_riscv_ram.a(heap_5.o)
                0x0000000023009504                xPortGetFreeHeapSize
 .text.vPortDefineHeapRegions
                0x000000002300950e      0x104 /home/melody/work/BL602_Demo/bl_iot_sdk/customer_app/sdk_app_easyflash/build_out/freertos_riscv_ram/libfreertos_riscv_ram.a(heap_5.o)
                0x000000002300950e                vPortDefineHeapRegions
 .text.vListInitialise
                0x0000000023009612       0x14 /home/melody/work/BL602_Demo/bl_iot_sdk/customer_app/sdk_app_easyflash/build_out/freertos_riscv_ram/libfreertos_riscv_ram.a(list.o)
                0x0000000023009612                vListInitialise
 .text.vListInitialiseItem
                0x0000000023009626        0x6 /home/melody/work/BL602_Demo/bl_iot_sdk/customer_app/sdk_app_easyflash/build_out/freertos_riscv_ram/libfreertos_riscv_ram.a(list.o)
                0x0000000023009626                vListInitialiseItem
 .text.vListInsertEnd
                0x000000002300962c       0x16 /home/melody/work/BL602_Demo/bl_iot_sdk/customer_app/sdk_app_easyflash/build_out/freertos_riscv_ram/libfreertos_riscv_ram.a(list.o)
                0x000000002300962c                vListInsertEnd
 .text.vListInsert
                0x0000000023009642       0x30 /home/melody/work/BL602_Demo/bl_iot_sdk/customer_app/sdk_app_easyflash/build_out/freertos_riscv_ram/libfreertos_riscv_ram.a(list.o)
                0x0000000023009642                vListInsert
 .text.uxListRemove
                0x0000000023009672       0x32 /home/melody/work/BL602_Demo/bl_iot_sdk/customer_app/sdk_app_easyflash/build_out/freertos_riscv_ram/libfreertos_riscv_ram.a(list.o)
                0x0000000023009672                uxListRemove
 .text.bl_uart_init
                0x00000000230096a4       0xec /home/melody/work/BL602_Demo/bl_iot_sdk/customer_app/sdk_app_easyflash/build_out/hal_drv/libhal_drv.a(bl_uart.o)
                0x00000000230096a4                bl_uart_init
 .text.bl_uart_data_send
                0x0000000023009790       0x36 /home/melody/work/BL602_Demo/bl_iot_sdk/customer_app/sdk_app_easyflash/build_out/hal_drv/libhal_drv.a(bl_uart.o)
                0x0000000023009790                bl_uart_data_send
 .text.bl_uart_data_recv
                0x00000000230097c6       0x30 /home/melody/work/BL602_Demo/bl_iot_sdk/customer_app/sdk_app_easyflash/build_out/hal_drv/libhal_drv.a(bl_uart.o)
                0x00000000230097c6                bl_uart_data_recv
 .text.bl_uart_int_rx_enable
                0x00000000230097f6       0x2c /home/melody/work/BL602_Demo/bl_iot_sdk/customer_app/sdk_app_easyflash/build_out/hal_drv/libhal_drv.a(bl_uart.o)
                0x00000000230097f6                bl_uart_int_rx_enable
 .text.bl_uart_int_tx_enable
                0x0000000023009822       0x14 /home/melody/work/BL602_Demo/bl_iot_sdk/customer_app/sdk_app_easyflash/build_out/hal_drv/libhal_drv.a(bl_uart.o)
                0x0000000023009822                bl_uart_int_tx_enable
 .text.bl_uart_int_tx_disable
                0x0000000023009836       0x14 /home/melody/work/BL602_Demo/bl_iot_sdk/customer_app/sdk_app_easyflash/build_out/hal_drv/libhal_drv.a(bl_uart.o)
                0x0000000023009836                bl_uart_int_tx_disable
 .text.uart_generic_notify_handler
                0x000000002300984a      0x1d6 /home/melody/work/BL602_Demo/bl_iot_sdk/customer_app/sdk_app_easyflash/build_out/hal_drv/libhal_drv.a(bl_uart.o)
 .text.UART0_IRQHandler
                0x0000000023009a20        0x6 /home/melody/work/BL602_Demo/bl_iot_sdk/customer_app/sdk_app_easyflash/build_out/hal_drv/libhal_drv.a(bl_uart.o)
                0x0000000023009a20                UART0_IRQHandler
 .text.UART1_IRQHandler
                0x0000000023009a26        0x6 /home/melody/work/BL602_Demo/bl_iot_sdk/customer_app/sdk_app_easyflash/build_out/hal_drv/libhal_drv.a(bl_uart.o)
                0x0000000023009a26                UART1_IRQHandler
 .text.bl_uart_flush
                0x0000000023009a2c       0x24 /home/melody/work/BL602_Demo/bl_iot_sdk/customer_app/sdk_app_easyflash/build_out/hal_drv/libhal_drv.a(bl_uart.o)
                0x0000000023009a2c                bl_uart_flush
 .text.bl_uart_getdefconfig
                0x0000000023009a50        0x8 /home/melody/work/BL602_Demo/bl_iot_sdk/customer_app/sdk_app_easyflash/build_out/hal_drv/libhal_drv.a(bl_uart.o)
                0x0000000023009a50                bl_uart_getdefconfig
 .text.bl_uart_setconfig
                0x0000000023009a58       0x52 /home/melody/work/BL602_Demo/bl_iot_sdk/customer_app/sdk_app_easyflash/build_out/hal_drv/libhal_drv.a(bl_uart.o)
                0x0000000023009a58                bl_uart_setconfig
 .text.bl_uart_setbaud
                0x0000000023009aaa        0x6 /home/melody/work/BL602_Demo/bl_iot_sdk/customer_app/sdk_app_easyflash/build_out/hal_drv/libhal_drv.a(bl_uart.o)
                0x0000000023009aaa                bl_uart_setbaud
 .text.bl_uart_int_enable
                0x0000000023009ab0       0x7e /home/melody/work/BL602_Demo/bl_iot_sdk/customer_app/sdk_app_easyflash/build_out/hal_drv/libhal_drv.a(bl_uart.o)
                0x0000000023009ab0                bl_uart_int_enable
 .text.bl_uart_int_cb_notify_register
                0x0000000023009b2e       0x2e /home/melody/work/BL602_Demo/bl_iot_sdk/customer_app/sdk_app_easyflash/build_out/hal_drv/libhal_drv.a(bl_uart.o)
                0x0000000023009b2e                bl_uart_int_cb_notify_register
 .text.bl_uart_int_cb_notify_unregister
                0x0000000023009b5c       0x32 /home/melody/work/BL602_Demo/bl_iot_sdk/customer_app/sdk_app_easyflash/build_out/hal_drv/libhal_drv.a(bl_uart.o)
                0x0000000023009b5c                bl_uart_int_cb_notify_unregister
 .text.bl_chip_info
                0x0000000023009b8e       0xaa /home/melody/work/BL602_Demo/bl_iot_sdk/customer_app/sdk_app_easyflash/build_out/hal_drv/libhal_drv.a(bl_chip.o)
                0x0000000023009b8e                bl_chip_info
 .text.bl_chip_banner
                0x0000000023009c38        0xe /home/melody/work/BL602_Demo/bl_iot_sdk/customer_app/sdk_app_easyflash/build_out/hal_drv/libhal_drv.a(bl_chip.o)
                0x0000000023009c38                bl_chip_banner
 .text.bl_chip_memory_ram
                0x0000000023009c46       0x9a /home/melody/work/BL602_Demo/bl_iot_sdk/customer_app/sdk_app_easyflash/build_out/hal_drv/libhal_drv.a(bl_chip.o)
                0x0000000023009c46                bl_chip_memory_ram
 .text.bl_sys_reset_por
                0x0000000023009ce0       0x14 /home/melody/work/BL602_Demo/bl_iot_sdk/customer_app/sdk_app_easyflash/build_out/hal_drv/libhal_drv.a(bl_sys.o)
                0x0000000023009ce0                bl_sys_reset_por
 .text.bl_sys_reset_system
                0x0000000023009cf4        0x8 /home/melody/work/BL602_Demo/bl_iot_sdk/customer_app/sdk_app_easyflash/build_out/hal_drv/libhal_drv.a(bl_sys.o)
                0x0000000023009cf4                bl_sys_reset_system
 .text.bl_sys_isxipaddr
                0x0000000023009cfc       0x18 /home/melody/work/BL602_Demo/bl_iot_sdk/customer_app/sdk_app_easyflash/build_out/hal_drv/libhal_drv.a(bl_sys.o)
                0x0000000023009cfc                bl_sys_isxipaddr
 .text.bl_dma_int_process
                0x0000000023009d14       0xa8 /home/melody/work/BL602_Demo/bl_iot_sdk/customer_app/sdk_app_easyflash/build_out/hal_drv/libhal_drv.a(bl_dma.o)
 .text.bl_dma_int_clear
                0x0000000023009dbc       0x32 /home/melody/work/BL602_Demo/bl_iot_sdk/customer_app/sdk_app_easyflash/build_out/hal_drv/libhal_drv.a(bl_dma.o)
                0x0000000023009dbc                bl_dma_int_clear
 .text.bl_dma_IRQHandler
                0x0000000023009dee       0x96 /home/melody/work/BL602_Demo/bl_iot_sdk/customer_app/sdk_app_easyflash/build_out/hal_drv/libhal_drv.a(bl_dma.o)
                0x0000000023009dee                bl_dma_IRQHandler
 .text.bl_dma_irq_register
                0x0000000023009e84      0x166 /home/melody/work/BL602_Demo/bl_iot_sdk/customer_app/sdk_app_easyflash/build_out/hal_drv/libhal_drv.a(bl_dma.o)
                0x0000000023009e84                bl_dma_irq_register
 .text.bl_dma_init
                0x0000000023009fea      0x128 /home/melody/work/BL602_Demo/bl_iot_sdk/customer_app/sdk_app_easyflash/build_out/hal_drv/libhal_drv.a(bl_dma.o)
                0x0000000023009fea                bl_dma_init
 .text._irq_num_check.part.0
                0x000000002300a112       0x5e /home/melody/work/BL602_Demo/bl_iot_sdk/customer_app/sdk_app_easyflash/build_out/hal_drv/libhal_drv.a(bl_irq.o)
 .text.bl_irq_enable
                0x000000002300a170       0x12 /home/melody/work/BL602_Demo/bl_iot_sdk/customer_app/sdk_app_easyflash/build_out/hal_drv/libhal_drv.a(bl_irq.o)
                0x000000002300a170                bl_irq_enable
 .text.bl_irq_register_with_ctx
                0x000000002300a182      0x126 /home/melody/work/BL602_Demo/bl_iot_sdk/customer_app/sdk_app_easyflash/build_out/hal_drv/libhal_drv.a(bl_irq.o)
                0x000000002300a182                bl_irq_register_with_ctx
 .text.bl_irq_ctx_get
                0x000000002300a2a8       0x26 /home/melody/work/BL602_Demo/bl_iot_sdk/customer_app/sdk_app_easyflash/build_out/hal_drv/libhal_drv.a(bl_irq.o)
                0x000000002300a2a8                bl_irq_ctx_get
 .text.bl_irq_register
                0x000000002300a2ce        0x6 /home/melody/work/BL602_Demo/bl_iot_sdk/customer_app/sdk_app_easyflash/build_out/hal_drv/libhal_drv.a(bl_irq.o)
                0x000000002300a2ce                bl_irq_register
 .text.interrupt_entry
                0x000000002300a2d4       0x4e /home/melody/work/BL602_Demo/bl_iot_sdk/customer_app/sdk_app_easyflash/build_out/hal_drv/libhal_drv.a(bl_irq.o)
                0x000000002300a2d4                interrupt_entry
 .text.exception_entry
                0x000000002300a322      0x140 /home/melody/work/BL602_Demo/bl_iot_sdk/customer_app/sdk_app_easyflash/build_out/hal_drv/libhal_drv.a(bl_irq.o)
                0x000000002300a322                exception_entry
 .text.bl_irq_init
                0x000000002300a462       0x3e /home/melody/work/BL602_Demo/bl_iot_sdk/customer_app/sdk_app_easyflash/build_out/hal_drv/libhal_drv.a(bl_irq.o)
                0x000000002300a462                bl_irq_init
 .text._trng_trigger
                0x000000002300a4a0       0x2c /home/melody/work/BL602_Demo/bl_iot_sdk/customer_app/sdk_app_easyflash/build_out/hal_drv/libhal_drv.a(bl_sec.o)
 .text.wait_trng4feed
                0x000000002300a4cc       0xc2 /home/melody/work/BL602_Demo/bl_iot_sdk/customer_app/sdk_app_easyflash/build_out/hal_drv/libhal_drv.a(bl_sec.o)
 .text.sec_trng_IRQHandler
                0x000000002300a58e       0xcc /home/melody/work/BL602_Demo/bl_iot_sdk/customer_app/sdk_app_easyflash/build_out/hal_drv/libhal_drv.a(bl_sec.o)
                0x000000002300a58e                sec_trng_IRQHandler
 .text.bl_sec_get_random_word
                0x000000002300a65a       0x3e /home/melody/work/BL602_Demo/bl_iot_sdk/customer_app/sdk_app_easyflash/build_out/hal_drv/libhal_drv.a(bl_sec.o)
                0x000000002300a65a                bl_sec_get_random_word
 .text.bl_rand  0x000000002300a698       0x32 /home/melody/work/BL602_Demo/bl_iot_sdk/customer_app/sdk_app_easyflash/build_out/hal_drv/libhal_drv.a(bl_sec.o)
                0x000000002300a698                bl_rand
 .text.bl_sec_init
                0x000000002300a6ca       0x46 /home/melody/work/BL602_Demo/bl_iot_sdk/customer_app/sdk_app_easyflash/build_out/hal_drv/libhal_drv.a(bl_sec.o)
                0x000000002300a6ca                bl_sec_init
 .text.bl_sec_test
                0x000000002300a710       0x48 /home/melody/work/BL602_Demo/bl_iot_sdk/customer_app/sdk_app_easyflash/build_out/hal_drv/libhal_drv.a(bl_sec.o)
                0x000000002300a710                bl_sec_test
 .text.dev_uart_init
                0x000000002300a758      0x28e /home/melody/work/BL602_Demo/bl_iot_sdk/customer_app/sdk_app_easyflash/build_out/hal_drv/libhal_drv.a(hal_uart.o)
 .text.hal_uart_send_trigger
                0x000000002300a9e6       0x14 /home/melody/work/BL602_Demo/bl_iot_sdk/customer_app/sdk_app_easyflash/build_out/hal_drv/libhal_drv.a(hal_uart.o)
                0x000000002300a9e6                hal_uart_send_trigger
 .text.hal_uart_init
                0x000000002300a9fa       0x6a /home/melody/work/BL602_Demo/bl_iot_sdk/customer_app/sdk_app_easyflash/build_out/hal_drv/libhal_drv.a(hal_uart.o)
                0x000000002300a9fa                hal_uart_init
 .text.hal_uart_recv_II
                0x000000002300aa64       0x42 /home/melody/work/BL602_Demo/bl_iot_sdk/customer_app/sdk_app_easyflash/build_out/hal_drv/libhal_drv.a(hal_uart.o)
                0x000000002300aa64                hal_uart_recv_II
 .text.hal_uart_finalize
                0x000000002300aaa6       0x14 /home/melody/work/BL602_Demo/bl_iot_sdk/customer_app/sdk_app_easyflash/build_out/hal_drv/libhal_drv.a(hal_uart.o)
                0x000000002300aaa6                hal_uart_finalize
 .text.hal_uart_notify_register
                0x000000002300aaba       0x16 /home/melody/work/BL602_Demo/bl_iot_sdk/customer_app/sdk_app_easyflash/build_out/hal_drv/libhal_drv.a(hal_uart.o)
                0x000000002300aaba                hal_uart_notify_register
 .text.hal_uart_notify_unregister
                0x000000002300aad0       0x16 /home/melody/work/BL602_Demo/bl_iot_sdk/customer_app/sdk_app_easyflash/build_out/hal_drv/libhal_drv.a(hal_uart.o)
                0x000000002300aad0                hal_uart_notify_unregister
 .text.vfs_uart_init
                0x000000002300aae6      0x728 /home/melody/work/BL602_Demo/bl_iot_sdk/customer_app/sdk_app_easyflash/build_out/hal_drv/libhal_drv.a(hal_uart.o)
                0x000000002300aae6                vfs_uart_init
 .text.hal_uart_send_flush
                0x000000002300b20e       0x14 /home/melody/work/BL602_Demo/bl_iot_sdk/customer_app/sdk_app_easyflash/build_out/hal_drv/libhal_drv.a(hal_uart.o)
                0x000000002300b20e                hal_uart_send_flush
 .text.hal_uart_setbaud
                0x000000002300b222        0x8 /home/melody/work/BL602_Demo/bl_iot_sdk/customer_app/sdk_app_easyflash/build_out/hal_drv/libhal_drv.a(hal_uart.o)
                0x000000002300b222                hal_uart_setbaud
 .text.hal_uart_setconfig
                0x000000002300b22a        0x8 /home/melody/work/BL602_Demo/bl_iot_sdk/customer_app/sdk_app_easyflash/build_out/hal_drv/libhal_drv.a(hal_uart.o)
                0x000000002300b22a                hal_uart_setconfig
 .text.hal_reboot
                0x000000002300b232        0x4 /home/melody/work/BL602_Demo/bl_iot_sdk/customer_app/sdk_app_easyflash/build_out/hal_drv/libhal_drv.a(hal_sys.o)
                0x000000002300b232                hal_reboot
 .text.hal_sys_reset
                0x000000002300b236        0x4 /home/melody/work/BL602_Demo/bl_iot_sdk/customer_app/sdk_app_easyflash/build_out/hal_drv/libhal_drv.a(hal_sys.o)
                0x000000002300b236                hal_sys_reset
 .text.hal_poweroff
                0x000000002300b23a        0x2 /home/melody/work/BL602_Demo/bl_iot_sdk/customer_app/sdk_app_easyflash/build_out/hal_drv/libhal_drv.a(hal_sys.o)
                0x000000002300b23a                hal_poweroff
 .text.hal_board_get_factory_addr
                0x000000002300b23c        0xa /home/melody/work/BL602_Demo/bl_iot_sdk/customer_app/sdk_app_easyflash/build_out/hal_drv/libhal_drv.a(hal_board.o)
                0x000000002300b23c                hal_board_get_factory_addr
 .text.hal_board_cfg
                0x000000002300b246      0x19c /home/melody/work/BL602_Demo/bl_iot_sdk/customer_app/sdk_app_easyflash/build_out/hal_drv/libhal_drv.a(hal_board.o)
                0x000000002300b246                hal_board_cfg
 .text.bl_rtc_get_counter
                0x000000002300b3e2       0x16 /home/melody/work/BL602_Demo/bl_iot_sdk/customer_app/sdk_app_easyflash/build_out/hal_drv/libhal_drv.a(bl_rtc.o)
                0x000000002300b3e2                bl_rtc_get_counter
 .text.bl_rtc_get_timestamp_ms
                0x000000002300b3f8       0x50 /home/melody/work/BL602_Demo/bl_iot_sdk/customer_app/sdk_app_easyflash/build_out/hal_drv/libhal_drv.a(bl_rtc.o)
                0x000000002300b3f8                bl_rtc_get_timestamp_ms
 .text.utils_list_init
                0x000000002300b448        0xa /home/melody/work/BL602_Demo/bl_iot_sdk/customer_app/sdk_app_easyflash/build_out/utils/libutils.a(utils_list.o)
                0x000000002300b448                utils_list_init
 .text.utils_list_pop_front
                0x000000002300b452        0xc /home/melody/work/BL602_Demo/bl_iot_sdk/customer_app/sdk_app_easyflash/build_out/utils/libutils.a(utils_list.o)
                0x000000002300b452                utils_list_pop_front
 .text.utils_hexdump
                0x000000002300b45e       0xf0 /home/melody/work/BL602_Demo/bl_iot_sdk/customer_app/sdk_app_easyflash/build_out/utils/libutils.a(utils_hexdump.o)
                0x000000002300b45e                utils_hexdump
 .text.utils_time_date_from_epoch
                0x000000002300b54e      0x140 /home/melody/work/BL602_Demo/bl_iot_sdk/customer_app/sdk_app_easyflash/build_out/utils/libutils.a(utils_time.o)
                0x000000002300b54e                utils_time_date_from_epoch
 .text.aos_register_driver
                0x000000002300b68e       0x88 /home/melody/work/BL602_Demo/bl_iot_sdk/customer_app/sdk_app_easyflash/build_out/vfs/libvfs.a(vfs_register.o)
                0x000000002300b68e                aos_register_driver
 .text.vfs_uart_notify
                0x000000002300b716       0x26 /home/melody/work/BL602_Demo/bl_iot_sdk/customer_app/sdk_app_easyflash/build_out/vfs/libvfs.a(vfs_uart.o)
                0x000000002300b716                vfs_uart_notify
 .text.vfs_uart_open
                0x000000002300b73c       0x3a /home/melody/work/BL602_Demo/bl_iot_sdk/customer_app/sdk_app_easyflash/build_out/vfs/libvfs.a(vfs_uart.o)
                0x000000002300b73c                vfs_uart_open
 .text.vfs_uart_close
                0x000000002300b776       0x40 /home/melody/work/BL602_Demo/bl_iot_sdk/customer_app/sdk_app_easyflash/build_out/vfs/libvfs.a(vfs_uart.o)
                0x000000002300b776                vfs_uart_close
 .text.vfs_uart_read
                0x000000002300b7b6       0xe0 /home/melody/work/BL602_Demo/bl_iot_sdk/customer_app/sdk_app_easyflash/build_out/vfs/libvfs.a(vfs_uart.o)
                0x000000002300b7b6                vfs_uart_read
 .text.vfs_uart_poll
                0x000000002300b896       0xaa /home/melody/work/BL602_Demo/bl_iot_sdk/customer_app/sdk_app_easyflash/build_out/vfs/libvfs.a(vfs_uart.o)
                0x000000002300b896                vfs_uart_poll
 .text.vfs_uart_write
                0x000000002300b940       0x5c /home/melody/work/BL602_Demo/bl_iot_sdk/customer_app/sdk_app_easyflash/build_out/vfs/libvfs.a(vfs_uart.o)
                0x000000002300b940                vfs_uart_write
 .text.vfs_uart_sync
                0x000000002300b99c       0x40 /home/melody/work/BL602_Demo/bl_iot_sdk/customer_app/sdk_app_easyflash/build_out/vfs/libvfs.a(vfs_uart.o)
                0x000000002300b99c                vfs_uart_sync
 .text.uart_notify
                0x000000002300b9dc       0x56 /home/melody/work/BL602_Demo/bl_iot_sdk/customer_app/sdk_app_easyflash/build_out/vfs/libvfs.a(vfs_uart.o)
 .text.uart_ioctl_cmd_waimode
                0x000000002300ba32       0xee /home/melody/work/BL602_Demo/bl_iot_sdk/customer_app/sdk_app_easyflash/build_out/vfs/libvfs.a(vfs_uart.o)
                0x000000002300ba32                uart_ioctl_cmd_waimode
 .text.uart_ioctl_cmd_setconfig
                0x000000002300bb20       0x2a /home/melody/work/BL602_Demo/bl_iot_sdk/customer_app/sdk_app_easyflash/build_out/vfs/libvfs.a(vfs_uart.o)
                0x000000002300bb20                uart_ioctl_cmd_setconfig
 .text.vfs_uart_ioctl
                0x000000002300bb4a       0x92 /home/melody/work/BL602_Demo/bl_iot_sdk/customer_app/sdk_app_easyflash/build_out/vfs/libvfs.a(vfs_uart.o)
                0x000000002300bb4a                vfs_uart_ioctl
 .text.UART_Init
                0x000000002300bbdc       0xf4 /home/melody/work/BL602_Demo/bl_iot_sdk/customer_app/sdk_app_easyflash/build_out/bl602_std/libbl602_std.a(bl602_uart.o)
                0x000000002300bbdc                UART_Init
 .text.UART_FifoConfig
                0x000000002300bcd0       0x6a /home/melody/work/BL602_Demo/bl_iot_sdk/customer_app/sdk_app_easyflash/build_out/bl602_std/libbl602_std.a(bl602_uart.o)
                0x000000002300bcd0                UART_FifoConfig
 .text.UART_Enable
                0x000000002300bd3a       0x34 /home/melody/work/BL602_Demo/bl_iot_sdk/customer_app/sdk_app_easyflash/build_out/bl602_std/libbl602_std.a(bl602_uart.o)
                0x000000002300bd3a                UART_Enable
 .text.UART_Disable
                0x000000002300bd6e       0x30 /home/melody/work/BL602_Demo/bl_iot_sdk/customer_app/sdk_app_easyflash/build_out/bl602_std/libbl602_std.a(bl602_uart.o)
                0x000000002300bd6e                UART_Disable
 .text.UART_SetRxTimeoutValue
                0x000000002300bd9e       0x1e /home/melody/work/BL602_Demo/bl_iot_sdk/customer_app/sdk_app_easyflash/build_out/bl602_std/libbl602_std.a(bl602_uart.o)
                0x000000002300bd9e                UART_SetRxTimeoutValue
 .text.UART_TxFreeRun
                0x000000002300bdbc       0x24 /home/melody/work/BL602_Demo/bl_iot_sdk/customer_app/sdk_app_easyflash/build_out/bl602_std/libbl602_std.a(bl602_uart.o)
                0x000000002300bdbc                UART_TxFreeRun
 .text.UART_IntMask
                0x000000002300bde0       0x3e /home/melody/work/BL602_Demo/bl_iot_sdk/customer_app/sdk_app_easyflash/build_out/bl602_std/libbl602_std.a(bl602_uart.o)
                0x000000002300bde0                UART_IntMask
 .text.UART_GetTxFifoCount
                0x000000002300be1e       0x18 /home/melody/work/BL602_Demo/bl_iot_sdk/customer_app/sdk_app_easyflash/build_out/bl602_std/libbl602_std.a(bl602_uart.o)
                0x000000002300be1e                UART_GetTxFifoCount
 .text.UART_SendData
                0x000000002300be36       0x72 /home/melody/work/BL602_Demo/bl_iot_sdk/customer_app/sdk_app_easyflash/build_out/bl602_std/libbl602_std.a(bl602_uart.o)
                0x000000002300be36                UART_SendData
 .text.UART_GetRxFifoCount
                0x000000002300bea8       0x1a /home/melody/work/BL602_Demo/bl_iot_sdk/customer_app/sdk_app_easyflash/build_out/bl602_std/libbl602_std.a(bl602_uart.o)
                0x000000002300bea8                UART_GetRxFifoCount
 .text.DMA_Enable
                0x000000002300bec2        0xe /home/melody/work/BL602_Demo/bl_iot_sdk/customer_app/sdk_app_easyflash/build_out/bl602_std/libbl602_std.a(bl602_dma.o)
                0x000000002300bec2                DMA_Enable
 .text.DMA_Channel_Enable
                0x000000002300bed0       0x16 /home/melody/work/BL602_Demo/bl_iot_sdk/customer_app/sdk_app_easyflash/build_out/bl602_std/libbl602_std.a(bl602_dma.o)
                0x000000002300bed0                DMA_Channel_Enable
 .text.DMA_LLI_Init
                0x000000002300bee6       0x36 /home/melody/work/BL602_Demo/bl_iot_sdk/customer_app/sdk_app_easyflash/build_out/bl602_std/libbl602_std.a(bl602_dma.o)
                0x000000002300bee6                DMA_LLI_Init
 .text.DMA_LLI_Update
                0x000000002300bf1c       0x16 /home/melody/work/BL602_Demo/bl_iot_sdk/customer_app/sdk_app_easyflash/build_out/bl602_std/libbl602_std.a(bl602_dma.o)
                0x000000002300bf1c                DMA_LLI_Update
 .text.DMA_IntMask
                0x000000002300bf32       0x7c /home/melody/work/BL602_Demo/bl_iot_sdk/customer_app/sdk_app_easyflash/build_out/bl602_std/libbl602_std.a(bl602_dma.o)
                0x000000002300bf32                DMA_IntMask
 .text.Default_Handler_Stub
                0x000000002300bfae       0x9a /home/melody/work/BL602_Demo/bl_iot_sdk/customer_app/sdk_app_easyflash/build_out/bl602_std/libbl602_std.a(interrupt.o)
                0x000000002300bfae                HBN_OUT0_IRQHandler
                0x000000002300bfae                L1C_BMX_TO_IRQHandler
                0x000000002300bfae                IRTX_IRQHandler
                0x000000002300bfae                TIMER_CH0_IRQHandler
                0x000000002300bfae                SDIO_IRQHandler
                0x000000002300bfae                WIFI_IPC_PUBLIC_IRQHandler
                0x000000002300bfae                DMA_BMX_ERR_IRQHandler
                0x000000002300bfae                MAC_RX_TRG_IRQHandler
                0x000000002300bfae                EFUSE_IRQHandler
                0x000000002300bfae                TIMER_WDT_IRQHandler
                0x000000002300bfae                MAC_TXRX_TIMER_IRQHandler
                0x000000002300bfae                MAC_GEN_IRQHandler
                0x000000002300bfae                clic_csoft_handler
                0x000000002300bfae                BOR_IRQHandler
                0x000000002300bfae                MAC_PORT_TRG_IRQHandler
                0x000000002300bfae                SPI_IRQHandler
                0x000000002300bfae                HBN_OUT1_IRQHandler
                0x000000002300bfae                SEC_BMX_ERR_IRQHandler
                0x000000002300bfae                SF_CTRL_IRQHandler
                0x000000002300bfae                RF_TOP_INT0_IRQHandler
                0x000000002300bfae                MAC_TXRX_MISC_IRQHandler
                0x000000002300bfae                BZ_PHY_IRQHandler
                0x000000002300bfae                DMA_ALL_IRQHandler
                0x000000002300bfae                SEC_GMAC_IRQHandler
                0x000000002300bfae                BMX_ERR_IRQHandler
                0x000000002300bfae                SEC_PKA_IRQHandler
                0x000000002300bfae                TIMER_CH1_IRQHandler
                0x000000002300bfae                clic_msip_handler
                0x000000002300bfae                I2C_IRQHandler
                0x000000002300bfae                SEC_TRNG_IRQHandler
                0x000000002300bfae                GPIO_INT0_IRQHandler
                0x000000002300bfae                IRRX_IRQHandler
                0x000000002300bfae                L1C_BMX_ERR_IRQHandler
                0x000000002300bfae                BMX_TO_IRQHandler
                0x000000002300bfae                SEC_CDET_IRQHandler
                0x000000002300bfae                WIFI_IRQHandler